Archive member included to satisfy reference by file (symbol)

/opt/st/stm32cubeide_2.2.0/plugins/com.st.stm32cube.ide.mcu.externaltools.gnu-tools-for-stm32.14.3.rel1.linux64_1.0.100.202602081740/tools/bin/../lib/gcc/arm-none-eabi/14.3.1/../../../../arm-none-eabi/lib/thumb/v7e-m+fp/hard/libc_nano.a(libc_a-exit.o)
                              /opt/st/stm32cubeide_2.2.0/plugins/com.st.stm32cube.ide.mcu.externaltools.gnu-tools-for-stm32.14.3.rel1.linux64_1.0.100.202602081740/tools/bin/../lib/gcc/arm-none-eabi/14.3.1/../../../../arm-none-eabi/lib/thumb/v7e-m+fp/hard/crt0.o (exit)
/opt/st/stm32cubeide_2.2.0/plugins/com.st.stm32cube.ide.mcu.externaltools.gnu-tools-for-stm32.14.3.rel1.linux64_1.0.100.202602081740/tools/bin/../lib/gcc/arm-none-eabi/14.3.1/../../../../arm-none-eabi/lib/thumb/v7e-m+fp/hard/libc_nano.a(libc_a-findfp.o)
                              /opt/st/stm32cubeide_2.2.0/plugins/com.st.stm32cube.ide.mcu.externaltools.gnu-tools-for-stm32.14.3.rel1.linux64_1.0.100.202602081740/tools/bin/../lib/gcc/arm-none-eabi/14.3.1/../../../../arm-none-eabi/lib/thumb/v7e-m+fp/hard/libc_nano.a(libc_a-exit.o) (__stdio_exit_handler)
/opt/st/stm32cubeide_2.2.0/plugins/com.st.stm32cube.ide.mcu.externaltools.gnu-tools-for-stm32.14.3.rel1.linux64_1.0.100.202602081740/tools/bin/../lib/gcc/arm-none-eabi/14.3.1/../../../../arm-none-eabi/lib/thumb/v7e-m+fp/hard/libc_nano.a(libc_a-fwalk.o)
                              /opt/st/stm32cubeide_2.2.0/plugins/com.st.stm32cube.ide.mcu.externaltools.gnu-tools-for-stm32.14.3.rel1.linux64_1.0.100.202602081740/tools/bin/../lib/gcc/arm-none-eabi/14.3.1/../../../../arm-none-eabi/lib/thumb/v7e-m+fp/hard/libc_nano.a(libc_a-findfp.o) (_fwalk_sglue)
/opt/st/stm32cubeide_2.2.0/plugins/com.st.stm32cube.ide.mcu.externaltools.gnu-tools-for-stm32.14.3.rel1.linux64_1.0.100.202602081740/tools/bin/../lib/gcc/arm-none-eabi/14.3.1/../../../../arm-none-eabi/lib/thumb/v7e-m+fp/hard/libc_nano.a(libc_a-stdio.o)
                              /opt/st/stm32cubeide_2.2.0/plugins/com.st.stm32cube.ide.mcu.externaltools.gnu-tools-for-stm32.14.3.rel1.linux64_1.0.100.202602081740/tools/bin/../lib/gcc/arm-none-eabi/14.3.1/../../../../arm-none-eabi/lib/thumb/v7e-m+fp/hard/libc_nano.a(libc_a-findfp.o) (__sread)
/opt/st/stm32cubeide_2.2.0/plugins/com.st.stm32cube.ide.mcu.externaltools.gnu-tools-for-stm32.14.3.rel1.linux64_1.0.100.202602081740/tools/bin/../lib/gcc/arm-none-eabi/14.3.1/../../../../arm-none-eabi/lib/thumb/v7e-m+fp/hard/libc_nano.a(libc_a-memset.o)
                              /opt/st/stm32cubeide_2.2.0/plugins/com.st.stm32cube.ide.mcu.externaltools.gnu-tools-for-stm32.14.3.rel1.linux64_1.0.100.202602081740/tools/bin/../lib/gcc/arm-none-eabi/14.3.1/../../../../arm-none-eabi/lib/thumb/v7e-m+fp/hard/crt0.o (memset)
/opt/st/stm32cubeide_2.2.0/plugins/com.st.stm32cube.ide.mcu.externaltools.gnu-tools-for-stm32.14.3.rel1.linux64_1.0.100.202602081740/tools/bin/../lib/gcc/arm-none-eabi/14.3.1/../../../../arm-none-eabi/lib/thumb/v7e-m+fp/hard/libc_nano.a(libc_a-closer.o)
                              /opt/st/stm32cubeide_2.2.0/plugins/com.st.stm32cube.ide.mcu.externaltools.gnu-tools-for-stm32.14.3.rel1.linux64_1.0.100.202602081740/tools/bin/../lib/gcc/arm-none-eabi/14.3.1/../../../../arm-none-eabi/lib/thumb/v7e-m+fp/hard/libc_nano.a(libc_a-stdio.o) (_close_r)
/opt/st/stm32cubeide_2.2.0/plugins/com.st.stm32cube.ide.mcu.externaltools.gnu-tools-for-stm32.14.3.rel1.linux64_1.0.100.202602081740/tools/bin/../lib/gcc/arm-none-eabi/14.3.1/../../../../arm-none-eabi/lib/thumb/v7e-m+fp/hard/libc_nano.a(libc_a-reent.o)
                              /opt/st/stm32cubeide_2.2.0/plugins/com.st.stm32cube.ide.mcu.externaltools.gnu-tools-for-stm32.14.3.rel1.linux64_1.0.100.202602081740/tools/bin/../lib/gcc/arm-none-eabi/14.3.1/../../../../arm-none-eabi/lib/thumb/v7e-m+fp/hard/libc_nano.a(libc_a-closer.o) (errno)
/opt/st/stm32cubeide_2.2.0/plugins/com.st.stm32cube.ide.mcu.externaltools.gnu-tools-for-stm32.14.3.rel1.linux64_1.0.100.202602081740/tools/bin/../lib/gcc/arm-none-eabi/14.3.1/../../../../arm-none-eabi/lib/thumb/v7e-m+fp/hard/libc_nano.a(libc_a-impure.o)
                              /opt/st/stm32cubeide_2.2.0/plugins/com.st.stm32cube.ide.mcu.externaltools.gnu-tools-for-stm32.14.3.rel1.linux64_1.0.100.202602081740/tools/bin/../lib/gcc/arm-none-eabi/14.3.1/../../../../arm-none-eabi/lib/thumb/v7e-m+fp/hard/libc_nano.a(libc_a-reent.o) (_impure_ptr)
/opt/st/stm32cubeide_2.2.0/plugins/com.st.stm32cube.ide.mcu.externaltools.gnu-tools-for-stm32.14.3.rel1.linux64_1.0.100.202602081740/tools/bin/../lib/gcc/arm-none-eabi/14.3.1/../../../../arm-none-eabi/lib/thumb/v7e-m+fp/hard/libc_nano.a(libc_a-lseekr.o)
                              /opt/st/stm32cubeide_2.2.0/plugins/com.st.stm32cube.ide.mcu.externaltools.gnu-tools-for-stm32.14.3.rel1.linux64_1.0.100.202602081740/tools/bin/../lib/gcc/arm-none-eabi/14.3.1/../../../../arm-none-eabi/lib/thumb/v7e-m+fp/hard/libc_nano.a(libc_a-stdio.o) (_lseek_r)
[...]
Memory Configuration

Name             Origin             Length             Attributes
RAM              0x20000000         0x00018000         xrw
RAM2             0x10000000         0x00008000         xrw
FLASH            0x08000000         0x00100000         xr
*default*        0x00000000         0xffffffff

Linker script and memory map

LOAD /opt/st/stm32cubeide_2.2.0/plugins/com.st.stm32cube.ide.mcu.externaltools.gnu-tools-for-stm32.14.3.rel1.linux64_1.0.100.202602081740/tools/bin/../lib/gcc/arm-none-eabi/14.3.1/thumb/v7e-m+fp/hard/crti.o
LOAD /opt/st/stm32cubeide_2.2.0/plugins/com.st.stm32cube.ide.mcu.externaltools.gnu-tools-for-stm32.14.3.rel1.linux64_1.0.100.202602081740/tools/bin/../lib/gcc/arm-none-eabi/14.3.1/thumb/v7e-m+fp/hard/crtbegin.o
LOAD /opt/st/stm32cubeide_2.2.0/plugins/com.st.stm32cube.ide.mcu.externaltools.gnu-tools-for-stm32.14.3.rel1.linux64_1.0.100.202602081740/tools/bin/../lib/gcc/arm-none-eabi/14.3.1/../../../../arm-none-eabi/lib/thumb/v7e-m+fp/hard/crt0.o
LOAD ./Core/Src/can.o
LOAD ./Core/Src/can_lib.o
LOAD ./Core/Src/dma.o
LOAD ./Core/Src/freertos.o
LOAD ./Core/Src/gpio.o
LOAD ./Core/Src/main.o
LOAD ./Core/Src/stm32l4xx_hal_msp.o
LOAD ./Core/Src/stm32l4xx_hal_timebase_tim.o
LOAD ./Core/Src/stm32l4xx_it.o
LOAD ./Core/Src/syscalls.o
LOAD ./Core/Src/sysmem.o
LOAD ./Core/Src/system_stm32l4xx.o
LOAD ./Core/Src/task_can.o
LOAD ./Core/Src/task_uart_dma.o
LOAD ./Core/Src/usart.o
LOAD ./Core/Startup/startup_stm32l476rgtx.o
LOAD ./Drivers/BSP/STM32L4xx_Nucleo/stm32l4xx_nucleo.o
LOAD ./Drivers/STM32L4xx_HAL_Driver/Src/stm32l4xx_hal.o
LOAD ./Drivers/STM32L4xx_HAL_Driver/Src/stm32l4xx_hal_can.o
LOAD ./Drivers/STM32L4xx_HAL_Driver/Src/stm32l4xx_hal_cortex.o
LOAD ./Drivers/STM32L4xx_HAL_Driver/Src/stm32l4xx_hal_dma.o
LOAD ./Drivers/STM32L4xx_HAL_Driver/Src/stm32l4xx_hal_dma_ex.o
LOAD ./Drivers/STM32L4xx_HAL_Driver/Src/stm32l4xx_hal_exti.o
LOAD ./Drivers/STM32L4xx_HAL_Driver/Src/stm32l4xx_hal_flash.o
LOAD ./Drivers/STM32L4xx_HAL_Driver/Src/stm32l4xx_hal_flash_ex.o
LOAD ./Drivers/STM32L4xx_HAL_Driver/Src/stm32l4xx_hal_flash_ramfunc.o
LOAD ./Drivers/STM32L4xx_HAL_Driver/Src/stm32l4xx_hal_gpio.o
LOAD ./Drivers/STM32L4xx_HAL_Driver/Src/stm32l4xx_hal_i2c.o
LOAD ./Drivers/STM32L4xx_HAL_Driver/Src/stm32l4xx_hal_i2c_ex.o
LOAD ./Drivers/STM32L4xx_HAL_Driver/Src/stm32l4xx_hal_pwr.o
LOAD ./Drivers/STM32L4xx_HAL_Driver/Src/stm32l4xx_hal_pwr_ex.o
LOAD ./Drivers/STM32L4xx_HAL_Driver/Src/stm32l4xx_hal_rcc.o
LOAD ./Drivers/STM32L4xx_HAL_Driver/Src/stm32l4xx_hal_rcc_ex.o
LOAD ./Drivers/STM32L4xx_HAL_Driver/Src/stm32l4xx_hal_tim.o
LOAD ./Drivers/STM32L4xx_HAL_Driver/Src/stm32l4xx_hal_tim_ex.o
LOAD ./Drivers/STM32L4xx_HAL_Driver/Src/stm32l4xx_hal_uart.o
LOAD ./Drivers/STM32L4xx_HAL_Driver/Src/stm32l4xx_hal_uart_ex.o
LOAD ./Middlewares/Third_Party/FreeRTOS/Source/CMSIS_RTOS_V2/cmsis_os2.o
LOAD ./Middlewares/Third_Party/FreeRTOS/Source/croutine.o
LOAD ./Middlewares/Third_Party/FreeRTOS/Source/event_groups.o
LOAD ./Middlewares/Third_Party/FreeRTOS/Source/list.o
LOAD ./Middlewares/Third_Party/FreeRTOS/Source/queue.o
LOAD ./Middlewares/Third_Party/FreeRTOS/Source/stream_buffer.o
LOAD ./Middlewares/Third_Party/FreeRTOS/Source/tasks.o
LOAD ./Middlewares/Third_Party/FreeRTOS/Source/timers.o
LOAD ./Middlewares/Third_Party/FreeRTOS/Source/portable/GCC/ARM_CM4F/port.o
LOAD ./Middlewares/Third_Party/FreeRTOS/Source/portable/MemMang/heap_4.o
START GROUP
LOAD /opt/st/stm32cubeide_2.2.0/plugins/com.st.stm32cube.ide.mcu.externaltools.gnu-tools-for-stm32.14.3.rel1.linux64_1.0.100.202602081740/tools/bin/../lib/gcc/arm-none-eabi/14.3.1/../../../../arm-none-eabi/lib/thumb/v7e-m+fp/hard/libc_nano.a
LOAD /opt/st/stm32cubeide_2.2.0/plugins/com.st.stm32cube.ide.mcu.externaltools.gnu-tools-for-stm32.14.3.rel1.linux64_1.0.100.202602081740/tools/bin/../lib/gcc/arm-none-eabi/14.3.1/../../../../arm-none-eabi/lib/thumb/v7e-m+fp/hard/libm.a
END GROUP
START GROUP
LOAD /opt/st/stm32cubeide_2.2.0/plugins/com.st.stm32cube.ide.mcu.externaltools.gnu-tools-for-stm32.14.3.rel1.linux64_1.0.100.202602081740/tools/bin/../lib/gcc/arm-none-eabi/14.3.1/thumb/v7e-m+fp/hard/libgcc.a
LOAD /opt/st/stm32cubeide_2.2.0/plugins/com.st.stm32cube.ide.mcu.externaltools.gnu-tools-for-stm32.14.3.rel1.linux64_1.0.100.202602081740/tools/bin/../lib/gcc/arm-none-eabi/14.3.1/../../../../arm-none-eabi/lib/thumb/v7e-m+fp/hard/libc_nano.a
END GROUP
START GROUP
LOAD /opt/st/stm32cubeide_2.2.0/plugins/com.st.stm32cube.ide.mcu.externaltools.gnu-tools-for-stm32.14.3.rel1.linux64_1.0.100.202602081740/tools/bin/../lib/gcc/arm-none-eabi/14.3.1/thumb/v7e-m+fp/hard/libgcc.a
LOAD /opt/st/stm32cubeide_2.2.0/plugins/com.st.stm32cube.ide.mcu.externaltools.gnu-tools-for-stm32.14.3.rel1.linux64_1.0.100.202602081740/tools/bin/../lib/gcc/arm-none-eabi/14.3.1/../../../../arm-none-eabi/lib/thumb/v7e-m+fp/hard/libc_nano.a
LOAD /opt/st/stm32cubeide_2.2.0/plugins/com.st.stm32cube.ide.mcu.externaltools.gnu-tools-for-stm32.14.3.rel1.linux64_1.0.100.202602081740/tools/bin/../lib/gcc/arm-none-eabi/14.3.1/../../../../arm-none-eabi/lib/thumb/v7e-m+fp/hard/libnosys.a
END GROUP
START GROUP
LOAD /opt/st/stm32cubeide_2.2.0/plugins/com.st.stm32cube.ide.mcu.externaltools.gnu-tools-for-stm32.14.3.rel1.linux64_1.0.100.202602081740/tools/bin/../lib/gcc/arm-none-eabi/14.3.1/thumb/v7e-m+fp/hard/libgcc.a
LOAD /opt/st/stm32cubeide_2.2.0/plugins/com.st.stm32cube.ide.mcu.externaltools.gnu-tools-for-stm32.14.3.rel1.linux64_1.0.100.202602081740/tools/bin/../lib/gcc/arm-none-eabi/14.3.1/../../../../arm-none-eabi/lib/thumb/v7e-m+fp/hard/libc_nano.a
LOAD /opt/st/stm32cubeide_2.2.0/plugins/com.st.stm32cube.ide.mcu.externaltools.gnu-tools-for-stm32.14.3.rel1.linux64_1.0.100.202602081740/tools/bin/../lib/gcc/arm-none-eabi/14.3.1/../../../../arm-none-eabi/lib/thumb/v7e-m+fp/hard/libnosys.a
END GROUP
LOAD /opt/st/stm32cubeide_2.2.0/plugins/com.st.stm32cube.ide.mcu.externaltools.gnu-tools-for-stm32.14.3.rel1.linux64_1.0.100.202602081740/tools/bin/../lib/gcc/arm-none-eabi/14.3.1/thumb/v7e-m+fp/hard/crtend.o
LOAD /opt/st/stm32cubeide_2.2.0/plugins/com.st.stm32cube.ide.mcu.externaltools.gnu-tools-for-stm32.14.3.rel1.linux64_1.0.100.202602081740/tools/bin/../lib/gcc/arm-none-eabi/14.3.1/thumb/v7e-m+fp/hard/crtn.o
                0x20018000                        _estack = (ORIGIN (RAM) + LENGTH (RAM))
                0x00000200                        _Min_Heap_Size = 0x200
                0x00000400                        _Min_Stack_Size = 0x400

.isr_vector     0x08000000      0x188
                0x08000000                        . = ALIGN (0x4)
 *(.isr_vector)
 .isr_vector    0x08000000      0x188 ./Core/Startup/startup_stm32l476rgtx.o
                0x08000000                g_pfnVectors
                0x08000188                        . = ALIGN (0x4)

.text           0x08000190     0x8c84
                0x08000190                        . = ALIGN (0x4)
 *(.text)
 .text          0x08000190       0x40 /opt/st/stm32cubeide_2.2.0/plugins/com.st.stm32cube.ide.mcu.externaltools.gnu-tools-for-stm32.14.3.rel1.linux64_1.0.100.202602081740/tools/bin/../lib/gcc/arm-none-eabi/14.3.1/thumb/v7e-m+fp/hard/crtbegin.o
 .text          0x080001d0       0x30 /opt/st/stm32cubeide_2.2.0/plugins/com.st.stm32cube.ide.mcu.externaltools.gnu-tools-for-stm32.14.3.rel1.linux64_1.0.100.202602081740/tools/bin/../lib/gcc/arm-none-eabi/14.3.1/thumb/v7e-m+fp/hard/libgcc.a(_aeabi_uldivmod.o)
                0x080001d0                __aeabi_uldivmod
 .text          0x08000200      0x2f8 /opt/st/stm32cubeide_2.2.0/plugins/com.st.stm32cube.ide.mcu.externaltools.gnu-tools-for-stm32.14.3.rel1.linux64_1.0.100.202602081740/tools/bin/../lib/gcc/arm-none-eabi/14.3.1/thumb/v7e-m+fp/hard/libgcc.a(_udivmoddi4.o)
                0x08000200                __udivmoddi4
 .text          0x080004f8        0x4 /opt/st/stm32cubeide_2.2.0/plugins/com.st.stm32cube.ide.mcu.externaltools.gnu-tools-for-stm32.14.3.rel1.linux64_1.0.100.202602081740/tools/bin/../lib/gcc/arm-none-eabi/14.3.1/thumb/v7e-m+fp/hard/libgcc.a(_dvmd_tls.o)
                0x080004f8                __aeabi_ldiv0
                0x080004f8                __aeabi_idiv0
 *(.text*)
 .text.MX_CAN1_Init
                0x080004fc       0x6c ./Core/Src/can.o
                0x080004fc                MX_CAN1_Init
 .text.HAL_CAN_MspInit
                0x08000568       0xb8 ./Core/Src/can.o
                0x08000568                HAL_CAN_MspInit
 .text.Can_init
                0x08000620       0x58 ./Core/Src/can_lib.o
                0x08000620                Can_init
 .text.HAL_CAN_RxFifo0MsgPendingCallback
                0x08000678       0xc8 ./Core/Src/can_lib.o
                0x08000678                HAL_CAN_RxFifo0MsgPendingCallback
 .text.Can_Read_Data
                0x08000740       0x60 ./Core/Src/can_lib.o
                0x08000740                Can_Read_Data
 .text.Can_Send_Data
                0x080007a0       0x5c ./Core/Src/can_lib.o
                0x080007a0                Can_Send_Data
 .text.MX_DMA_Init
                0x080007fc       0x4c ./Core/Src/dma.o
                0x080007fc                MX_DMA_Init
 .text.MX_FREERTOS_Init
                0x08000848       0x88 ./Core/Src/freertos.o
                0x08000848                MX_FREERTOS_Init
 .text.StartDefaultTask
                0x080008d0       0x10 ./Core/Src/freertos.o
                0x080008d0                StartDefaultTask
 .text.MX_GPIO_Init
                0x080008e0       0x78 ./Core/Src/gpio.o
                0x080008e0                MX_GPIO_Init
 .text.main     0x08000958       0x3a ./Core/Src/main.o
                0x08000958                main
 .text.SystemClock_Config
                0x08000992       0xa2 ./Core/Src/main.o
                0x08000992                SystemClock_Config
 .text.HAL_TIM_PeriodElapsedCallback
                0x08000a34       0x24 ./Core/Src/main.o
                0x08000a34                HAL_TIM_PeriodElapsedCallback
 .text.Error_Handler
                0x08000a58        0xc ./Core/Src/main.o
                0x08000a58                Error_Handler
 .text.HAL_MspInit
                0x08000a64       0x50 ./Core/Src/stm32l4xx_hal_msp.o
                0x08000a64                HAL_MspInit
 .text.HAL_InitTick
                0x08000ab4       0xf4 ./Core/Src/stm32l4xx_hal_timebase_tim.o
                0x08000ab4                HAL_InitTick
 .text.NMI_Handler
                0x08000ba8        0x8 ./Core/Src/stm32l4xx_it.o
                0x08000ba8                NMI_Handler
 .text.HardFault_Handler
                0x08000bb0        0x8 ./Core/Src/stm32l4xx_it.o
                0x08000bb0                HardFault_Handler
 .text.MemManage_Handler
                0x08000bb8        0x8 ./Core/Src/stm32l4xx_it.o
                0x08000bb8                MemManage_Handler
 .text.BusFault_Handler
                0x08000bc0        0x8 ./Core/Src/stm32l4xx_it.o
                0x08000bc0                BusFault_Handler
 .text.UsageFault_Handler
                0x08000bc8        0x8 ./Core/Src/stm32l4xx_it.o
                0x08000bc8                UsageFault_Handler
 .text.DebugMon_Handler
                0x08000bd0        0xe ./Core/Src/stm32l4xx_it.o
                0x08000bd0                DebugMon_Handler
 *fill*         0x08000bde        0x2 
 .text.DMA1_Channel6_IRQHandler
                0x08000be0       0x14 ./Core/Src/stm32l4xx_it.o
                0x08000be0                DMA1_Channel6_IRQHandler
 .text.DMA1_Channel7_IRQHandler
                0x08000bf4       0x14 ./Core/Src/stm32l4xx_it.o
                0x08000bf4                DMA1_Channel7_IRQHandler
 .text.CAN1_TX_IRQHandler
                0x08000c08       0x14 ./Core/Src/stm32l4xx_it.o
                0x08000c08                CAN1_TX_IRQHandler
 .text.CAN1_RX0_IRQHandler
                0x08000c1c       0x14 ./Core/Src/stm32l4xx_it.o
                0x08000c1c                CAN1_RX0_IRQHandler
 .text.CAN1_RX1_IRQHandler
                0x08000c30       0x14 ./Core/Src/stm32l4xx_it.o
                0x08000c30                CAN1_RX1_IRQHandler
 .text.TIM3_IRQHandler
                0x08000c44       0x14 ./Core/Src/stm32l4xx_it.o
                0x08000c44                TIM3_IRQHandler
 .text.USART2_IRQHandler
                0x08000c58       0x14 ./Core/Src/stm32l4xx_it.o
                0x08000c58                USART2_IRQHandler
 .text.EXTI15_10_IRQHandler
                0x08000c6c       0x10 ./Core/Src/stm32l4xx_it.o
                0x08000c6c                EXTI15_10_IRQHandler
 .text.SystemInit
                0x08000c7c       0x24 ./Core/Src/system_stm32l4xx.o
                0x08000c7c                SystemInit
 .text.task_can
                0x08000ca0      0x164 ./Core/Src/task_can.o
                0x08000ca0                task_can
 .text.HAL_UARTEx_RxEventCallback
                0x08000e04       0x7c ./Core/Src/task_uart_dma.o
                0x08000e04                HAL_UARTEx_RxEventCallback
 .text.task_uart
                0x08000e80       0xdc ./Core/Src/task_uart_dma.o
                0x08000e80                task_uart
 .text.MX_USART2_UART_Init
                0x08000f5c       0x60 ./Core/Src/usart.o
                0x08000f5c                MX_USART2_UART_Init
 .text.HAL_UART_MspInit
                0x08000fbc      0x184 ./Core/Src/usart.o
                0x08000fbc                HAL_UART_MspInit
 .text.Reset_Handler
                0x08001140       0x50 ./Core/Startup/startup_stm32l476rgtx.o
                0x08001140                Reset_Handler
 .text.Default_Handler
                0x08001190        0x2 ./Core/Startup/startup_stm32l476rgtx.o
                0x08001190                RTC_Alarm_IRQHandler
                0x08001190                EXTI2_IRQHandler
                0x08001190                TIM8_TRG_COM_IRQHandler
                0x08001190                TIM8_CC_IRQHandler
                0x08001190                TIM1_CC_IRQHandler
                0x08001190                TSC_IRQHandler
                0x08001190                TAMP_STAMP_IRQHandler
                0x08001190                EXTI3_IRQHandler
                0x08001190                LPTIM2_IRQHandler
                0x08001190                DFSDM1_FLT1_IRQHandler
                0x08001190                I2C3_ER_IRQHandler
                0x08001190                DFSDM1_FLT2_IRQHandler
                0x08001190                EXTI0_IRQHandler
                0x08001190                I2C2_EV_IRQHandler
                0x08001190                FPU_IRQHandler
                0x08001190                TIM1_UP_TIM16_IRQHandler
                0x08001190                ADC1_2_IRQHandler
                0x08001190                SPI1_IRQHandler
                0x08001190                TIM6_DAC_IRQHandler
                0x08001190                TIM8_UP_IRQHandler
                0x08001190                DMA2_Channel2_IRQHandler
                0x08001190                DMA1_Channel4_IRQHandler
                0x08001190                SAI2_IRQHandler
                0x08001190                DFSDM1_FLT3_IRQHandler
                0x08001190                USART3_IRQHandler
                0x08001190                LCD_IRQHandler
                0x08001190                UART5_IRQHandler
                0x08001190                ADC3_IRQHandler
                0x08001190                TIM4_IRQHandler
                0x08001190                DMA2_Channel1_IRQHandler
                0x08001190                QUADSPI_IRQHandler
                0x08001190                I2C1_EV_IRQHandler
                0x08001190                UART4_IRQHandler
                0x08001190                DMA2_Channel4_IRQHandler
                0x08001190                RCC_IRQHandler
                0x08001190                DMA1_Channel1_IRQHandler
                0x08001190                Default_Handler
                0x08001190                DMA2_Channel7_IRQHandler
                0x08001190                TIM7_IRQHandler
                0x08001190                SDMMC1_IRQHandler
                0x08001190                TIM5_IRQHandler
                0x08001190                I2C3_EV_IRQHandler
                0x08001190                EXTI9_5_IRQHandler
                0x08001190                RTC_WKUP_IRQHandler
                0x08001190                PVD_PVM_IRQHandler
                0x08001190                SPI2_IRQHandler
                0x08001190                DMA2_Channel5_IRQHandler
                0x08001190                DMA1_Channel5_IRQHandler
                0x08001190                EXTI4_IRQHandler
                0x08001190                RNG_IRQHandler
                0x08001190                TIM1_TRG_COM_TIM17_IRQHandler
                0x08001190                DMA1_Channel3_IRQHandler
                0x08001190                COMP_IRQHandler
                0x08001190                WWDG_IRQHandler
                0x08001190                LPUART1_IRQHandler
                0x08001190                DMA2_Channel6_IRQHandler
                0x08001190                TIM2_IRQHandler
                0x08001190                EXTI1_IRQHandler
                0x08001190                DFSDM1_FLT0_IRQHandler
                0x08001190                I2C2_ER_IRQHandler
                0x08001190                DMA1_Channel2_IRQHandler
                0x08001190                TIM8_BRK_IRQHandler
                0x08001190                CAN1_SCE_IRQHandler
                0x08001190                FLASH_IRQHandler
                0x08001190                USART1_IRQHandler
                0x08001190                OTG_FS_IRQHandler
                0x08001190                SPI3_IRQHandler
                0x08001190                I2C1_ER_IRQHandler
                0x08001190                FMC_IRQHandler
                0x08001190                SWPMI1_IRQHandler
                0x08001190                LPTIM1_IRQHandler
                0x08001190                SAI1_IRQHandler
                0x08001190                DMA2_Channel3_IRQHandler
                0x08001190                TIM1_BRK_TIM15_IRQHandler
 *fill*         0x08001192        0x2 
 .text.BSP_LED_Init
                0x08001194       0x6c ./Drivers/BSP/STM32L4xx_Nucleo/stm32l4xx_nucleo.o
                0x08001194                BSP_LED_Init
 .text.BSP_PB_Init
                0x08001200       0xc4 ./Drivers/BSP/STM32L4xx_Nucleo/stm32l4xx_nucleo.o
                0x08001200                BSP_PB_Init
 .text.HAL_Init
                0x080012c4       0x40 ./Drivers/STM32L4xx_HAL_Driver/Src/stm32l4xx_hal.o
                0x080012c4                HAL_Init
 .text.HAL_IncTick
                0x08001304       0x28 ./Drivers/STM32L4xx_HAL_Driver/Src/stm32l4xx_hal.o
                0x08001304                HAL_IncTick
 .text.HAL_GetTick
                0x0800132c       0x18 ./Drivers/STM32L4xx_HAL_Driver/Src/stm32l4xx_hal.o
                0x0800132c                HAL_GetTick
 .text.HAL_CAN_Init
                0x08001344      0x1f6 ./Drivers/STM32L4xx_HAL_Driver/Src/stm32l4xx_hal_can.o
                0x08001344                HAL_CAN_Init
 .text.HAL_CAN_ConfigFilter
                0x0800153a      0x194 ./Drivers/STM32L4xx_HAL_Driver/Src/stm32l4xx_hal_can.o
                0x0800153a                HAL_CAN_ConfigFilter
 .text.HAL_CAN_Start
                0x080016ce       0x88 ./Drivers/STM32L4xx_HAL_Driver/Src/stm32l4xx_hal_can.o
                0x080016ce                HAL_CAN_Start
 .text.HAL_CAN_AddTxMessage
                0x08001756      0x1a0 ./Drivers/STM32L4xx_HAL_Driver/Src/stm32l4xx_hal_can.o
                0x08001756                HAL_CAN_AddTxMessage
 .text.HAL_CAN_GetRxMessage
                0x080018f6      0x244 ./Drivers/STM32L4xx_HAL_Driver/Src/stm32l4xx_hal_can.o
                0x080018f6                HAL_CAN_GetRxMessage
 .text.HAL_CAN_ActivateNotification
                0x08001b3a       0x4c ./Drivers/STM32L4xx_HAL_Driver/Src/stm32l4xx_hal_can.o
                0x08001b3a                HAL_CAN_ActivateNotification
 .text.HAL_CAN_IRQHandler
                0x08001b86      0x36e ./Drivers/STM32L4xx_HAL_Driver/Src/stm32l4xx_hal_can.o
                0x08001b86                HAL_CAN_IRQHandler
 .text.HAL_CAN_TxMailbox0CompleteCallback
                0x08001ef4       0x14 ./Drivers/STM32L4xx_HAL_Driver/Src/stm32l4xx_hal_can.o
                0x08001ef4                HAL_CAN_TxMailbox0CompleteCallback
 .text.HAL_CAN_TxMailbox1CompleteCallback
                0x08001f08       0x14 ./Drivers/STM32L4xx_HAL_Driver/Src/stm32l4xx_hal_can.o
                0x08001f08                HAL_CAN_TxMailbox1CompleteCallback
 .text.HAL_CAN_TxMailbox2CompleteCallback
                0x08001f1c       0x14 ./Drivers/STM32L4xx_HAL_Driver/Src/stm32l4xx_hal_can.o
                0x08001f1c                HAL_CAN_TxMailbox2CompleteCallback
 .text.HAL_CAN_TxMailbox0AbortCallback
                0x08001f30       0x14 ./Drivers/STM32L4xx_HAL_Driver/Src/stm32l4xx_hal_can.o
                0x08001f30                HAL_CAN_TxMailbox0AbortCallback
 .text.HAL_CAN_TxMailbox1AbortCallback
                0x08001f44       0x14 ./Drivers/STM32L4xx_HAL_Driver/Src/stm32l4xx_hal_can.o
                0x08001f44                HAL_CAN_TxMailbox1AbortCallback
 .text.HAL_CAN_TxMailbox2AbortCallback
                0x08001f58       0x14 ./Drivers/STM32L4xx_HAL_Driver/Src/stm32l4xx_hal_can.o
                0x08001f58                HAL_CAN_TxMailbox2AbortCallback
 .text.HAL_CAN_RxFifo0FullCallback
                0x08001f6c       0x14 ./Drivers/STM32L4xx_HAL_Driver/Src/stm32l4xx_hal_can.o
                0x08001f6c                HAL_CAN_RxFifo0FullCallback
 .text.HAL_CAN_RxFifo1MsgPendingCallback
                0x08001f80       0x14 ./Drivers/STM32L4xx_HAL_Driver/Src/stm32l4xx_hal_can.o
                0x08001f80                HAL_CAN_RxFifo1MsgPendingCallback
 .text.HAL_CAN_RxFifo1FullCallback
                0x08001f94       0x14 ./Drivers/STM32L4xx_HAL_Driver/Src/stm32l4xx_hal_can.o
                0x08001f94                HAL_CAN_RxFifo1FullCallback
 .text.HAL_CAN_SleepCallback
                0x08001fa8       0x14 ./Drivers/STM32L4xx_HAL_Driver/Src/stm32l4xx_hal_can.o
                0x08001fa8                HAL_CAN_SleepCallback
 .text.HAL_CAN_WakeUpFromRxMsgCallback
                0x08001fbc       0x14 ./Drivers/STM32L4xx_HAL_Driver/Src/stm32l4xx_hal_can.o
                0x08001fbc                HAL_CAN_WakeUpFromRxMsgCallback
 .text.HAL_CAN_ErrorCallback
                0x08001fd0       0x14 ./Drivers/STM32L4xx_HAL_Driver/Src/stm32l4xx_hal_can.o
                0x08001fd0                HAL_CAN_ErrorCallback
 .text.__NVIC_SetPriorityGrouping
                0x08001fe4       0x48 ./Drivers/STM32L4xx_HAL_Driver/Src/stm32l4xx_hal_cortex.o
 .text.__NVIC_GetPriorityGrouping
                0x0800202c       0x1c ./Drivers/STM32L4xx_HAL_Driver/Src/stm32l4xx_hal_cortex.o
 .text.__NVIC_EnableIRQ
                0x08002048       0x3c ./Drivers/STM32L4xx_HAL_Driver/Src/stm32l4xx_hal_cortex.o
 .text.__NVIC_SetPriority
                0x08002084       0x54 ./Drivers/STM32L4xx_HAL_Driver/Src/stm32l4xx_hal_cortex.o
 .text.NVIC_EncodePriority
                0x080020d8       0x66 ./Drivers/STM32L4xx_HAL_Driver/Src/stm32l4xx_hal_cortex.o
 .text.HAL_NVIC_SetPriorityGrouping
                0x0800213e       0x16 ./Drivers/STM32L4xx_HAL_Driver/Src/stm32l4xx_hal_cortex.o
                0x0800213e                HAL_NVIC_SetPriorityGrouping
 .text.HAL_NVIC_SetPriority
                0x08002154       0x38 ./Drivers/STM32L4xx_HAL_Driver/Src/stm32l4xx_hal_cortex.o
                0x08002154                HAL_NVIC_SetPriority
 .text.HAL_NVIC_EnableIRQ
                0x0800218c       0x1c ./Drivers/STM32L4xx_HAL_Driver/Src/stm32l4xx_hal_cortex.o
                0x0800218c                HAL_NVIC_EnableIRQ
 .text.HAL_DMA_Init
                0x080021a8      0x170 ./Drivers/STM32L4xx_HAL_Driver/Src/stm32l4xx_hal_dma.o
                0x080021a8                HAL_DMA_Init
 .text.HAL_DMA_Start_IT
                0x08002318       0xc6 ./Drivers/STM32L4xx_HAL_Driver/Src/stm32l4xx_hal_dma.o
                0x08002318                HAL_DMA_Start_IT
 .text.HAL_DMA_Abort
                0x080023de       0x82 ./Drivers/STM32L4xx_HAL_Driver/Src/stm32l4xx_hal_dma.o
                0x080023de                HAL_DMA_Abort
 .text.HAL_DMA_Abort_IT
                0x08002460       0x82 ./Drivers/STM32L4xx_HAL_Driver/Src/stm32l4xx_hal_dma.o
                0x08002460                HAL_DMA_Abort_IT
 *fill*         0x080024e2        0x2 
 .text.HAL_DMA_IRQHandler
                0x080024e4      0x18c ./Drivers/STM32L4xx_HAL_Driver/Src/stm32l4xx_hal_dma.o
                0x080024e4                HAL_DMA_IRQHandler
 .text.DMA_SetConfig
                0x08002670       0x60 ./Drivers/STM32L4xx_HAL_Driver/Src/stm32l4xx_hal_dma.o
 .text.HAL_GPIO_Init
                0x080026d0      0x354 ./Drivers/STM32L4xx_HAL_Driver/Src/stm32l4xx_hal_gpio.o
                0x080026d0                HAL_GPIO_Init
 .text.HAL_GPIO_EXTI_IRQHandler
                0x08002a24       0x30 ./Drivers/STM32L4xx_HAL_Driver/Src/stm32l4xx_hal_gpio.o
                0x08002a24                HAL_GPIO_EXTI_IRQHandler
 .text.HAL_GPIO_EXTI_Callback
                0x08002a54       0x16 ./Drivers/STM32L4xx_HAL_Driver/Src/stm32l4xx_hal_gpio.o
                0x08002a54                HAL_GPIO_EXTI_Callback
 *fill*         0x08002a6a        0x2 
 .text.HAL_PWREx_GetVoltageRange
                0x08002a6c       0x1c ./Drivers/STM32L4xx_HAL_Driver/Src/stm32l4xx_hal_pwr_ex.o
                0x08002a6c                HAL_PWREx_GetVoltageRange
 .text.HAL_PWREx_ControlVoltageScaling
                0x08002a88       0xac ./Drivers/STM32L4xx_HAL_Driver/Src/stm32l4xx_hal_pwr_ex.o
                0x08002a88                HAL_PWREx_ControlVoltageScaling
 .text.HAL_RCC_OscConfig
                0x08002b34      0x7b8 ./Drivers/STM32L4xx_HAL_Driver/Src/stm32l4xx_hal_rcc.o
                0x08002b34                HAL_RCC_OscConfig
 .text.HAL_RCC_ClockConfig
                0x080032ec      0x200 ./Drivers/STM32L4xx_HAL_Driver/Src/stm32l4xx_hal_rcc.o
                0x080032ec                HAL_RCC_ClockConfig
 .text.HAL_RCC_GetSysClockFreq
                0x080034ec      0x118 ./Drivers/STM32L4xx_HAL_Driver/Src/stm32l4xx_hal_rcc.o
                0x080034ec                HAL_RCC_GetSysClockFreq
 .text.HAL_RCC_GetHCLKFreq
                0x08003604       0x18 ./Drivers/STM32L4xx_HAL_Driver/Src/stm32l4xx_hal_rcc.o
                0x08003604                HAL_RCC_GetHCLKFreq
 .text.HAL_RCC_GetPCLK1Freq
                0x0800361c       0x2c ./Drivers/STM32L4xx_HAL_Driver/Src/stm32l4xx_hal_rcc.o
                0x0800361c                HAL_RCC_GetPCLK1Freq
 .text.HAL_RCC_GetPCLK2Freq
                0x08003648       0x2c ./Drivers/STM32L4xx_HAL_Driver/Src/stm32l4xx_hal_rcc.o
                0x08003648                HAL_RCC_GetPCLK2Freq
 .text.HAL_RCC_GetClockConfig
                0x08003674       0x64 ./Drivers/STM32L4xx_HAL_Driver/Src/stm32l4xx_hal_rcc.o
                0x08003674                HAL_RCC_GetClockConfig
 .text.RCC_SetFlashLatencyFromMSIRange
                0x080036d8       0xc0 ./Drivers/STM32L4xx_HAL_Driver/Src/stm32l4xx_hal_rcc.o
 .text.HAL_RCCEx_PeriphCLKConfig
                0x08003798      0x5d4 ./Drivers/STM32L4xx_HAL_Driver/Src/stm32l4xx_hal_rcc_ex.o
                0x08003798                HAL_RCCEx_PeriphCLKConfig
 .text.RCCEx_PLLSAI1_Config
                0x08003d6c      0x1e8 ./Drivers/STM32L4xx_HAL_Driver/Src/stm32l4xx_hal_rcc_ex.o
 .text.RCCEx_PLLSAI2_Config
                0x08003f54      0x1bc ./Drivers/STM32L4xx_HAL_Driver/Src/stm32l4xx_hal_rcc_ex.o
 .text.HAL_TIM_Base_Init
                0x08004110       0xae ./Drivers/STM32L4xx_HAL_Driver/Src/stm32l4xx_hal_tim.o
                0x08004110                HAL_TIM_Base_Init
 .text.HAL_TIM_Base_MspInit
                0x080041be       0x14 ./Drivers/STM32L4xx_HAL_Driver/Src/stm32l4xx_hal_tim.o
                0x080041be                HAL_TIM_Base_MspInit
 *fill*         0x080041d2        0x2 
 .text.HAL_TIM_Base_Start_IT
                0x080041d4       0xe0 ./Drivers/STM32L4xx_HAL_Driver/Src/stm32l4xx_hal_tim.o
                0x080041d4                HAL_TIM_Base_Start_IT
 .text.HAL_TIM_IRQHandler
                0x080042b4      0x20e ./Drivers/STM32L4xx_HAL_Driver/Src/stm32l4xx_hal_tim.o
                0x080042b4                HAL_TIM_IRQHandler
 .text.HAL_TIM_OC_DelayElapsedCallback
                0x080044c2       0x14 ./Drivers/STM32L4xx_HAL_Driver/Src/stm32l4xx_hal_tim.o
                0x080044c2                HAL_TIM_OC_DelayElapsedCallback
 .text.HAL_TIM_IC_CaptureCallback
                0x080044d6       0x14 ./Drivers/STM32L4xx_HAL_Driver/Src/stm32l4xx_hal_tim.o
                0x080044d6                HAL_TIM_IC_CaptureCallback
 .text.HAL_TIM_PWM_PulseFinishedCallback
                0x080044ea       0x14 ./Drivers/STM32L4xx_HAL_Driver/Src/stm32l4xx_hal_tim.o
                0x080044ea                HAL_TIM_PWM_PulseFinishedCallback
 .text.HAL_TIM_TriggerCallback
                0x080044fe       0x14 ./Drivers/STM32L4xx_HAL_Driver/Src/stm32l4xx_hal_tim.o
                0x080044fe                HAL_TIM_TriggerCallback
 *fill*         0x08004512        0x2 
 .text.TIM_Base_SetConfig
                0x08004514      0x140 ./Drivers/STM32L4xx_HAL_Driver/Src/stm32l4xx_hal_tim.o
                0x08004514                TIM_Base_SetConfig
 .text.HAL_TIMEx_CommutCallback
                0x08004654       0x14 ./Drivers/STM32L4xx_HAL_Driver/Src/stm32l4xx_hal_tim_ex.o
                0x08004654                HAL_TIMEx_CommutCallback
 .text.HAL_TIMEx_BreakCallback
                0x08004668       0x14 ./Drivers/STM32L4xx_HAL_Driver/Src/stm32l4xx_hal_tim_ex.o
                0x08004668                HAL_TIMEx_BreakCallback
 .text.HAL_TIMEx_Break2Callback
                0x0800467c       0x14 ./Drivers/STM32L4xx_HAL_Driver/Src/stm32l4xx_hal_tim_ex.o
                0x0800467c                HAL_TIMEx_Break2Callback
 .text.HAL_UART_Init
                0x08004690       0x9c ./Drivers/STM32L4xx_HAL_Driver/Src/stm32l4xx_hal_uart.o
                0x08004690                HAL_UART_Init
 .text.HAL_UART_Transmit_DMA
                0x0800472c       0xf8 ./Drivers/STM32L4xx_HAL_Driver/Src/stm32l4xx_hal_uart.o
                0x0800472c                HAL_UART_Transmit_DMA
 .text.HAL_UART_IRQHandler
                0x08004824      0x60c ./Drivers/STM32L4xx_HAL_Driver/Src/stm32l4xx_hal_uart.o
                0x08004824                HAL_UART_IRQHandler
 .text.HAL_UART_TxCpltCallback
                0x08004e30       0x14 ./Drivers/STM32L4xx_HAL_Driver/Src/stm32l4xx_hal_uart.o
                0x08004e30                HAL_UART_TxCpltCallback
 .text.HAL_UART_TxHalfCpltCallback
                0x08004e44       0x14 ./Drivers/STM32L4xx_HAL_Driver/Src/stm32l4xx_hal_uart.o
                0x08004e44                HAL_UART_TxHalfCpltCallback
 .text.HAL_UART_RxCpltCallback
                0x08004e58       0x14 ./Drivers/STM32L4xx_HAL_Driver/Src/stm32l4xx_hal_uart.o
                0x08004e58                HAL_UART_RxCpltCallback
 .text.HAL_UART_RxHalfCpltCallback
                0x08004e6c       0x14 ./Drivers/STM32L4xx_HAL_Driver/Src/stm32l4xx_hal_uart.o
                0x08004e6c                HAL_UART_RxHalfCpltCallback
 .text.HAL_UART_ErrorCallback
                0x08004e80       0x14 ./Drivers/STM32L4xx_HAL_Driver/Src/stm32l4xx_hal_uart.o
                0x08004e80                HAL_UART_ErrorCallback
 .text.UART_SetConfig
                0x08004e94      0x570 ./Drivers/STM32L4xx_HAL_Driver/Src/stm32l4xx_hal_uart.o
                0x08004e94                UART_SetConfig
 .text.UART_AdvFeatureConfig
                0x08005404      0x144 ./Drivers/STM32L4xx_HAL_Driver/Src/stm32l4xx_hal_uart.o
                0x08005404                UART_AdvFeatureConfig
 .text.UART_CheckIdleState
                0x08005548      0x150 ./Drivers/STM32L4xx_HAL_Driver/Src/stm32l4xx_hal_uart.o
                0x08005548                UART_CheckIdleState
 .text.UART_WaitOnFlagUntilTimeout
                0x08005698       0xda ./Drivers/STM32L4xx_HAL_Driver/Src/stm32l4xx_hal_uart.o
                0x08005698                UART_WaitOnFlagUntilTimeout
 *fill*         0x08005772        0x2 
 .text.UART_Start_Receive_DMA
                0x08005774      0x140 ./Drivers/STM32L4xx_HAL_Driver/Src/stm32l4xx_hal_uart.o
                0x08005774                UART_Start_Receive_DMA
 .text.UART_EndTxTransfer
                0x080058b4       0x4c ./Drivers/STM32L4xx_HAL_Driver/Src/stm32l4xx_hal_uart.o
 .text.UART_EndRxTransfer
                0x08005900       0xc8 ./Drivers/STM32L4xx_HAL_Driver/Src/stm32l4xx_hal_uart.o
 .text.UART_DMATransmitCplt
                0x080059c8       0x92 ./Drivers/STM32L4xx_HAL_Driver/Src/stm32l4xx_hal_uart.o
 .text.UART_DMATxHalfCplt
                0x08005a5a       0x1c ./Drivers/STM32L4xx_HAL_Driver/Src/stm32l4xx_hal_uart.o
 .text.UART_DMAReceiveCplt
                0x08005a76      0x152 ./Drivers/STM32L4xx_HAL_Driver/Src/stm32l4xx_hal_uart.o
 .text.UART_DMARxHalfCplt
                0x08005bc8       0x72 ./Drivers/STM32L4xx_HAL_Driver/Src/stm32l4xx_hal_uart.o
 .text.UART_DMAError
                0x08005c3a       0x6e ./Drivers/STM32L4xx_HAL_Driver/Src/stm32l4xx_hal_uart.o
 .text.UART_DMAAbortOnError
                0x08005ca8       0x1c ./Drivers/STM32L4xx_HAL_Driver/Src/stm32l4xx_hal_uart.o
 .text.UART_EndTransmit_IT
                0x08005cc4       0x54 ./Drivers/STM32L4xx_HAL_Driver/Src/stm32l4xx_hal_uart.o
 .text.HAL_UARTEx_WakeupCallback
                0x08005d18       0x14 ./Drivers/STM32L4xx_HAL_Driver/Src/stm32l4xx_hal_uart_ex.o
                0x08005d18                HAL_UARTEx_WakeupCallback
 .text.HAL_UARTEx_ReceiveToIdle_DMA
                0x08005d2c       0xa8 ./Drivers/STM32L4xx_HAL_Driver/Src/stm32l4xx_hal_uart_ex.o
                0x08005d2c                HAL_UARTEx_ReceiveToIdle_DMA
 .text.__NVIC_SetPriority
                0x08005dd4       0x54 ./Middlewares/Third_Party/FreeRTOS/Source/CMSIS_RTOS_V2/cmsis_os2.o
 .text.SysTick_Handler
                0x08005e28       0x20 ./Middlewares/Third_Party/FreeRTOS/Source/CMSIS_RTOS_V2/cmsis_os2.o
                0x08005e28                SysTick_Handler
 .text.SVC_Setup
                0x08005e48       0x12 ./Middlewares/Third_Party/FreeRTOS/Source/CMSIS_RTOS_V2/cmsis_os2.o
 *fill*         0x08005e5a        0x2 
 .text.osKernelInitialize
                0x08005e5c       0x48 ./Middlewares/Third_Party/FreeRTOS/Source/CMSIS_RTOS_V2/cmsis_os2.o
                0x08005e5c                osKernelInitialize
 .text.osKernelStart
                0x08005ea4       0x4c ./Middlewares/Third_Party/FreeRTOS/Source/CMSIS_RTOS_V2/cmsis_os2.o
                0x08005ea4                osKernelStart
 .text.osKernelGetTickCount
                0x08005ef0       0x2a ./Middlewares/Third_Party/FreeRTOS/Source/CMSIS_RTOS_V2/cmsis_os2.o
                0x08005ef0                osKernelGetTickCount
 .text.osThreadNew
                0x08005f1a      0x124 ./Middlewares/Third_Party/FreeRTOS/Source/CMSIS_RTOS_V2/cmsis_os2.o
                0x08005f1a                osThreadNew
 .text.osDelay  0x0800603e       0x36 ./Middlewares/Third_Party/FreeRTOS/Source/CMSIS_RTOS_V2/cmsis_os2.o
                0x0800603e                osDelay
 .text.osMessageQueueNew
                0x08006074       0xe6 ./Middlewares/Third_Party/FreeRTOS/Source/CMSIS_RTOS_V2/cmsis_os2.o
                0x08006074                osMessageQueueNew
 *fill*         0x0800615a        0x2 
 .text.osMessageQueuePut
                0x0800615c       0xc0 ./Middlewares/Third_Party/FreeRTOS/Source/CMSIS_RTOS_V2/cmsis_os2.o
                0x0800615c                osMessageQueuePut
 .text.osMessageQueueGet
                0x0800621c       0xbc ./Middlewares/Third_Party/FreeRTOS/Source/CMSIS_RTOS_V2/cmsis_os2.o
                0x0800621c                osMessageQueueGet
 .text.vApplicationGetIdleTaskMemory
                0x080062d8       0x34 ./Middlewares/Third_Party/FreeRTOS/Source/CMSIS_RTOS_V2/cmsis_os2.o
                0x080062d8                vApplicationGetIdleTaskMemory
 .text.vApplicationGetTimerTaskMemory
                0x0800630c       0x34 ./Middlewares/Third_Party/FreeRTOS/Source/CMSIS_RTOS_V2/cmsis_os2.o
                0x0800630c                vApplicationGetTimerTaskMemory
 .text.vListInitialise
                0x08006340       0x40 ./Middlewares/Third_Party/FreeRTOS/Source/list.o
                0x08006340                vListInitialise
 .text.vListInitialiseItem
                0x08006380       0x1a ./Middlewares/Third_Party/FreeRTOS/Source/list.o
                0x08006380                vListInitialiseItem
 .text.vListInsertEnd
                0x0800639a       0x48 ./Middlewares/Third_Party/FreeRTOS/Source/list.o
                0x0800639a                vListInsertEnd
 .text.vListInsert
                0x080063e2       0x72 ./Middlewares/Third_Party/FreeRTOS/Source/list.o
                0x080063e2                vListInsert
 .text.uxListRemove
                0x08006454       0x54 ./Middlewares/Third_Party/FreeRTOS/Source/list.o
                0x08006454                uxListRemove
 .text.xQueueGenericReset
                0x080064a8       0xd4 ./Middlewares/Third_Party/FreeRTOS/Source/queue.o
                0x080064a8                xQueueGenericReset
 .text.xQueueGenericCreateStatic
                0x0800657c       0xfa ./Middlewares/Third_Party/FreeRTOS/Source/queue.o
                0x0800657c                xQueueGenericCreateStatic
 .text.xQueueGenericCreate
                0x08006676       0x76 ./Middlewares/Third_Party/FreeRTOS/Source/queue.o
                0x08006676                xQueueGenericCreate
 .text.prvInitialiseNewQueue
                0x080066ec       0x46 ./Middlewares/Third_Party/FreeRTOS/Source/queue.o
 *fill*         0x08006732        0x2 
 .text.xQueueGenericSend
                0x08006734      0x204 ./Middlewares/Third_Party/FreeRTOS/Source/queue.o
                0x08006734                xQueueGenericSend
 .text.xQueueGenericSendFromISR
                0x08006938      0x13c ./Middlewares/Third_Party/FreeRTOS/Source/queue.o
                0x08006938                xQueueGenericSendFromISR
 .text.xQueueReceive
                0x08006a74      0x1c4 ./Middlewares/Third_Party/FreeRTOS/Source/queue.o
                0x08006a74                xQueueReceive
 .text.xQueueReceiveFromISR
                0x08006c38      0x104 ./Middlewares/Third_Party/FreeRTOS/Source/queue.o
                0x08006c38                xQueueReceiveFromISR
 .text.prvCopyDataToQueue
                0x08006d3c       0xd4 ./Middlewares/Third_Party/FreeRTOS/Source/queue.o
 .text.prvCopyDataFromQueue
                0x08006e10       0x4c ./Middlewares/Third_Party/FreeRTOS/Source/queue.o
 .text.prvUnlockQueue
                0x08006e5c       0xa4 ./Middlewares/Third_Party/FreeRTOS/Source/queue.o
 .text.prvIsQueueEmpty
                0x08006f00       0x2c ./Middlewares/Third_Party/FreeRTOS/Source/queue.o
 .text.prvIsQueueFull
                0x08006f2c       0x30 ./Middlewares/Third_Party/FreeRTOS/Source/queue.o
 .text.vQueueAddToRegistry
                0x08006f5c       0x54 ./Middlewares/Third_Party/FreeRTOS/Source/queue.o
                0x08006f5c                vQueueAddToRegistry
 .text.vQueueWaitForMessageRestricted
                0x08006fb0       0x68 ./Middlewares/Third_Party/FreeRTOS/Source/queue.o
                0x08006fb0                vQueueWaitForMessageRestricted
 .text.xTaskCreateStatic
                0x08007018       0xc0 ./Middlewares/Third_Party/FreeRTOS/Source/tasks.o
                0x08007018                xTaskCreateStatic
 .text.xTaskCreate
                0x080070d8       0x8a ./Middlewares/Third_Party/FreeRTOS/Source/tasks.o
                0x080070d8                xTaskCreate
 .text.prvInitialiseNewTask
                0x08007162      0x120 ./Middlewares/Third_Party/FreeRTOS/Source/tasks.o
 *fill*         0x08007282        0x2 
 .text.prvAddNewTaskToReadyList
                0x08007284       0xe0 ./Middlewares/Third_Party/FreeRTOS/Source/tasks.o
 .text.vTaskDelay
                0x08007364       0x6c ./Middlewares/Third_Party/FreeRTOS/Source/tasks.o
                0x08007364                vTaskDelay
 .text.vTaskStartScheduler
                0x080073d0       0xd0 ./Middlewares/Third_Party/FreeRTOS/Source/tasks.o
                0x080073d0                vTaskStartScheduler
 .text.vTaskSuspendAll
                0x080074a0       0x1c ./Middlewares/Third_Party/FreeRTOS/Source/tasks.o
                0x080074a0                vTaskSuspendAll
 .text.xTaskResumeAll
                0x080074bc      0x13c ./Middlewares/Third_Party/FreeRTOS/Source/tasks.o
                0x080074bc                xTaskResumeAll
 .text.xTaskGetTickCount
                0x080075f8       0x20 ./Middlewares/Third_Party/FreeRTOS/Source/tasks.o
                0x080075f8                xTaskGetTickCount
 .text.xTaskGetTickCountFromISR
                0x08007618       0x24 ./Middlewares/Third_Party/FreeRTOS/Source/tasks.o
                0x08007618                xTaskGetTickCountFromISR
 .text.xTaskIncrementTick
                0x0800763c      0x174 ./Middlewares/Third_Party/FreeRTOS/Source/tasks.o
                0x0800763c                xTaskIncrementTick
 .text.vTaskSwitchContext
                0x080077b0       0xbc ./Middlewares/Third_Party/FreeRTOS/Source/tasks.o
                0x080077b0                vTaskSwitchContext
 .text.vTaskPlaceOnEventList
                0x0800786c       0x4c ./Middlewares/Third_Party/FreeRTOS/Source/tasks.o
                0x0800786c                vTaskPlaceOnEventList
 .text.vTaskPlaceOnEventListRestricted
                0x080078b8       0x58 ./Middlewares/Third_Party/FreeRTOS/Source/tasks.o
                0x080078b8                vTaskPlaceOnEventListRestricted
 .text.xTaskRemoveFromEventList
                0x08007910       0xc8 ./Middlewares/Third_Party/FreeRTOS/Source/tasks.o
                0x08007910                xTaskRemoveFromEventList
 .text.vTaskInternalSetTimeOutState
                0x080079d8       0x2c ./Middlewares/Third_Party/FreeRTOS/Source/tasks.o
                0x080079d8                vTaskInternalSetTimeOutState
 .text.xTaskCheckForTimeOut
                0x08007a04       0xc8 ./Middlewares/Third_Party/FreeRTOS/Source/tasks.o
                0x08007a04                xTaskCheckForTimeOut
 .text.vTaskMissedYield
                0x08007acc       0x18 ./Middlewares/Third_Party/FreeRTOS/Source/tasks.o
                0x08007acc                vTaskMissedYield
 .text.prvIdleTask
                0x08007ae4       0x30 ./Middlewares/Third_Party/FreeRTOS/Source/tasks.o
 .text.prvInitialiseTaskLists
                0x08007b14       0x80 ./Middlewares/Third_Party/FreeRTOS/Source/tasks.o
 .text.prvCheckTasksWaitingTermination
                0x08007b94       0x5c ./Middlewares/Third_Party/FreeRTOS/Source/tasks.o
 .text.prvDeleteTCB
                0x08007bf0       0x60 ./Middlewares/Third_Party/FreeRTOS/Source/tasks.o
 .text.prvResetNextTaskUnblockTime
                0x08007c50       0x40 ./Middlewares/Third_Party/FreeRTOS/Source/tasks.o
 .text.xTaskGetSchedulerState
                0x08007c90       0x3c ./Middlewares/Third_Party/FreeRTOS/Source/tasks.o
                0x08007c90                xTaskGetSchedulerState
 .text.xTaskPriorityDisinherit
                0x08007ccc       0xe0 ./Middlewares/Third_Party/FreeRTOS/Source/tasks.o
                0x08007ccc                xTaskPriorityDisinherit
 .text.prvAddCurrentTaskToDelayedList
                0x08007dac       0xa8 ./Middlewares/Third_Party/FreeRTOS/Source/tasks.o
 .text.xTimerCreateTimerTask
                0x08007e54       0x94 ./Middlewares/Third_Party/FreeRTOS/Source/timers.o
                0x08007e54                xTimerCreateTimerTask
 .text.xTimerGenericCommand
                0x08007ee8       0x9c ./Middlewares/Third_Party/FreeRTOS/Source/timers.o
                0x08007ee8                xTimerGenericCommand
 .text.prvProcessExpiredTimer
                0x08007f84       0x9c ./Middlewares/Third_Party/FreeRTOS/Source/timers.o
 .text.prvTimerTask
                0x08008020       0x26 ./Middlewares/Third_Party/FreeRTOS/Source/timers.o
 *fill*         0x08008046        0x2 
 .text.prvProcessTimerOrBlockTask
                0x08008048       0x9c ./Middlewares/Third_Party/FreeRTOS/Source/timers.o
 .text.prvGetNextExpireTime
                0x080080e4       0x48 ./Middlewares/Third_Party/FreeRTOS/Source/timers.o
 .text.prvSampleTimeNow
                0x0800812c       0x40 ./Middlewares/Third_Party/FreeRTOS/Source/timers.o
 .text.prvInsertTimerInActiveList
                0x0800816c       0x84 ./Middlewares/Third_Party/FreeRTOS/Source/timers.o
 .text.prvProcessReceivedCommands
                0x080081f0      0x1cc ./Middlewares/Third_Party/FreeRTOS/Source/timers.o
 .text.prvSwitchTimerLists
                0x080083bc       0xcc ./Middlewares/Third_Party/FreeRTOS/Source/timers.o
 .text.prvCheckForValidListAndQueue
                0x08008488       0x80 ./Middlewares/Third_Party/FreeRTOS/Source/timers.o
 .text.pxPortInitialiseStack
                0x08008508       0x68 ./Middlewares/Third_Party/FreeRTOS/Source/portable/GCC/ARM_CM4F/port.o
                0x08008508                pxPortInitialiseStack
 .text.prvTaskExitError
                0x08008570       0x5c ./Middlewares/Third_Party/FreeRTOS/Source/portable/GCC/ARM_CM4F/port.o
 *fill*         0x080085cc        0x4 
 .text.SVC_Handler
                0x080085d0       0x28 ./Middlewares/Third_Party/FreeRTOS/Source/portable/GCC/ARM_CM4F/port.o
                0x080085d0                SVC_Handler
 .text.prvPortStartFirstTask
                0x080085f8       0x28 ./Middlewares/Third_Party/FreeRTOS/Source/portable/GCC/ARM_CM4F/port.o
 .text.xPortStartScheduler
                0x08008620      0x148 ./Middlewares/Third_Party/FreeRTOS/Source/portable/GCC/ARM_CM4F/port.o
                0x08008620                xPortStartScheduler
 .text.vPortEnterCritical
                0x08008768       0x64 ./Middlewares/Third_Party/FreeRTOS/Source/portable/GCC/ARM_CM4F/port.o
                0x08008768                vPortEnterCritical
 .text.vPortExitCritical
                0x080087cc       0x54 ./Middlewares/Third_Party/FreeRTOS/Source/portable/GCC/ARM_CM4F/port.o
                0x080087cc                vPortExitCritical
 .text.PendSV_Handler
                0x08008820       0x68 ./Middlewares/Third_Party/FreeRTOS/Source/portable/GCC/ARM_CM4F/port.o
                0x08008820                PendSV_Handler
 .text.xPortSysTickHandler
                0x08008888       0x44 ./Middlewares/Third_Party/FreeRTOS/Source/portable/GCC/ARM_CM4F/port.o
                0x08008888                xPortSysTickHandler
 .text.vPortSetupTimerInterrupt
                0x080088cc       0x48 ./Middlewares/Third_Party/FreeRTOS/Source/portable/GCC/ARM_CM4F/port.o
                0x080088cc                vPortSetupTimerInterrupt
 .text.vPortEnableVFP
                0x08008914       0x14 ./Middlewares/Third_Party/FreeRTOS/Source/portable/GCC/ARM_CM4F/port.o
 .text.vPortValidateInterruptPriority
                0x08008928       0x84 ./Middlewares/Third_Party/FreeRTOS/Source/portable/GCC/ARM_CM4F/port.o
                0x08008928                vPortValidateInterruptPriority
 .text.pvPortMalloc
                0x080089ac      0x19c ./Middlewares/Third_Party/FreeRTOS/Source/portable/MemMang/heap_4.o
                0x080089ac                pvPortMalloc
 .text.vPortFree
                0x08008b48       0xc8 ./Middlewares/Third_Party/FreeRTOS/Source/portable/MemMang/heap_4.o
                0x08008b48                vPortFree
 .text.prvHeapInit
                0x08008c10       0xc4 ./Middlewares/Third_Party/FreeRTOS/Source/portable/MemMang/heap_4.o
 .text.prvInsertBlockIntoFreeList
                0x08008cd4       0xb4 ./Middlewares/Third_Party/FreeRTOS/Source/portable/MemMang/heap_4.o
 .text.memset   0x08008d88       0x10 /opt/st/stm32cubeide_2.2.0/plugins/com.st.stm32cube.ide.mcu.externaltools.gnu-tools-for-stm32.14.3.rel1.linux64_1.0.100.202602081740/tools/bin/../lib/gcc/arm-none-eabi/14.3.1/../../../../arm-none-eabi/lib/thumb/v7e-m+fp/hard/libc_nano.a(libc_a-memset.o)
                0x08008d88                memset
 .text.__libc_init_array
                0x08008d98       0x48 /opt/st/stm32cubeide_2.2.0/plugins/com.st.stm32cube.ide.mcu.externaltools.gnu-tools-for-stm32.14.3.rel1.linux64_1.0.100.202602081740/tools/bin/../lib/gcc/arm-none-eabi/14.3.1/../../../../arm-none-eabi/lib/thumb/v7e-m+fp/hard/libc_nano.a(libc_a-init.o)
                0x08008d98                __libc_init_array
 .text.memcpy   0x08008de0       0x1c /opt/st/stm32cubeide_2.2.0/plugins/com.st.stm32cube.ide.mcu.externaltools.gnu-tools-for-stm32.14.3.rel1.linux64_1.0.100.202602081740/tools/bin/../lib/gcc/arm-none-eabi/14.3.1/../../../../arm-none-eabi/lib/thumb/v7e-m+fp/hard/libc_nano.a(libc_a-memcpy-stub.o)
                0x08008de0                memcpy
 *(.glue_7)
 .glue_7        0x08008dfc        0x0 linker stubs
 *(.glue_7t)
 .glue_7t       0x08008dfc        0x0 linker stubs
 *(.eh_frame)
 .eh_frame      0x08008dfc        0x0 /opt/st/stm32cubeide_2.2.0/plugins/com.st.stm32cube.ide.mcu.externaltools.gnu-tools-for-stm32.14.3.rel1.linux64_1.0.100.202602081740/tools/bin/../lib/gcc/arm-none-eabi/14.3.1/thumb/v7e-m+fp/hard/crtbegin.o
 *(.init)
 .init          0x08008dfc        0x4 /opt/st/stm32cubeide_2.2.0/plugins/com.st.stm32cube.ide.mcu.externaltools.gnu-tools-for-stm32.14.3.rel1.linux64_1.0.100.202602081740/tools/bin/../lib/gcc/arm-none-eabi/14.3.1/thumb/v7e-m+fp/hard/crti.o
                0x08008dfc                _init
 .init          0x08008e00        0x8 /opt/st/stm32cubeide_2.2.0/plugins/com.st.stm32cube.ide.mcu.externaltools.gnu-tools-for-stm32.14.3.rel1.linux64_1.0.100.202602081740/tools/bin/../lib/gcc/arm-none-eabi/14.3.1/thumb/v7e-m+fp/hard/crtn.o
 *(.fini)
 .fini          0x08008e08        0x4 /opt/st/stm32cubeide_2.2.0/plugins/com.st.stm32cube.ide.mcu.externaltools.gnu-tools-for-stm32.14.3.rel1.linux64_1.0.100.202602081740/tools/bin/../lib/gcc/arm-none-eabi/14.3.1/thumb/v7e-m+fp/hard/crti.o
                0x08008e08                _fini
 .fini          0x08008e0c        0x8 /opt/st/stm32cubeide_2.2.0/plugins/com.st.stm32cube.ide.mcu.externaltools.gnu-tools-for-stm32.14.3.rel1.linux64_1.0.100.202602081740/tools/bin/../lib/gcc/arm-none-eabi/14.3.1/thumb/v7e-m+fp/hard/crtn.o
                0x08008e14                        . = ALIGN (0x4)
                0x08008e14                        _etext = .

.vfp11_veneer   0x08008e14        0x0
 .vfp11_veneer  0x08008e14        0x0 linker stubs

.v4_bx          0x08008e14        0x0
 .v4_bx         0x08008e14        0x0 linker stubs

.iplt           0x08008e14        0x0
 .iplt          0x08008e14        0x0 /opt/st/stm32cubeide_2.2.0/plugins/com.st.stm32cube.ide.mcu.externaltools.gnu-tools-for-stm32.14.3.rel1.linux64_1.0.100.202602081740/tools/bin/../lib/gcc/arm-none-eabi/14.3.1/thumb/v7e-m+fp/hard/crtbegin.o

.rodata         0x08008e14      0x124
                0x08008e14                        . = ALIGN (0x4)
 *(.rodata)
 .rodata        0x08008e14       0x40 ./Core/Src/freertos.o
 .rodata        0x08008e54        0x5 ./Middlewares/Third_Party/FreeRTOS/Source/tasks.o
 *fill*         0x08008e59        0x3 
 .rodata        0x08008e5c        0xd ./Middlewares/Third_Party/FreeRTOS/Source/timers.o
 *(.rodata*)
 *fill*         0x08008e69        0x3 
 .rodata.defaultTask_attributes
                0x08008e6c       0x24 ./Core/Src/freertos.o
                0x08008e6c                defaultTask_attributes
 .rodata.UartTask_attributes
                0x08008e90       0x24 ./Core/Src/freertos.o
                0x08008e90                UartTask_attributes
 .rodata.QueueUartCan_attributes
                0x08008eb4       0x18 ./Core/Src/freertos.o
                0x08008eb4                QueueUartCan_attributes
 .rodata.CanTask_attributes
                0x08008ecc       0x24 ./Core/Src/freertos.o
                0x08008ecc                CanTask_attributes
 .rodata.AHBPrescTable
                0x08008ef0       0x10 ./Core/Src/system_stm32l4xx.o
                0x08008ef0                AHBPrescTable
 .rodata.APBPrescTable
                0x08008f00        0x8 ./Core/Src/system_stm32l4xx.o
                0x08008f00                APBPrescTable
 .rodata.MSIRangeTable
                0x08008f08       0x30 ./Core/Src/system_stm32l4xx.o
                0x08008f08                MSIRangeTable
                0x08008f38                        . = ALIGN (0x4)

.ARM.extab      0x08008f38        0x0
                0x08008f38                        . = ALIGN (0x4)
 *(.ARM.extab* .gnu.linkonce.armextab.*)
                0x08008f38                        . = ALIGN (0x4)

.ARM            0x08008f38        0x8
                0x08008f38                        . = ALIGN (0x4)
                0x08008f38                        __exidx_start = .
 *(.ARM.exidx*)
 .ARM.exidx     0x08008f38        0x8 /opt/st/stm32cubeide_2.2.0/plugins/com.st.stm32cube.ide.mcu.externaltools.gnu-tools-for-stm32.14.3.rel1.linux64_1.0.100.202602081740/tools/bin/../lib/gcc/arm-none-eabi/14.3.1/thumb/v7e-m+fp/hard/libgcc.a(_udivmoddi4.o)
                0x08008f40                        __exidx_end = .
                0x08008f40                        . = ALIGN (0x4)

.preinit_array  0x08008f40        0x0
                0x08008f40                        . = ALIGN (0x4)
                0x08008f40                        PROVIDE (__preinit_array_start = .)
 *(.preinit_array*)
                0x08008f40                        PROVIDE (__preinit_array_end = .)
                0x08008f40                        . = ALIGN (0x4)

.init_array     0x08008f40        0x4
                0x08008f40                        . = ALIGN (0x4)
                0x08008f40                        PROVIDE (__init_array_start = .)
 *(SORT_BY_NAME(.init_array.*))
 *(.init_array*)
 .init_array    0x08008f40        0x4 /opt/st/stm32cubeide_2.2.0/plugins/com.st.stm32cube.ide.mcu.externaltools.gnu-tools-for-stm32.14.3.rel1.linux64_1.0.100.202602081740/tools/bin/../lib/gcc/arm-none-eabi/14.3.1/thumb/v7e-m+fp/hard/crtbegin.o
                0x08008f44                        PROVIDE (__init_array_end = .)
                0x08008f44                        . = ALIGN (0x4)

.fini_array     0x08008f44        0x4
                0x08008f44                        . = ALIGN (0x4)
                [!provide]                        PROVIDE (__fini_array_start = .)
 *(SORT_BY_NAME(.fini_array.*))
 *(.fini_array*)
 .fini_array    0x08008f44        0x4 /opt/st/stm32cubeide_2.2.0/plugins/com.st.stm32cube.ide.mcu.externaltools.gnu-tools-for-stm32.14.3.rel1.linux64_1.0.100.202602081740/tools/bin/../lib/gcc/arm-none-eabi/14.3.1/thumb/v7e-m+fp/hard/crtbegin.o
                [!provide]                        PROVIDE (__fini_array_end = .)
                0x08008f48                        . = ALIGN (0x4)
                0x08008f48                        _sidata = LOADADDR (.data)

.rel.dyn        0x08008f48        0x0
 .rel.iplt      0x08008f48        0x0 /opt/st/stm32cubeide_2.2.0/plugins/com.st.stm32cube.ide.mcu.externaltools.gnu-tools-for-stm32.14.3.rel1.linux64_1.0.100.202602081740/tools/bin/../lib/gcc/arm-none-eabi/14.3.1/thumb/v7e-m+fp/hard/crtbegin.o

.data           0x20000000       0x20 load address 0x08008f48
                0x20000000                        . = ALIGN (0x4)
                0x20000000                        _sdata = .
 *(.data)
 *(.data*)
 .data.SystemCoreClock
                0x20000000        0x4 ./Core/Src/system_stm32l4xx.o
                0x20000000                SystemCoreClock
 .data.dupa     0x20000004        0x1 ./Core/Src/task_uart_dma.o
                0x20000004                dupa
 *fill*         0x20000005        0x3 
 .data.control_data
                0x20000008        0x2 ./Core/Src/task_uart_dma.o
                0x20000008                control_data
 *fill*         0x2000000a        0x2 
 .data.GPIO_PORT
                0x2000000c        0x4 ./Drivers/BSP/STM32L4xx_Nucleo/stm32l4xx_nucleo.o
                0x2000000c                GPIO_PORT
 .data.BUTTON_PORT
                0x20000010        0x4 ./Drivers/BSP/STM32L4xx_Nucleo/stm32l4xx_nucleo.o
                0x20000010                BUTTON_PORT
 .data.uwTickPrio
                0x20000014        0x4 ./Drivers/STM32L4xx_HAL_Driver/Src/stm32l4xx_hal.o
                0x20000014                uwTickPrio
 .data.uwTickFreq
                0x20000018        0x1 ./Drivers/STM32L4xx_HAL_Driver/Src/stm32l4xx_hal.o
                0x20000018                uwTickFreq
 *fill*         0x20000019        0x3 
 .data.uxCriticalNesting
                0x2000001c        0x4 ./Middlewares/Third_Party/FreeRTOS/Source/portable/GCC/ARM_CM4F/port.o
 *(.RamFunc)
 *(.RamFunc*)
                0x20000020                        . = ALIGN (0x4)
                0x20000020                        _edata = .

.igot.plt       0x20000020        0x0 load address 0x08008f68
 .igot.plt      0x20000020        0x0 /opt/st/stm32cubeide_2.2.0/plugins/com.st.stm32cube.ide.mcu.externaltools.gnu-tools-for-stm32.14.3.rel1.linux64_1.0.100.202602081740/tools/bin/../lib/gcc/arm-none-eabi/14.3.1/thumb/v7e-m+fp/hard/crtbegin.o
                0x20000020                        . = ALIGN (0x4)

.bss            0x20000020     0x3330 load address 0x08008f68
                0x20000020                        _sbss = .
                0x20000020                        __bss_start__ = _sbss
 *(.bss)
 .bss           0x20000020       0x1c /opt/st/stm32cubeide_2.2.0/plugins/com.st.stm32cube.ide.mcu.externaltools.gnu-tools-for-stm32.14.3.rel1.linux64_1.0.100.202602081740/tools/bin/../lib/gcc/arm-none-eabi/14.3.1/thumb/v7e-m+fp/hard/crtbegin.o
 *(.bss*)
 .bss.hcan1     0x2000003c       0x28 ./Core/Src/can.o
                0x2000003c                hcan1
 .bss.Can_Rx_Data
                0x20000064      0x408 ./Core/Src/can_lib.o
                0x20000064                Can_Rx_Data
 .bss.defaultTaskHandle
                0x2000046c        0x4 ./Core/Src/freertos.o
                0x2000046c                defaultTaskHandle
 .bss.UartTaskHandle
                0x20000470        0x4 ./Core/Src/freertos.o
                0x20000470                UartTaskHandle
 .bss.QueueUartCanHandle
                0x20000474        0x4 ./Core/Src/freertos.o
                0x20000474                QueueUartCanHandle
 .bss.QueueCanUartHandle
                0x20000478        0x4 ./Core/Src/freertos.o
                0x20000478                QueueCanUartHandle
 .bss.CanTaskHandle
                0x2000047c        0x4 ./Core/Src/freertos.o
                0x2000047c                CanTaskHandle
 .bss.htim3     0x20000480       0x4c ./Core/Src/stm32l4xx_hal_timebase_tim.o
                0x20000480                htim3
 .bss.gowno     0x200004cc        0x2 ./Core/Src/task_can.o
                0x200004cc                gowno
 *fill*         0x200004ce        0x2 
 .bss.tx_attempts
                0x200004d0        0x4 ./Core/Src/task_uart_dma.o
                0x200004d0                tx_attempts
 .bss.tx_ok_count
                0x200004d4        0x4 ./Core/Src/task_uart_dma.o
                0x200004d4                tx_ok_count
 .bss.frame_uart_can
                0x200004d8        0xa ./Core/Src/task_uart_dma.o
                0x200004d8                frame_uart_can
 *fill*         0x200004e2        0x2 
 .bss.huart2    0x200004e4       0x88 ./Core/Src/usart.o
                0x200004e4                huart2
 .bss.hdma_usart2_rx
                0x2000056c       0x48 ./Core/Src/usart.o
                0x2000056c                hdma_usart2_rx
 .bss.hdma_usart2_tx
                0x200005b4       0x48 ./Core/Src/usart.o
                0x200005b4                hdma_usart2_tx
 .bss.uwTick    0x200005fc        0x4 ./Drivers/STM32L4xx_HAL_Driver/Src/stm32l4xx_hal.o
                0x200005fc                uwTick
 .bss.KernelState
                0x20000600        0x4 ./Middlewares/Third_Party/FreeRTOS/Source/CMSIS_RTOS_V2/cmsis_os2.o
 .bss.Idle_TCB.3
                0x20000604       0x5c ./Middlewares/Third_Party/FreeRTOS/Source/CMSIS_RTOS_V2/cmsis_os2.o
 .bss.Idle_Stack.2
                0x20000660      0x200 ./Middlewares/Third_Party/FreeRTOS/Source/CMSIS_RTOS_V2/cmsis_os2.o
 .bss.Timer_TCB.1
                0x20000860       0x5c ./Middlewares/Third_Party/FreeRTOS/Source/CMSIS_RTOS_V2/cmsis_os2.o
 .bss.Timer_Stack.0
                0x200008bc      0x400 ./Middlewares/Third_Party/FreeRTOS/Source/CMSIS_RTOS_V2/cmsis_os2.o
 .bss.xQueueRegistry
                0x20000cbc       0x40 ./Middlewares/Third_Party/FreeRTOS/Source/queue.o
                0x20000cbc                xQueueRegistry
 .bss.pxCurrentTCB
                0x20000cfc        0x4 ./Middlewares/Third_Party/FreeRTOS/Source/tasks.o
                0x20000cfc                pxCurrentTCB
 .bss.pxReadyTasksLists
                0x20000d00      0x460 ./Middlewares/Third_Party/FreeRTOS/Source/tasks.o
 .bss.xDelayedTaskList1
                0x20001160       0x14 ./Middlewares/Third_Party/FreeRTOS/Source/tasks.o
 .bss.xDelayedTaskList2
                0x20001174       0x14 ./Middlewares/Third_Party/FreeRTOS/Source/tasks.o
 .bss.pxDelayedTaskList
                0x20001188        0x4 ./Middlewares/Third_Party/FreeRTOS/Source/tasks.o
 .bss.pxOverflowDelayedTaskList
                0x2000118c        0x4 ./Middlewares/Third_Party/FreeRTOS/Source/tasks.o
 .bss.xPendingReadyList
                0x20001190       0x14 ./Middlewares/Third_Party/FreeRTOS/Source/tasks.o
 .bss.xTasksWaitingTermination
                0x200011a4       0x14 ./Middlewares/Third_Party/FreeRTOS/Source/tasks.o
 .bss.uxDeletedTasksWaitingCleanUp
                0x200011b8        0x4 ./Middlewares/Third_Party/FreeRTOS/Source/tasks.o
 .bss.xSuspendedTaskList
                0x200011bc       0x14 ./Middlewares/Third_Party/FreeRTOS/Source/tasks.o
 .bss.uxCurrentNumberOfTasks
                0x200011d0        0x4 ./Middlewares/Third_Party/FreeRTOS/Source/tasks.o
 .bss.xTickCount
                0x200011d4        0x4 ./Middlewares/Third_Party/FreeRTOS/Source/tasks.o
 .bss.uxTopReadyPriority
                0x200011d8        0x4 ./Middlewares/Third_Party/FreeRTOS/Source/tasks.o
 .bss.xSchedulerRunning
                0x200011dc        0x4 ./Middlewares/Third_Party/FreeRTOS/Source/tasks.o
 .bss.xPendedTicks
                0x200011e0        0x4 ./Middlewares/Third_Party/FreeRTOS/Source/tasks.o
 .bss.xYieldPending
                0x200011e4        0x4 ./Middlewares/Third_Party/FreeRTOS/Source/tasks.o
 .bss.xNumOfOverflows
                0x200011e8        0x4 ./Middlewares/Third_Party/FreeRTOS/Source/tasks.o
 .bss.uxTaskNumber
                0x200011ec        0x4 ./Middlewares/Third_Party/FreeRTOS/Source/tasks.o
 .bss.xNextTaskUnblockTime
                0x200011f0        0x4 ./Middlewares/Third_Party/FreeRTOS/Source/tasks.o
 .bss.xIdleTaskHandle
                0x200011f4        0x4 ./Middlewares/Third_Party/FreeRTOS/Source/tasks.o
 .bss.uxSchedulerSuspended
                0x200011f8        0x4 ./Middlewares/Third_Party/FreeRTOS/Source/tasks.o
 .bss.xActiveTimerList1
                0x200011fc       0x14 ./Middlewares/Third_Party/FreeRTOS/Source/timers.o
 .bss.xActiveTimerList2
                0x20001210       0x14 ./Middlewares/Third_Party/FreeRTOS/Source/timers.o
 .bss.pxCurrentTimerList
                0x20001224        0x4 ./Middlewares/Third_Party/FreeRTOS/Source/timers.o
 .bss.pxOverflowTimerList
                0x20001228        0x4 ./Middlewares/Third_Party/FreeRTOS/Source/timers.o
 .bss.xTimerQueue
                0x2000122c        0x4 ./Middlewares/Third_Party/FreeRTOS/Source/timers.o
 .bss.xTimerTaskHandle
                0x20001230        0x4 ./Middlewares/Third_Party/FreeRTOS/Source/timers.o
 .bss.xLastTime.2
                0x20001234        0x4 ./Middlewares/Third_Party/FreeRTOS/Source/timers.o
 .bss.ucStaticTimerQueueStorage.1
                0x20001238       0xa0 ./Middlewares/Third_Party/FreeRTOS/Source/timers.o
 .bss.xStaticTimerQueue.0
                0x200012d8       0x50 ./Middlewares/Third_Party/FreeRTOS/Source/timers.o
 .bss.ucMaxSysCallPriority
                0x20001328        0x1 ./Middlewares/Third_Party/FreeRTOS/Source/portable/GCC/ARM_CM4F/port.o
 *fill*         0x20001329        0x3 
 .bss.ulMaxPRIGROUPValue
                0x2000132c        0x4 ./Middlewares/Third_Party/FreeRTOS/Source/portable/GCC/ARM_CM4F/port.o
 .bss.ucHeap    0x20001330     0x2000 ./Middlewares/Third_Party/FreeRTOS/Source/portable/MemMang/heap_4.o
 .bss.xStart    0x20003330        0x8 ./Middlewares/Third_Party/FreeRTOS/Source/portable/MemMang/heap_4.o
 .bss.pxEnd     0x20003338        0x4 ./Middlewares/Third_Party/FreeRTOS/Source/portable/MemMang/heap_4.o
 .bss.xFreeBytesRemaining
                0x2000333c        0x4 ./Middlewares/Third_Party/FreeRTOS/Source/portable/MemMang/heap_4.o
 .bss.xMinimumEverFreeBytesRemaining
                0x20003340        0x4 ./Middlewares/Third_Party/FreeRTOS/Source/portable/MemMang/heap_4.o
 .bss.xNumberOfSuccessfulAllocations
                0x20003344        0x4 ./Middlewares/Third_Party/FreeRTOS/Source/portable/MemMang/heap_4.o
 .bss.xNumberOfSuccessfulFrees
                0x20003348        0x4 ./Middlewares/Third_Party/FreeRTOS/Source/portable/MemMang/heap_4.o
 .bss.xBlockAllocatedBit
                0x2000334c        0x4 ./Middlewares/Third_Party/FreeRTOS/Source/portable/MemMang/heap_4.o
 *(COMMON)
                0x20003350                        . = ALIGN (0x4)
                0x20003350                        _ebss = .
                0x20003350                        __bss_end__ = _ebss

._user_heap_stack
                0x20003350      0x600 load address 0x08008f68
                0x20003350                        . = ALIGN (0x8)
                [!provide]                        PROVIDE (end = .)
                0x20003350                        PROVIDE (_end = .)
                0x20003550                        . = (. + _Min_Heap_Size)
 *fill*         0x20003350      0x200 
                0x20003950                        . = (. + _Min_Stack_Size)
 *fill*         0x20003550      0x400 
                0x20003950                        . = ALIGN (0x8)

/DISCARD/
 libc.a(*)
 libm.a(*)
 libgcc.a(*)

.ARM.attributes
                0x00000000       0x30
 *(.ARM.attributes)
 .ARM.attributes
                0x00000000       0x22 /opt/st/stm32cubeide_2.2.0/plugins/com.st.stm32cube.ide.mcu.externaltools.gnu-tools-for-stm32.14.3.rel1.linux64_1.0.100.202602081740/tools/bin/../lib/gcc/arm-none-eabi/14.3.1/thumb/v7e-m+fp/hard/crti.o
 .ARM.attributes
                0x00000022       0x34 /opt/st/stm32cubeide_2.2.0/plugins/com.st.stm32cube.ide.mcu.externaltools.gnu-tools-for-stm32.14.3.rel1.linux64_1.0.100.202602081740/tools/bin/../lib/gcc/arm-none-eabi/14.3.1/thumb/v7e-m+fp/hard/crtbegin.o
 .ARM.attributes
                0x00000056       0x34 ./Core/Src/can.o
 .ARM.attributes
                0x0000008a       0x34 ./Core/Src/can_lib.o
 .ARM.attributes
                0x000000be       0x34 ./Core/Src/dma.o
 .ARM.attributes
                0x000000f2       0x34 ./Core/Src/freertos.o
 .ARM.attributes
                0x00000126       0x34 ./Core/Src/gpio.o
 .ARM.attributes
                0x0000015a       0x34 ./Core/Src/main.o
 .ARM.attributes
                0x0000018e       0x34 ./Core/Src/stm32l4xx_hal_msp.o
 .ARM.attributes
                0x000001c2       0x34 ./Core/Src/stm32l4xx_hal_timebase_tim.o
 .ARM.attributes
                0x000001f6       0x34 ./Core/Src/stm32l4xx_it.o
 .ARM.attributes
                0x0000022a       0x34 ./Core/Src/system_stm32l4xx.o
 .ARM.attributes
                0x0000025e       0x34 ./Core/Src/task_can.o
 .ARM.attributes
                0x00000292       0x34 ./Core/Src/task_uart_dma.o
 .ARM.attributes
                0x000002c6       0x34 ./Core/Src/usart.o
 .ARM.attributes
                0x000002fa       0x21 ./Core/Startup/startup_stm32l476rgtx.o
 .ARM.attributes
                0x0000031b       0x34 ./Drivers/BSP/STM32L4xx_Nucleo/stm32l4xx_nucleo.o
 .ARM.attributes
                0x0000034f       0x34 ./Drivers/STM32L4xx_HAL_Driver/Src/stm32l4xx_hal.o
 .ARM.attributes
                0x00000383       0x34 ./Drivers/STM32L4xx_HAL_Driver/Src/stm32l4xx_hal_can.o
 .ARM.attributes
                0x000003b7       0x34 ./Drivers/STM32L4xx_HAL_Driver/Src/stm32l4xx_hal_cortex.o
 .ARM.attributes
                0x000003eb       0x34 ./Drivers/STM32L4xx_HAL_Driver/Src/stm32l4xx_hal_dma.o
 .ARM.attributes
                0x0000041f       0x34 ./Drivers/STM32L4xx_HAL_Driver/Src/stm32l4xx_hal_gpio.o
 .ARM.attributes
                0x00000453       0x34 ./Drivers/STM32L4xx_HAL_Driver/Src/stm32l4xx_hal_pwr_ex.o
 .ARM.attributes
                0x00000487       0x34 ./Drivers/STM32L4xx_HAL_Driver/Src/stm32l4xx_hal_rcc.o
 .ARM.attributes
                0x000004bb       0x34 ./Drivers/STM32L4xx_HAL_Driver/Src/stm32l4xx_hal_rcc_ex.o
 .ARM.attributes
                0x000004ef       0x34 ./Drivers/STM32L4xx_HAL_Driver/Src/stm32l4xx_hal_tim.o
 .ARM.attributes
                0x00000523       0x34 ./Drivers/STM32L4xx_HAL_Driver/Src/stm32l4xx_hal_tim_ex.o
 .ARM.attributes
                0x00000557       0x34 ./Drivers/STM32L4xx_HAL_Driver/Src/stm32l4xx_hal_uart.o
 .ARM.attributes
                0x0000058b       0x34 ./Drivers/STM32L4xx_HAL_Driver/Src/stm32l4xx_hal_uart_ex.o
 .ARM.attributes
                0x000005bf       0x34 ./Middlewares/Third_Party/FreeRTOS/Source/CMSIS_RTOS_V2/cmsis_os2.o
 .ARM.attributes
                0x000005f3       0x34 ./Middlewares/Third_Party/FreeRTOS/Source/list.o
 .ARM.attributes
                0x00000627       0x34 ./Middlewares/Third_Party/FreeRTOS/Source/queue.o
 .ARM.attributes
                0x0000065b       0x34 ./Middlewares/Third_Party/FreeRTOS/Source/tasks.o
 .ARM.attributes
                0x0000068f       0x34 ./Middlewares/Third_Party/FreeRTOS/Source/timers.o
 .ARM.attributes
                0x000006c3       0x34 ./Middlewares/Third_Party/FreeRTOS/Source/portable/GCC/ARM_CM4F/port.o
 .ARM.attributes
                0x000006f7       0x34 ./Middlewares/Third_Party/FreeRTOS/Source/portable/MemMang/heap_4.o
 .ARM.attributes
                0x0000072b       0x34 /opt/st/stm32cubeide_2.2.0/plugins/com.st.stm32cube.ide.mcu.externaltools.gnu-tools-for-stm32.14.3.rel1.linux64_1.0.100.202602081740/tools/bin/../lib/gcc/arm-none-eabi/14.3.1/../../../../arm-none-eabi/lib/thumb/v7e-m+fp/hard/libc_nano.a(libc_a-memset.o)
 .ARM.attributes
                0x0000075f       0x34 /opt/st/stm32cubeide_2.2.0/plugins/com.st.stm32cube.ide.mcu.externaltools.gnu-tools-for-stm32.14.3.rel1.linux64_1.0.100.202602081740/tools/bin/../lib/gcc/arm-none-eabi/14.3.1/../../../../arm-none-eabi/lib/thumb/v7e-m+fp/hard/libc_nano.a(libc_a-init.o)
 .ARM.attributes
                0x00000793       0x34 /opt/st/stm32cubeide_2.2.0/plugins/com.st.stm32cube.ide.mcu.externaltools.gnu-tools-for-stm32.14.3.rel1.linux64_1.0.100.202602081740/tools/bin/../lib/gcc/arm-none-eabi/14.3.1/../../../../arm-none-eabi/lib/thumb/v7e-m+fp/hard/libc_nano.a(libc_a-memcpy-stub.o)
 .ARM.attributes
                0x000007c7       0x22 /opt/st/stm32cubeide_2.2.0/plugins/com.st.stm32cube.ide.mcu.externaltools.gnu-tools-for-stm32.14.3.rel1.linux64_1.0.100.202602081740/tools/bin/../lib/gcc/arm-none-eabi/14.3.1/thumb/v7e-m+fp/hard/libgcc.a(_aeabi_uldivmod.o)
 .ARM.attributes
                0x000007e9       0x34 /opt/st/stm32cubeide_2.2.0/plugins/com.st.stm32cube.ide.mcu.externaltools.gnu-tools-for-stm32.14.3.rel1.linux64_1.0.100.202602081740/tools/bin/../lib/gcc/arm-none-eabi/14.3.1/thumb/v7e-m+fp/hard/libgcc.a(_udivmoddi4.o)
 .ARM.attributes
                0x0000081d       0x22 /opt/st/stm32cubeide_2.2.0/plugins/com.st.stm32cube.ide.mcu.externaltools.gnu-tools-for-stm32.14.3.rel1.linux64_1.0.100.202602081740/tools/bin/../lib/gcc/arm-none-eabi/14.3.1/thumb/v7e-m+fp/hard/libgcc.a(_dvmd_tls.o)
 .ARM.attributes
                0x0000083f       0x22 /opt/st/stm32cubeide_2.2.0/plugins/com.st.stm32cube.ide.mcu.externaltools.gnu-tools-for-stm32.14.3.rel1.linux64_1.0.100.202602081740/tools/bin/../lib/gcc/arm-none-eabi/14.3.1/thumb/v7e-m+fp/hard/crtn.o
OUTPUT(master_board.elf elf32-littlearm)
LOAD linker stubs
LOAD /opt/st/stm32cubeide_2.2.0/plugins/com.st.stm32cube.ide.mcu.externaltools.gnu-tools-for-stm32.14.3.rel1.linux64_1.0.100.202602081740/tools/bin/../lib/gcc/arm-none-eabi/14.3.1/../../../../arm-none-eabi/lib/thumb/v7e-m+fp/hard/libc.a
LOAD /opt/st/stm32cubeide_2.2.0/plugins/com.st.stm32cube.ide.mcu.externaltools.gnu-tools-for-stm32.14.3.rel1.linux64_1.0.100.202602081740/tools/bin/../lib/gcc/arm-none-eabi/14.3.1/../../../../arm-none-eabi/lib/thumb/v7e-m+fp/hard/libm.a
LOAD /opt/st/stm32cubeide_2.2.0/plugins/com.st.stm32cube.ide.mcu.externaltools.gnu-tools-for-stm32.14.3.rel1.linux64_1.0.100.202602081740/tools/bin/../lib/gcc/arm-none-eabi/14.3.1/thumb/v7e-m+fp/hard/libgcc.a

.debug_info     0x00000000    0x1fffa
 .debug_info    0x00000000      0xb6b ./Core/Src/can.o
 .debug_info    0x00000b6b      0x987 ./Core/Src/can_lib.o
 .debug_info    0x000014f2      0x547 ./Core/Src/dma.o
 .debug_info    0x00001a39      0x517 ./Core/Src/freertos.o
 .debug_info    0x00001f50      0x33b ./Core/Src/gpio.o
 .debug_info    0x0000228b      0xa5f ./Core/Src/main.o
 .debug_info    0x00002cea      0x555 ./Core/Src/stm32l4xx_hal_msp.o
 .debug_info    0x0000323f      0xcca ./Core/Src/stm32l4xx_hal_timebase_tim.o
 .debug_info    0x00003f09      0xf18 ./Core/Src/stm32l4xx_it.o
 .debug_info    0x00004e21      0x5e2 ./Core/Src/system_stm32l4xx.o
 .debug_info    0x00005403      0x7d3 ./Core/Src/task_can.o
 .debug_info    0x00005bd6      0x9da ./Core/Src/task_uart_dma.o
 .debug_info    0x000065b0      0xfd8 ./Core/Src/usart.o
 .debug_info    0x00007588       0x30 ./Core/Startup/startup_stm32l476rgtx.o
 .debug_info    0x000075b8      0x995 ./Drivers/BSP/STM32L4xx_Nucleo/stm32l4xx_nucleo.o
 .debug_info    0x00007f4d      0xc4d ./Drivers/STM32L4xx_HAL_Driver/Src/stm32l4xx_hal.o
 .debug_info    0x00008b9a      0xf70 ./Drivers/STM32L4xx_HAL_Driver/Src/stm32l4xx_hal_can.o
 .debug_info    0x00009b0a      0xdad ./Drivers/STM32L4xx_HAL_Driver/Src/stm32l4xx_hal_cortex.o
 .debug_info    0x0000a8b7      0x71a ./Drivers/STM32L4xx_HAL_Driver/Src/stm32l4xx_hal_dma.o
 .debug_info    0x0000afd1      0x79f ./Drivers/STM32L4xx_HAL_Driver/Src/stm32l4xx_hal_gpio.o
 .debug_info    0x0000b770      0x9ca ./Drivers/STM32L4xx_HAL_Driver/Src/stm32l4xx_hal_pwr_ex.o
 .debug_info    0x0000c13a      0xc45 ./Drivers/STM32L4xx_HAL_Driver/Src/stm32l4xx_hal_rcc.o
 .debug_info    0x0000cd7f      0xe58 ./Drivers/STM32L4xx_HAL_Driver/Src/stm32l4xx_hal_rcc_ex.o
 .debug_info    0x0000dbd7     0x2ade ./Drivers/STM32L4xx_HAL_Driver/Src/stm32l4xx_hal_tim.o
 .debug_info    0x000106b5     0x16e0 ./Drivers/STM32L4xx_HAL_Driver/Src/stm32l4xx_hal_tim_ex.o
 .debug_info    0x00011d95     0x3b8e ./Drivers/STM32L4xx_HAL_Driver/Src/stm32l4xx_hal_uart.o
 .debug_info    0x00015923      0xded ./Drivers/STM32L4xx_HAL_Driver/Src/stm32l4xx_hal_uart_ex.o
 .debug_info    0x00016710     0x3a9b ./Middlewares/Third_Party/FreeRTOS/Source/CMSIS_RTOS_V2/cmsis_os2.o
 .debug_info    0x0001a1ab      0x2af ./Middlewares/Third_Party/FreeRTOS/Source/list.o
 .debug_info    0x0001a45a     0x1b79 ./Middlewares/Third_Party/FreeRTOS/Source/queue.o
 .debug_info    0x0001bfd3     0x21ec ./Middlewares/Third_Party/FreeRTOS/Source/tasks.o
 .debug_info    0x0001e1bf     0x1488 ./Middlewares/Third_Party/FreeRTOS/Source/timers.o
 .debug_info    0x0001f647      0x4de ./Middlewares/Third_Party/FreeRTOS/Source/portable/GCC/ARM_CM4F/port.o
 .debug_info    0x0001fb25      0x4d5 ./Middlewares/Third_Party/FreeRTOS/Source/portable/MemMang/heap_4.o

.debug_abbrev   0x00000000     0x4bf9
 .debug_abbrev  0x00000000      0x20d ./Core/Src/can.o
 .debug_abbrev  0x0000020d      0x24b ./Core/Src/can_lib.o
 .debug_abbrev  0x00000458      0x115 ./Core/Src/dma.o
 .debug_abbrev  0x0000056d      0x195 ./Core/Src/freertos.o
 .debug_abbrev  0x00000702       0xdd ./Core/Src/gpio.o
 .debug_abbrev  0x000007df      0x24b ./Core/Src/main.o
 .debug_abbrev  0x00000a2a      0x11e ./Core/Src/stm32l4xx_hal_msp.o
 .debug_abbrev  0x00000b48      0x1fa ./Core/Src/stm32l4xx_hal_timebase_tim.o
 .debug_abbrev  0x00000d42      0x1f8 ./Core/Src/stm32l4xx_it.o
 .debug_abbrev  0x00000f3a      0x117 ./Core/Src/system_stm32l4xx.o
 .debug_abbrev  0x00001051      0x255 ./Core/Src/task_can.o
 .debug_abbrev  0x000012a6      0x203 ./Core/Src/task_uart_dma.o
 .debug_abbrev  0x000014a9      0x20f ./Core/Src/usart.o
 .debug_abbrev  0x000016b8       0x24 ./Core/Startup/startup_stm32l476rgtx.o
 .debug_abbrev  0x000016dc      0x210 ./Drivers/BSP/STM32L4xx_Nucleo/stm32l4xx_nucleo.o
 .debug_abbrev  0x000018ec      0x243 ./Drivers/STM32L4xx_HAL_Driver/Src/stm32l4xx_hal.o
 .debug_abbrev  0x00001b2f      0x27b ./Drivers/STM32L4xx_HAL_Driver/Src/stm32l4xx_hal_can.o
 .debug_abbrev  0x00001daa      0x31c ./Drivers/STM32L4xx_HAL_Driver/Src/stm32l4xx_hal_cortex.o
 .debug_abbrev  0x000020c6      0x1fd ./Drivers/STM32L4xx_HAL_Driver/Src/stm32l4xx_hal_dma.o
 .debug_abbrev  0x000022c3      0x1d1 ./Drivers/STM32L4xx_HAL_Driver/Src/stm32l4xx_hal_gpio.o
 .debug_abbrev  0x00002494      0x1f9 ./Drivers/STM32L4xx_HAL_Driver/Src/stm32l4xx_hal_pwr_ex.o
 .debug_abbrev  0x0000268d      0x2dc ./Drivers/STM32L4xx_HAL_Driver/Src/stm32l4xx_hal_rcc.o
 .debug_abbrev  0x00002969      0x2a5 ./Drivers/STM32L4xx_HAL_Driver/Src/stm32l4xx_hal_rcc_ex.o
 .debug_abbrev  0x00002c0e      0x289 ./Drivers/STM32L4xx_HAL_Driver/Src/stm32l4xx_hal_tim.o
 .debug_abbrev  0x00002e97      0x284 ./Drivers/STM32L4xx_HAL_Driver/Src/stm32l4xx_hal_tim_ex.o
 .debug_abbrev  0x0000311b      0x2f3 ./Drivers/STM32L4xx_HAL_Driver/Src/stm32l4xx_hal_uart.o
 .debug_abbrev  0x0000340e      0x2d0 ./Drivers/STM32L4xx_HAL_Driver/Src/stm32l4xx_hal_uart_ex.o
 .debug_abbrev  0x000036de      0x51f ./Middlewares/Third_Party/FreeRTOS/Source/CMSIS_RTOS_V2/cmsis_os2.o
 .debug_abbrev  0x00003bfd       0xf5 ./Middlewares/Third_Party/FreeRTOS/Source/list.o
 .debug_abbrev  0x00003cf2      0x3b6 ./Middlewares/Third_Party/FreeRTOS/Source/queue.o
 .debug_abbrev  0x000040a8      0x386 ./Middlewares/Third_Party/FreeRTOS/Source/tasks.o
 .debug_abbrev  0x0000442e      0x352 ./Middlewares/Third_Party/FreeRTOS/Source/timers.o
 .debug_abbrev  0x00004780      0x25c ./Middlewares/Third_Party/FreeRTOS/Source/portable/GCC/ARM_CM4F/port.o
 .debug_abbrev  0x000049dc      0x21d ./Middlewares/Third_Party/FreeRTOS/Source/portable/MemMang/heap_4.o

.debug_aranges  0x00000000     0x1a48
 .debug_aranges
                0x00000000       0x30 ./Core/Src/can.o
 .debug_aranges
                0x00000030       0x40 ./Core/Src/can_lib.o
 .debug_aranges
                0x00000070       0x20 ./Core/Src/dma.o
 .debug_aranges
                0x00000090       0x28 ./Core/Src/freertos.o
 .debug_aranges
                0x000000b8       0x20 ./Core/Src/gpio.o
 .debug_aranges
                0x000000d8       0x38 ./Core/Src/main.o
 .debug_aranges
                0x00000110       0x20 ./Core/Src/stm32l4xx_hal_msp.o
 .debug_aranges
                0x00000130       0x30 ./Core/Src/stm32l4xx_hal_timebase_tim.o
 .debug_aranges
                0x00000160       0x88 ./Core/Src/stm32l4xx_it.o
 .debug_aranges
                0x000001e8       0x28 ./Core/Src/system_stm32l4xx.o
 .debug_aranges
                0x00000210       0x20 ./Core/Src/task_can.o
 .debug_aranges
                0x00000230       0x28 ./Core/Src/task_uart_dma.o
 .debug_aranges
                0x00000258       0x30 ./Core/Src/usart.o
 .debug_aranges
                0x00000288       0x28 ./Core/Startup/startup_stm32l476rgtx.o
 .debug_aranges
                0x000002b0       0x60 ./Drivers/BSP/STM32L4xx_Nucleo/stm32l4xx_nucleo.o
 .debug_aranges
                0x00000310      0x130 ./Drivers/STM32L4xx_HAL_Driver/Src/stm32l4xx_hal.o
 .debug_aranges
                0x00000440      0x138 ./Drivers/STM32L4xx_HAL_Driver/Src/stm32l4xx_hal_can.o
 .debug_aranges
                0x00000578      0x128 ./Drivers/STM32L4xx_HAL_Driver/Src/stm32l4xx_hal_cortex.o
 .debug_aranges
                0x000006a0       0x80 ./Drivers/STM32L4xx_HAL_Driver/Src/stm32l4xx_hal_dma.o
 .debug_aranges
                0x00000720       0x58 ./Drivers/STM32L4xx_HAL_Driver/Src/stm32l4xx_hal_gpio.o
 .debug_aranges
                0x00000778      0x160 ./Drivers/STM32L4xx_HAL_Driver/Src/stm32l4xx_hal_pwr_ex.o
 .debug_aranges
                0x000008d8       0x90 ./Drivers/STM32L4xx_HAL_Driver/Src/stm32l4xx_hal_rcc.o
 .debug_aranges
                0x00000968       0xc0 ./Drivers/STM32L4xx_HAL_Driver/Src/stm32l4xx_hal_rcc_ex.o
 .debug_aranges
                0x00000a28      0x3e0 ./Drivers/STM32L4xx_HAL_Driver/Src/stm32l4xx_hal_tim.o
 .debug_aranges
                0x00000e08      0x180 ./Drivers/STM32L4xx_HAL_Driver/Src/stm32l4xx_hal_tim_ex.o
 .debug_aranges
                0x00000f88      0x228 ./Drivers/STM32L4xx_HAL_Driver/Src/stm32l4xx_hal_uart.o
 .debug_aranges
                0x000011b0       0x80 ./Drivers/STM32L4xx_HAL_Driver/Src/stm32l4xx_hal_uart_ex.o
 .debug_aranges
                0x00001230      0x2b0 ./Middlewares/Third_Party/FreeRTOS/Source/CMSIS_RTOS_V2/cmsis_os2.o
 .debug_aranges
                0x000014e0       0x40 ./Middlewares/Third_Party/FreeRTOS/Source/list.o
 .debug_aranges
                0x00001520      0x158 ./Middlewares/Third_Party/FreeRTOS/Source/queue.o
 .debug_aranges
                0x00001678      0x208 ./Middlewares/Third_Party/FreeRTOS/Source/tasks.o
 .debug_aranges
                0x00001880       0xf0 ./Middlewares/Third_Party/FreeRTOS/Source/timers.o
 .debug_aranges
                0x00001970       0x80 ./Middlewares/Third_Party/FreeRTOS/Source/portable/GCC/ARM_CM4F/port.o
 .debug_aranges
                0x000019f0       0x58 ./Middlewares/Third_Party/FreeRTOS/Source/portable/MemMang/heap_4.o

.debug_rnglists
                0x00000000     0x144c
 .debug_rnglists
                0x00000000       0x20 ./Core/Src/can.o
 .debug_rnglists
                0x00000020       0x3b ./Core/Src/can_lib.o
 .debug_rnglists
                0x0000005b       0x13 ./Core/Src/dma.o
 .debug_rnglists
                0x0000006e       0x1a ./Core/Src/freertos.o
 .debug_rnglists
                0x00000088       0x13 ./Core/Src/gpio.o
 .debug_rnglists
                0x0000009b       0x26 ./Core/Src/main.o
 .debug_rnglists
                0x000000c1       0x13 ./Core/Src/stm32l4xx_hal_msp.o
 .debug_rnglists
                0x000000d4       0x20 ./Core/Src/stm32l4xx_hal_timebase_tim.o
 .debug_rnglists
                0x000000f4       0x61 ./Core/Src/stm32l4xx_it.o
 .debug_rnglists
                0x00000155       0x1a ./Core/Src/system_stm32l4xx.o
 .debug_rnglists
                0x0000016f       0x14 ./Core/Src/task_can.o
 .debug_rnglists
                0x00000183       0x1a ./Core/Src/task_uart_dma.o
 .debug_rnglists
                0x0000019d       0x20 ./Core/Src/usart.o
 .debug_rnglists
                0x000001bd       0x19 ./Core/Startup/startup_stm32l476rgtx.o
 .debug_rnglists
                0x000001d6       0x44 ./Drivers/BSP/STM32L4xx_Nucleo/stm32l4xx_nucleo.o
 .debug_rnglists
                0x0000021a       0xdf ./Drivers/STM32L4xx_HAL_Driver/Src/stm32l4xx_hal.o
 .debug_rnglists
                0x000002f9       0xee ./Drivers/STM32L4xx_HAL_Driver/Src/stm32l4xx_hal_can.o
 .debug_rnglists
                0x000003e7       0xda ./Drivers/STM32L4xx_HAL_Driver/Src/stm32l4xx_hal_cortex.o
 .debug_rnglists
                0x000004c1       0x65 ./Drivers/STM32L4xx_HAL_Driver/Src/stm32l4xx_hal_dma.o
 .debug_rnglists
                0x00000526       0x3f ./Drivers/STM32L4xx_HAL_Driver/Src/stm32l4xx_hal_gpio.o
 .debug_rnglists
                0x00000565      0x109 ./Drivers/STM32L4xx_HAL_Driver/Src/stm32l4xx_hal_pwr_ex.o
 .debug_rnglists
                0x0000066e       0x6d ./Drivers/STM32L4xx_HAL_Driver/Src/stm32l4xx_hal_rcc.o
 .debug_rnglists
                0x000006db       0x95 ./Drivers/STM32L4xx_HAL_Driver/Src/stm32l4xx_hal_rcc_ex.o
 .debug_rnglists
                0x00000770      0x32c ./Drivers/STM32L4xx_HAL_Driver/Src/stm32l4xx_hal_tim.o
 .debug_rnglists
                0x00000a9c      0x139 ./Drivers/STM32L4xx_HAL_Driver/Src/stm32l4xx_hal_tim_ex.o
 .debug_rnglists
                0x00000bd5      0x1da ./Drivers/STM32L4xx_HAL_Driver/Src/stm32l4xx_hal_uart.o
 .debug_rnglists
                0x00000daf       0x60 ./Drivers/STM32L4xx_HAL_Driver/Src/stm32l4xx_hal_uart_ex.o
 .debug_rnglists
                0x00000e0f      0x212 ./Middlewares/Third_Party/FreeRTOS/Source/CMSIS_RTOS_V2/cmsis_os2.o
 .debug_rnglists
                0x00001021       0x2b ./Middlewares/Third_Party/FreeRTOS/Source/list.o
 .debug_rnglists
                0x0000104c      0x109 ./Middlewares/Third_Party/FreeRTOS/Source/queue.o
 .debug_rnglists
                0x00001155      0x1a0 ./Middlewares/Third_Party/FreeRTOS/Source/tasks.o
 .debug_rnglists
                0x000012f5       0xb8 ./Middlewares/Third_Party/FreeRTOS/Source/timers.o
 .debug_rnglists
                0x000013ad       0x5d ./Middlewares/Third_Party/FreeRTOS/Source/portable/GCC/ARM_CM4F/port.o
 .debug_rnglists
                0x0000140a       0x42 ./Middlewares/Third_Party/FreeRTOS/Source/portable/MemMang/heap_4.o

.debug_macro    0x00000000    0x2a8bc
 .debug_macro   0x00000000      0x1fb ./Core/Src/can.o
 .debug_macro   0x000001fb      0xade ./Core/Src/can.o
 .debug_macro   0x00000cd9      0x1ad ./Core/Src/can.o
 .debug_macro   0x00000e86       0x2e ./Core/Src/can.o
 .debug_macro   0x00000eb4       0x28 ./Core/Src/can.o
 .debug_macro   0x00000edc       0x22 ./Core/Src/can.o
 .debug_macro   0x00000efe       0x8e ./Core/Src/can.o
 .debug_macro   0x00000f8c       0x51 ./Core/Src/can.o
 .debug_macro   0x00000fdd      0x103 ./Core/Src/can.o
 .debug_macro   0x000010e0       0x6a ./Core/Src/can.o
 .debug_macro   0x0000114a      0x1df ./Core/Src/can.o
 .debug_macro   0x00001329       0x1c ./Core/Src/can.o
 .debug_macro   0x00001345       0x22 ./Core/Src/can.o
 .debug_macro   0x00001367       0xfb ./Core/Src/can.o
 .debug_macro   0x00001462     0x1011 ./Core/Src/can.o
 .debug_macro   0x00002473      0x11f ./Core/Src/can.o
 .debug_macro   0x00002592    0x1a192 ./Core/Src/can.o
 .debug_macro   0x0001c724       0x6d ./Core/Src/can.o
 .debug_macro   0x0001c791     0x38fb ./Core/Src/can.o
 .debug_macro   0x0002008c      0x190 ./Core/Src/can.o
 .debug_macro   0x0002021c       0x5c ./Core/Src/can.o
 .debug_macro   0x00020278     0x159e ./Core/Src/can.o
 .debug_macro   0x00021816      0x5a5 ./Core/Src/can.o
 .debug_macro   0x00021dbb      0x1b9 ./Core/Src/can.o
 .debug_macro   0x00021f74      0x18b ./Core/Src/can.o
 .debug_macro   0x000220ff      0x2c4 ./Core/Src/can.o
 .debug_macro   0x000223c3      0x27a ./Core/Src/can.o
 .debug_macro   0x0002263d      0x23d ./Core/Src/can.o
 .debug_macro   0x0002287a      0x408 ./Core/Src/can.o
 .debug_macro   0x00022c82      0x241 ./Core/Src/can.o
 .debug_macro   0x00022ec3      0x37c ./Core/Src/can.o
 .debug_macro   0x0002323f       0xd6 ./Core/Src/can.o
 .debug_macro   0x00023315      0x122 ./Core/Src/can.o
 .debug_macro   0x00023437      0x3ef ./Core/Src/can.o
 .debug_macro   0x00023826      0xa98 ./Core/Src/can.o
 .debug_macro   0x000242be      0x1e6 ./Core/Src/can.o
 .debug_macro   0x000244a4      0x5cf ./Core/Src/can.o
 .debug_macro   0x00024a73       0x44 ./Core/Src/can.o
 .debug_macro   0x00024ab7      0x330 ./Core/Src/can.o
 .debug_macro   0x00024de7      0x1bb ./Core/Src/can.o
 .debug_macro   0x00024fa2       0x40 ./Core/Src/can.o
 .debug_macro   0x00024fe2      0x214 ./Core/Src/can_lib.o
 .debug_macro   0x000251f6       0x22 ./Core/Src/can_lib.o
 .debug_macro   0x00025218      0x1fb ./Core/Src/dma.o
 .debug_macro   0x00025413      0x28e ./Core/Src/freertos.o
 .debug_macro   0x000256a1      0x169 ./Core/Src/freertos.o
 .debug_macro   0x0002580a      0x15a ./Core/Src/freertos.o
 .debug_macro   0x00025964       0xc9 ./Core/Src/freertos.o
 .debug_macro   0x00025a2d       0x1c ./Core/Src/freertos.o
 .debug_macro   0x00025a49       0x26 ./Core/Src/freertos.o
 .debug_macro   0x00025a6f      0x4c5 ./Core/Src/freertos.o
 .debug_macro   0x00025f34       0xb5 ./Core/Src/freertos.o
 .debug_macro   0x00025fe9       0xaa ./Core/Src/freertos.o
 .debug_macro   0x00026093       0x6c ./Core/Src/freertos.o
 .debug_macro   0x000260ff       0x74 ./Core/Src/freertos.o
 .debug_macro   0x00026173       0xdd ./Core/Src/freertos.o
 .debug_macro   0x00026250       0x16 ./Core/Src/freertos.o
 .debug_macro   0x00026266      0x1fb ./Core/Src/gpio.o
 .debug_macro   0x00026461      0x2ad ./Core/Src/main.o
 .debug_macro   0x0002670e      0x169 ./Core/Src/main.o
 .debug_macro   0x00026877       0x66 ./Core/Src/main.o
 .debug_macro   0x000268dd      0x1f1 ./Core/Src/stm32l4xx_hal_msp.o
 .debug_macro   0x00026ace      0x1d9 ./Core/Src/stm32l4xx_hal_timebase_tim.o
 .debug_macro   0x00026ca7      0x1fb ./Core/Src/stm32l4xx_it.o
 .debug_macro   0x00026ea2      0x1d9 ./Core/Src/system_stm32l4xx.o
 .debug_macro   0x0002707b      0x390 ./Core/Src/task_can.o
 .debug_macro   0x0002740b       0x10 ./Core/Src/task_can.o
 .debug_macro   0x0002741b       0x16 ./Core/Src/task_can.o
 .debug_macro   0x00027431       0xf5 ./Core/Src/task_can.o
 .debug_macro   0x00027526       0x61 ./Core/Src/task_can.o
 .debug_macro   0x00027587       0x10 ./Core/Src/task_can.o
 .debug_macro   0x00027597       0x20 ./Core/Src/task_can.o
 .debug_macro   0x000275b7      0x36b ./Core/Src/task_uart_dma.o
 .debug_macro   0x00027922      0x1fb ./Core/Src/usart.o
 .debug_macro   0x00027b1d      0x212 ./Drivers/BSP/STM32L4xx_Nucleo/stm32l4xx_nucleo.o
 .debug_macro   0x00027d2f      0x1b5 ./Drivers/BSP/STM32L4xx_Nucleo/stm32l4xx_nucleo.o
 .debug_macro   0x00027ee4      0x227 ./Drivers/STM32L4xx_HAL_Driver/Src/stm32l4xx_hal.o
 .debug_macro   0x0002810b      0x1e8 ./Drivers/STM32L4xx_HAL_Driver/Src/stm32l4xx_hal_can.o
 .debug_macro   0x000282f3      0x1d9 ./Drivers/STM32L4xx_HAL_Driver/Src/stm32l4xx_hal_cortex.o
 .debug_macro   0x000284cc      0x1d9 ./Drivers/STM32L4xx_HAL_Driver/Src/stm32l4xx_hal_dma.o
 .debug_macro   0x000286a5      0x1e0 ./Drivers/STM32L4xx_HAL_Driver/Src/stm32l4xx_hal_gpio.o
 .debug_macro   0x00028885      0x1fd ./Drivers/STM32L4xx_HAL_Driver/Src/stm32l4xx_hal_pwr_ex.o
 .debug_macro   0x00028a82      0x21b ./Drivers/STM32L4xx_HAL_Driver/Src/stm32l4xx_hal_rcc.o
 .debug_macro   0x00028c9d      0x20f ./Drivers/STM32L4xx_HAL_Driver/Src/stm32l4xx_hal_rcc_ex.o
 .debug_macro   0x00028eac      0x1da ./Drivers/STM32L4xx_HAL_Driver/Src/stm32l4xx_hal_tim.o
 .debug_macro   0x00029086      0x1d9 ./Drivers/STM32L4xx_HAL_Driver/Src/stm32l4xx_hal_tim_ex.o
 .debug_macro   0x0002925f      0x204 ./Drivers/STM32L4xx_HAL_Driver/Src/stm32l4xx_hal_uart.o
 .debug_macro   0x00029463      0x1d9 ./Drivers/STM32L4xx_HAL_Driver/Src/stm32l4xx_hal_uart_ex.o
 .debug_macro   0x0002963c      0x3d0 ./Middlewares/Third_Party/FreeRTOS/Source/CMSIS_RTOS_V2/cmsis_os2.o
 .debug_macro   0x00029a0c       0x91 ./Middlewares/Third_Party/FreeRTOS/Source/CMSIS_RTOS_V2/cmsis_os2.o
 .debug_macro   0x00029a9d       0x8d ./Middlewares/Third_Party/FreeRTOS/Source/CMSIS_RTOS_V2/cmsis_os2.o
 .debug_macro   0x00029b2a       0x9a ./Middlewares/Third_Party/FreeRTOS/Source/CMSIS_RTOS_V2/cmsis_os2.o
 .debug_macro   0x00029bc4       0x22 ./Middlewares/Third_Party/FreeRTOS/Source/CMSIS_RTOS_V2/cmsis_os2.o
 .debug_macro   0x00029be6       0x56 ./Middlewares/Third_Party/FreeRTOS/Source/CMSIS_RTOS_V2/cmsis_os2.o
 .debug_macro   0x00029c3c      0x187 ./Middlewares/Third_Party/FreeRTOS/Source/list.o
 .debug_macro   0x00029dc3      0x216 ./Middlewares/Third_Party/FreeRTOS/Source/queue.o
 .debug_macro   0x00029fd9       0x16 ./Middlewares/Third_Party/FreeRTOS/Source/queue.o
 .debug_macro   0x00029fef       0x87 ./Middlewares/Third_Party/FreeRTOS/Source/queue.o
 .debug_macro   0x0002a076      0x27f ./Middlewares/Third_Party/FreeRTOS/Source/tasks.o
 .debug_macro   0x0002a2f5       0x10 ./Middlewares/Third_Party/FreeRTOS/Source/tasks.o
 .debug_macro   0x0002a305      0x1dc ./Middlewares/Third_Party/FreeRTOS/Source/timers.o
 .debug_macro   0x0002a4e1       0x97 ./Middlewares/Third_Party/FreeRTOS/Source/timers.o
 .debug_macro   0x0002a578      0x196 ./Middlewares/Third_Party/FreeRTOS/Source/portable/GCC/ARM_CM4F/port.o
 .debug_macro   0x0002a70e      0x1ae ./Middlewares/Third_Party/FreeRTOS/Source/portable/MemMang/heap_4.o

.debug_line     0x00000000    0x1f0e7
 .debug_line    0x00000000      0x76e ./Core/Src/can.o
 .debug_line    0x0000076e      0x83c ./Core/Src/can_lib.o
 .debug_line    0x00000faa      0x6f1 ./Core/Src/dma.o
 .debug_line    0x0000169b      0x8ae ./Core/Src/freertos.o
 .debug_line    0x00001f49      0x6f2 ./Core/Src/gpio.o
 .debug_line    0x0000263b      0x912 ./Core/Src/main.o
 .debug_line    0x00002f4d      0x6f4 ./Core/Src/stm32l4xx_hal_msp.o
 .debug_line    0x00003641      0x738 ./Core/Src/stm32l4xx_hal_timebase_tim.o
 .debug_line    0x00003d79      0x824 ./Core/Src/stm32l4xx_it.o
 .debug_line    0x0000459d      0x75b ./Core/Src/system_stm32l4xx.o
 .debug_line    0x00004cf8      0xa9c ./Core/Src/task_can.o
 .debug_line    0x00005794      0xa60 ./Core/Src/task_uart_dma.o
 .debug_line    0x000061f4      0x7d3 ./Core/Src/usart.o
 .debug_line    0x000069c7       0x7a ./Core/Startup/startup_stm32l476rgtx.o
 .debug_line    0x00006a41      0x81e ./Drivers/BSP/STM32L4xx_Nucleo/stm32l4xx_nucleo.o
 .debug_line    0x0000725f      0xac7 ./Drivers/STM32L4xx_HAL_Driver/Src/stm32l4xx_hal.o
 .debug_line    0x00007d26     0x116a ./Drivers/STM32L4xx_HAL_Driver/Src/stm32l4xx_hal_can.o
 .debug_line    0x00008e90      0xc5e ./Drivers/STM32L4xx_HAL_Driver/Src/stm32l4xx_hal_cortex.o
 .debug_line    0x00009aee      0xc78 ./Drivers/STM32L4xx_HAL_Driver/Src/stm32l4xx_hal_dma.o
 .debug_line    0x0000a766      0xb17 ./Drivers/STM32L4xx_HAL_Driver/Src/stm32l4xx_hal_gpio.o
 .debug_line    0x0000b27d      0xca5 ./Drivers/STM32L4xx_HAL_Driver/Src/stm32l4xx_hal_pwr_ex.o
 .debug_line    0x0000bf22     0x1018 ./Drivers/STM32L4xx_HAL_Driver/Src/stm32l4xx_hal_rcc.o
 .debug_line    0x0000cf3a     0x14e6 ./Drivers/STM32L4xx_HAL_Driver/Src/stm32l4xx_hal_rcc_ex.o
 .debug_line    0x0000e420     0x3e2d ./Drivers/STM32L4xx_HAL_Driver/Src/stm32l4xx_hal_tim.o
 .debug_line    0x0001224d     0x1b00 ./Drivers/STM32L4xx_HAL_Driver/Src/stm32l4xx_hal_tim_ex.o
 .debug_line    0x00013d4d     0x2cf6 ./Drivers/STM32L4xx_HAL_Driver/Src/stm32l4xx_hal_uart.o