Archive member included to satisfy reference by file (symbol)

/opt/st/stm32cubeide_2.2.0/plugins/com.st.stm32cube.ide.mcu.externaltools.gnu-tools-for-stm32.14.3.rel1.linux64_1.0.100.202602081740/tools/bin/../lib/gcc/arm-none-eabi/14.3.1/../../../../arm-none-eabi/lib/thumb/v7e-m+fp/hard/libc_nano.a(libc_a-exit.o)
                              /opt/st/stm32cubeide_2.2.0/plugins/com.st.stm32cube.ide.mcu.externaltools.gnu-tools-for-stm32.14.3.rel1.linux64_1.0.100.202602081740/tools/bin/../lib/gcc/arm-none-eabi/14.3.1/../../../../arm-none-eabi/lib/thumb/v7e-m+fp/hard/crt0.o (exit)
/opt/st/stm32cubeide_2.2.0/plugins/com.st.stm32cube.ide.mcu.externaltools.gnu-tools-for-stm32.14.3.rel1.linux64_1.0.100.202602081740/tools/bin/../lib/gcc/arm-none-eabi/14.3.1/../../../../arm-none-eabi/lib/thumb/v7e-m+fp/hard/libc_nano.a(libc_a-findfp.o)
                              /opt/st/stm32cubeide_2.2.0/plugins/com.st.stm32cube.ide.mcu.externaltools.gnu-tools-for-stm32.14.3.rel1.linux64_1.0.100.202602081740/tools/bin/../lib/gcc/arm-none-eabi/14.3.1/../../../../arm-none-eabi/lib/thumb/v7e-m+fp/hard/libc_nano.a(libc_a-exit.o) (__stdio_exit_handler)
/opt/st/stm32cubeide_2.2.0/plugins/com.st.stm32cube.ide.mcu.externaltools.gnu-tools-for-stm32.14.3.rel1.linux64_1.0.100.202602081740/tools/bin/../lib/gcc/arm-none-eabi/14.3.1/../../../../arm-none-eabi/lib/thumb/v7e-m+fp/hard/libc_nano.a(libc_a-fwalk.o)
                              /opt/st/stm32cubeide_2.2.0/plugins/com.st.stm32cube.ide.mcu.externaltools.gnu-tools-for-stm32.14.3.rel1.linux64_1.0.100.202602081740/tools/bin/../lib/gcc/arm-none-eabi/14.3.1/../../../../arm-none-eabi/lib/thumb/v7e-m+fp/hard/libc_nano.a(libc_a-findfp.o) (_fwalk_sglue)
/opt/st/stm32cubeide_2.2.0/plugins/com.st.stm32cube.ide.mcu.externaltools.gnu-tools-for-stm32.14.3.rel1.linux64_1.0.100.202602081740/tools/bin/../lib/gcc/arm-none-eabi/14.3.1/../../../../arm-none-eabi/lib/thumb/v7e-m+fp/hard/libc_nano.a(libc_a-stdio.o)
                              /opt/st/stm32cubeide_2.2.0/plugins/com.st.stm32cube.ide.mcu.externaltools.gnu-tools-for-stm32.14.3.rel1.linux64_1.0.100.202602081740/tools/bin/../lib/gcc/arm-none-eabi/14.3.1/../../../../arm-none-eabi/lib/thumb/v7e-m+fp/hard/libc_nano.a(libc_a-findfp.o) (__sread)
/opt/st/stm32cubeide_2.2.0/plugins/com.st.stm32cube.ide.mcu.externaltools.gnu-tools-for-stm32.14.3.rel1.linux64_1.0.100.202602081740/tools/bin/../lib/gcc/arm-none-eabi/14.3.1/../../../../arm-none-eabi/lib/thumb/v7e-m+fp/hard/libc_nano.a(libc_a-memset.o)
                              /opt/st/stm32cubeide_2.2.0/plugins/com.st.stm32cube.ide.mcu.externaltools.gnu-tools-for-stm32.14.3.rel1.linux64_1.0.100.202602081740/tools/bin/../lib/gcc/arm-none-eabi/14.3.1/../../../../arm-none-eabi/lib/thumb/v7e-m+fp/hard/crt0.o (memset)
/opt/st/stm32cubeide_2.2.0/plugins/com.st.stm32cube.ide.mcu.externaltools.gnu-tools-for-stm32.14.3.rel1.linux64_1.0.100.202602081740/tools/bin/../lib/gcc/arm-none-eabi/14.3.1/../../../../arm-none-eabi/lib/thumb/v7e-m+fp/hard/libc_nano.a(libc_a-closer.o)
                              /opt/st/stm32cubeide_2.2.0/plugins/com.st.stm32cube.ide.mcu.externaltools.gnu-tools-for-stm32.14.3.rel1.linux64_1.0.100.202602081740/tools/bin/../lib/gcc/arm-none-eabi/14.3.1/../../../../arm-none-eabi/lib/thumb/v7e-m+fp/hard/libc_nano.a(libc_a-stdio.o) (_close_r)
/opt/st/stm32cubeide_2.2.0/plugins/com.st.stm32cube.ide.mcu.externaltools.gnu-tools-for-stm32.14.3.rel1.linux64_1.0.100.202602081740/tools/bin/../lib/gcc/arm-none-eabi/14.3.1/../../../../arm-none-eabi/lib/thumb/v7e-m+fp/hard/libc_nano.a(libc_a-reent.o)
                              /opt/st/stm32cubeide_2.2.0/plugins/com.st.stm32cube.ide.mcu.externaltools.gnu-tools-for-stm32.14.3.rel1.linux64_1.0.100.202602081740/tools/bin/../lib/gcc/arm-none-eabi/14.3.1/../../../../arm-none-eabi/lib/thumb/v7e-m+fp/hard/libc_nano.a(libc_a-closer.o) (errno)
/opt/st/stm32cubeide_2.2.0/plugins/com.st.stm32cube.ide.mcu.externaltools.gnu-tools-for-stm32.14.3.rel1.linux64_1.0.100.202602081740/tools/bin/../lib/gcc/arm-none-eabi/14.3.1/../../../../arm-none-eabi/lib/thumb/v7e-m+fp/hard/libc_nano.a(libc_a-impure.o)
                              /opt/st/stm32cubeide_2.2.0/plugins/com.st.stm32cube.ide.mcu.externaltools.gnu-tools-for-stm32.14.3.rel1.linux64_1.0.100.202602081740/tools/bin/../lib/gcc/arm-none-eabi/14.3.1/../../../../arm-none-eabi/lib/thumb/v7e-m+fp/hard/libc_nano.a(libc_a-reent.o) (_impure_ptr)
/opt/st/stm32cubeide_2.2.0/plugins/com.st.stm32cube.ide.mcu.externaltools.gnu-tools-for-stm32.14.3.rel1.linux64_1.0.100.202602081740/tools/bin/../lib/gcc/arm-none-eabi/14.3.1/../../../../arm-none-eabi/lib/thumb/v7e-m+fp/hard/libc_nano.a(libc_a-lseekr.o)
                              /opt/st/stm32cubeide_2.2.0/plugins/com.st.stm32cube.ide.mcu.externaltools.gnu-tools-for-stm32.14.3.rel1.linux64_1.0.100.202602081740/tools/bin/../lib/gcc/arm-none-eabi/14.3.1/../../../../arm-none-eabi/lib/thumb/v7e-m+fp/hard/libc_nano.a(libc_a-stdio.o) (_lseek_r)
[...]
Memory Configuration

Name             Origin             Length             Attributes
RAM              0x20000000         0x00018000         xrw
RAM2             0x10000000         0x00008000         xrw
FLASH            0x08000000         0x00100000         xr
*default*        0x00000000         0xffffffff

Linker script and memory map

LOAD /opt/st/stm32cubeide_2.2.0/plugins/com.st.stm32cube.ide.mcu.externaltools.gnu-tools-for-stm32.14.3.rel1.linux64_1.0.100.202602081740/tools/bin/../lib/gcc/arm-none-eabi/14.3.1/thumb/v7e-m+fp/hard/crti.o
LOAD /opt/st/stm32cubeide_2.2.0/plugins/com.st.stm32cube.ide.mcu.externaltools.gnu-tools-for-stm32.14.3.rel1.linux64_1.0.100.202602081740/tools/bin/../lib/gcc/arm-none-eabi/14.3.1/thumb/v7e-m+fp/hard/crtbegin.o
LOAD /opt/st/stm32cubeide_2.2.0/plugins/com.st.stm32cube.ide.mcu.externaltools.gnu-tools-for-stm32.14.3.rel1.linux64_1.0.100.202602081740/tools/bin/../lib/gcc/arm-none-eabi/14.3.1/../../../../arm-none-eabi/lib/thumb/v7e-m+fp/hard/crt0.o
LOAD ./Core/Src/dma.o
LOAD ./Core/Src/freertos.o
LOAD ./Core/Src/gpio.o
LOAD ./Core/Src/main.o
LOAD ./Core/Src/stm32l4xx_hal_msp.o
LOAD ./Core/Src/stm32l4xx_hal_timebase_tim.o
LOAD ./Core/Src/stm32l4xx_it.o
LOAD ./Core/Src/syscalls.o
LOAD ./Core/Src/sysmem.o
LOAD ./Core/Src/system_stm32l4xx.o
LOAD ./Core/Src/task_can.o
LOAD ./Core/Src/task_uart_dma.o
LOAD ./Core/Src/usart.o
LOAD ./Core/Startup/startup_stm32l476rgtx.o
LOAD ./Drivers/BSP/STM32L4xx_Nucleo/stm32l4xx_nucleo.o
LOAD ./Drivers/STM32L4xx_HAL_Driver/Src/stm32l4xx_hal.o
LOAD ./Drivers/STM32L4xx_HAL_Driver/Src/stm32l4xx_hal_cortex.o
LOAD ./Drivers/STM32L4xx_HAL_Driver/Src/stm32l4xx_hal_dma.o
LOAD ./Drivers/STM32L4xx_HAL_Driver/Src/stm32l4xx_hal_dma_ex.o
LOAD ./Drivers/STM32L4xx_HAL_Driver/Src/stm32l4xx_hal_exti.o
LOAD ./Drivers/STM32L4xx_HAL_Driver/Src/stm32l4xx_hal_flash.o
LOAD ./Drivers/STM32L4xx_HAL_Driver/Src/stm32l4xx_hal_flash_ex.o
LOAD ./Drivers/STM32L4xx_HAL_Driver/Src/stm32l4xx_hal_flash_ramfunc.o
LOAD ./Drivers/STM32L4xx_HAL_Driver/Src/stm32l4xx_hal_gpio.o
LOAD ./Drivers/STM32L4xx_HAL_Driver/Src/stm32l4xx_hal_i2c.o
LOAD ./Drivers/STM32L4xx_HAL_Driver/Src/stm32l4xx_hal_i2c_ex.o
LOAD ./Drivers/STM32L4xx_HAL_Driver/Src/stm32l4xx_hal_pwr.o
LOAD ./Drivers/STM32L4xx_HAL_Driver/Src/stm32l4xx_hal_pwr_ex.o
LOAD ./Drivers/STM32L4xx_HAL_Driver/Src/stm32l4xx_hal_rcc.o
LOAD ./Drivers/STM32L4xx_HAL_Driver/Src/stm32l4xx_hal_rcc_ex.o
LOAD ./Drivers/STM32L4xx_HAL_Driver/Src/stm32l4xx_hal_tim.o
LOAD ./Drivers/STM32L4xx_HAL_Driver/Src/stm32l4xx_hal_tim_ex.o
LOAD ./Drivers/STM32L4xx_HAL_Driver/Src/stm32l4xx_hal_uart.o
LOAD ./Drivers/STM32L4xx_HAL_Driver/Src/stm32l4xx_hal_uart_ex.o
LOAD ./Middlewares/Third_Party/FreeRTOS/Source/CMSIS_RTOS_V2/cmsis_os2.o
LOAD ./Middlewares/Third_Party/FreeRTOS/Source/croutine.o
LOAD ./Middlewares/Third_Party/FreeRTOS/Source/event_groups.o
LOAD ./Middlewares/Third_Party/FreeRTOS/Source/list.o
LOAD ./Middlewares/Third_Party/FreeRTOS/Source/queue.o
LOAD ./Middlewares/Third_Party/FreeRTOS/Source/stream_buffer.o
LOAD ./Middlewares/Third_Party/FreeRTOS/Source/tasks.o
LOAD ./Middlewares/Third_Party/FreeRTOS/Source/timers.o
LOAD ./Middlewares/Third_Party/FreeRTOS/Source/portable/GCC/ARM_CM4F/port.o
LOAD ./Middlewares/Third_Party/FreeRTOS/Source/portable/MemMang/heap_4.o
START GROUP
LOAD /opt/st/stm32cubeide_2.2.0/plugins/com.st.stm32cube.ide.mcu.externaltools.gnu-tools-for-stm32.14.3.rel1.linux64_1.0.100.202602081740/tools/bin/../lib/gcc/arm-none-eabi/14.3.1/../../../../arm-none-eabi/lib/thumb/v7e-m+fp/hard/libc_nano.a
LOAD /opt/st/stm32cubeide_2.2.0/plugins/com.st.stm32cube.ide.mcu.externaltools.gnu-tools-for-stm32.14.3.rel1.linux64_1.0.100.202602081740/tools/bin/../lib/gcc/arm-none-eabi/14.3.1/../../../../arm-none-eabi/lib/thumb/v7e-m+fp/hard/libm.a
END GROUP
START GROUP
LOAD /opt/st/stm32cubeide_2.2.0/plugins/com.st.stm32cube.ide.mcu.externaltools.gnu-tools-for-stm32.14.3.rel1.linux64_1.0.100.202602081740/tools/bin/../lib/gcc/arm-none-eabi/14.3.1/thumb/v7e-m+fp/hard/libgcc.a
LOAD /opt/st/stm32cubeide_2.2.0/plugins/com.st.stm32cube.ide.mcu.externaltools.gnu-tools-for-stm32.14.3.rel1.linux64_1.0.100.202602081740/tools/bin/../lib/gcc/arm-none-eabi/14.3.1/../../../../arm-none-eabi/lib/thumb/v7e-m+fp/hard/libc_nano.a
END GROUP
START GROUP
LOAD /opt/st/stm32cubeide_2.2.0/plugins/com.st.stm32cube.ide.mcu.externaltools.gnu-tools-for-stm32.14.3.rel1.linux64_1.0.100.202602081740/tools/bin/../lib/gcc/arm-none-eabi/14.3.1/thumb/v7e-m+fp/hard/libgcc.a
LOAD /opt/st/stm32cubeide_2.2.0/plugins/com.st.stm32cube.ide.mcu.externaltools.gnu-tools-for-stm32.14.3.rel1.linux64_1.0.100.202602081740/tools/bin/../lib/gcc/arm-none-eabi/14.3.1/../../../../arm-none-eabi/lib/thumb/v7e-m+fp/hard/libc_nano.a
LOAD /opt/st/stm32cubeide_2.2.0/plugins/com.st.stm32cube.ide.mcu.externaltools.gnu-tools-for-stm32.14.3.rel1.linux64_1.0.100.202602081740/tools/bin/../lib/gcc/arm-none-eabi/14.3.1/../../../../arm-none-eabi/lib/thumb/v7e-m+fp/hard/libnosys.a
END GROUP
START GROUP
LOAD /opt/st/stm32cubeide_2.2.0/plugins/com.st.stm32cube.ide.mcu.externaltools.gnu-tools-for-stm32.14.3.rel1.linux64_1.0.100.202602081740/tools/bin/../lib/gcc/arm-none-eabi/14.3.1/thumb/v7e-m+fp/hard/libgcc.a
LOAD /opt/st/stm32cubeide_2.2.0/plugins/com.st.stm32cube.ide.mcu.externaltools.gnu-tools-for-stm32.14.3.rel1.linux64_1.0.100.202602081740/tools/bin/../lib/gcc/arm-none-eabi/14.3.1/../../../../arm-none-eabi/lib/thumb/v7e-m+fp/hard/libc_nano.a
LOAD /opt/st/stm32cubeide_2.2.0/plugins/com.st.stm32cube.ide.mcu.externaltools.gnu-tools-for-stm32.14.3.rel1.linux64_1.0.100.202602081740/tools/bin/../lib/gcc/arm-none-eabi/14.3.1/../../../../arm-none-eabi/lib/thumb/v7e-m+fp/hard/libnosys.a
END GROUP
LOAD /opt/st/stm32cubeide_2.2.0/plugins/com.st.stm32cube.ide.mcu.externaltools.gnu-tools-for-stm32.14.3.rel1.linux64_1.0.100.202602081740/tools/bin/../lib/gcc/arm-none-eabi/14.3.1/thumb/v7e-m+fp/hard/crtend.o
LOAD /opt/st/stm32cubeide_2.2.0/plugins/com.st.stm32cube.ide.mcu.externaltools.gnu-tools-for-stm32.14.3.rel1.linux64_1.0.100.202602081740/tools/bin/../lib/gcc/arm-none-eabi/14.3.1/thumb/v7e-m+fp/hard/crtn.o
                0x20018000                        _estack = (ORIGIN (RAM) + LENGTH (RAM))
                0x00000200                        _Min_Heap_Size = 0x200
                0x00000400                        _Min_Stack_Size = 0x400

.isr_vector     0x08000000      0x188
                0x08000000                        . = ALIGN (0x4)
 *(.isr_vector)
 .isr_vector    0x08000000      0x188 ./Core/Startup/startup_stm32l476rgtx.o
                0x08000000                g_pfnVectors
                0x08000188                        . = ALIGN (0x4)

.text           0x08000190     0x7a34
                0x08000190                        . = ALIGN (0x4)
 *(.text)
 .text          0x08000190       0x40 /opt/st/stm32cubeide_2.2.0/plugins/com.st.stm32cube.ide.mcu.externaltools.gnu-tools-for-stm32.14.3.rel1.linux64_1.0.100.202602081740/tools/bin/../lib/gcc/arm-none-eabi/14.3.1/thumb/v7e-m+fp/hard/crtbegin.o
 .text          0x080001d0       0x30 /opt/st/stm32cubeide_2.2.0/plugins/com.st.stm32cube.ide.mcu.externaltools.gnu-tools-for-stm32.14.3.rel1.linux64_1.0.100.202602081740/tools/bin/../lib/gcc/arm-none-eabi/14.3.1/thumb/v7e-m+fp/hard/libgcc.a(_aeabi_uldivmod.o)
                0x080001d0                __aeabi_uldivmod
 .text          0x08000200      0x2f8 /opt/st/stm32cubeide_2.2.0/plugins/com.st.stm32cube.ide.mcu.externaltools.gnu-tools-for-stm32.14.3.rel1.linux64_1.0.100.202602081740/tools/bin/../lib/gcc/arm-none-eabi/14.3.1/thumb/v7e-m+fp/hard/libgcc.a(_udivmoddi4.o)
                0x08000200                __udivmoddi4
 .text          0x080004f8        0x4 /opt/st/stm32cubeide_2.2.0/plugins/com.st.stm32cube.ide.mcu.externaltools.gnu-tools-for-stm32.14.3.rel1.linux64_1.0.100.202602081740/tools/bin/../lib/gcc/arm-none-eabi/14.3.1/thumb/v7e-m+fp/hard/libgcc.a(_dvmd_tls.o)
                0x080004f8                __aeabi_ldiv0
                0x080004f8                __aeabi_idiv0
 *(.text*)
 .text.MX_DMA_Init
                0x080004fc       0x4c ./Core/Src/dma.o
                0x080004fc                MX_DMA_Init
 .text.MX_FREERTOS_Init
                0x08000548       0x74 ./Core/Src/freertos.o
                0x08000548                MX_FREERTOS_Init
 .text.StartDefaultTask
                0x080005bc       0x10 ./Core/Src/freertos.o
                0x080005bc                StartDefaultTask
 .text.MX_GPIO_Init
                0x080005cc       0x78 ./Core/Src/gpio.o
                0x080005cc                MX_GPIO_Init
 .text.main     0x08000644       0x36 ./Core/Src/main.o
                0x08000644                main
 .text.SystemClock_Config
                0x0800067a       0xa2 ./Core/Src/main.o
                0x0800067a                SystemClock_Config
 .text.HAL_TIM_PeriodElapsedCallback
                0x0800071c       0x24 ./Core/Src/main.o
                0x0800071c                HAL_TIM_PeriodElapsedCallback
 .text.Error_Handler
                0x08000740        0xc ./Core/Src/main.o
                0x08000740                Error_Handler
 .text.HAL_MspInit
                0x0800074c       0x50 ./Core/Src/stm32l4xx_hal_msp.o
                0x0800074c                HAL_MspInit
 .text.HAL_InitTick
                0x0800079c       0xf4 ./Core/Src/stm32l4xx_hal_timebase_tim.o
                0x0800079c                HAL_InitTick
 .text.NMI_Handler
                0x08000890        0x8 ./Core/Src/stm32l4xx_it.o
                0x08000890                NMI_Handler
 .text.HardFault_Handler
                0x08000898        0x8 ./Core/Src/stm32l4xx_it.o
                0x08000898                HardFault_Handler
 .text.MemManage_Handler
                0x080008a0        0x8 ./Core/Src/stm32l4xx_it.o
                0x080008a0                MemManage_Handler
 .text.BusFault_Handler
                0x080008a8        0x8 ./Core/Src/stm32l4xx_it.o
                0x080008a8                BusFault_Handler
 .text.UsageFault_Handler
                0x080008b0        0x8 ./Core/Src/stm32l4xx_it.o
                0x080008b0                UsageFault_Handler
 .text.DebugMon_Handler
                0x080008b8        0xe ./Core/Src/stm32l4xx_it.o
                0x080008b8                DebugMon_Handler
 *fill*         0x080008c6        0x2 
 .text.DMA1_Channel6_IRQHandler
                0x080008c8       0x14 ./Core/Src/stm32l4xx_it.o
                0x080008c8                DMA1_Channel6_IRQHandler
 .text.DMA1_Channel7_IRQHandler
                0x080008dc       0x14 ./Core/Src/stm32l4xx_it.o
                0x080008dc                DMA1_Channel7_IRQHandler
 .text.TIM3_IRQHandler
                0x080008f0       0x14 ./Core/Src/stm32l4xx_it.o
                0x080008f0                TIM3_IRQHandler
 .text.USART2_IRQHandler
                0x08000904       0x14 ./Core/Src/stm32l4xx_it.o
                0x08000904                USART2_IRQHandler
 .text.EXTI15_10_IRQHandler
                0x08000918       0x10 ./Core/Src/stm32l4xx_it.o
                0x08000918                EXTI15_10_IRQHandler
 .text.SystemInit
                0x08000928       0x24 ./Core/Src/system_stm32l4xx.o
                0x08000928                SystemInit
 .text.task_can
                0x0800094c       0x28 ./Core/Src/task_can.o
                0x0800094c                task_can
 .text.HAL_UARTEx_RxEventCallback
                0x08000974       0x40 ./Core/Src/task_uart_dma.o
                0x08000974                HAL_UARTEx_RxEventCallback
 .text.task_uart
                0x080009b4       0x48 ./Core/Src/task_uart_dma.o
                0x080009b4                task_uart
 .text.MX_USART2_UART_Init
                0x080009fc       0x60 ./Core/Src/usart.o
                0x080009fc                MX_USART2_UART_Init
 .text.HAL_UART_MspInit
                0x08000a5c      0x184 ./Core/Src/usart.o
                0x08000a5c                HAL_UART_MspInit
 .text.Reset_Handler
                0x08000be0       0x50 ./Core/Startup/startup_stm32l476rgtx.o
                0x08000be0                Reset_Handler
 .text.Default_Handler
                0x08000c30        0x2 ./Core/Startup/startup_stm32l476rgtx.o
                0x08000c30                RTC_Alarm_IRQHandler
                0x08000c30                EXTI2_IRQHandler
                0x08000c30                TIM8_TRG_COM_IRQHandler
                0x08000c30                TIM8_CC_IRQHandler
                0x08000c30                TIM1_CC_IRQHandler
                0x08000c30                TSC_IRQHandler
                0x08000c30                TAMP_STAMP_IRQHandler
                0x08000c30                EXTI3_IRQHandler
                0x08000c30                LPTIM2_IRQHandler
                0x08000c30                DFSDM1_FLT1_IRQHandler
                0x08000c30                I2C3_ER_IRQHandler
                0x08000c30                DFSDM1_FLT2_IRQHandler
                0x08000c30                EXTI0_IRQHandler
                0x08000c30                I2C2_EV_IRQHandler
                0x08000c30                CAN1_RX0_IRQHandler
                0x08000c30                FPU_IRQHandler
                0x08000c30                TIM1_UP_TIM16_IRQHandler
                0x08000c30                ADC1_2_IRQHandler
                0x08000c30                SPI1_IRQHandler
                0x08000c30                TIM6_DAC_IRQHandler
                0x08000c30                TIM8_UP_IRQHandler
                0x08000c30                DMA2_Channel2_IRQHandler
                0x08000c30                DMA1_Channel4_IRQHandler
                0x08000c30                SAI2_IRQHandler
                0x08000c30                DFSDM1_FLT3_IRQHandler
                0x08000c30                USART3_IRQHandler
                0x08000c30                CAN1_RX1_IRQHandler
                0x08000c30                LCD_IRQHandler
                0x08000c30                UART5_IRQHandler
                0x08000c30                ADC3_IRQHandler
                0x08000c30                TIM4_IRQHandler
                0x08000c30                DMA2_Channel1_IRQHandler
                0x08000c30                QUADSPI_IRQHandler
                0x08000c30                I2C1_EV_IRQHandler
                0x08000c30                UART4_IRQHandler
                0x08000c30                DMA2_Channel4_IRQHandler
                0x08000c30                RCC_IRQHandler
                0x08000c30                DMA1_Channel1_IRQHandler
                0x08000c30                Default_Handler
                0x08000c30                DMA2_Channel7_IRQHandler
                0x08000c30                TIM7_IRQHandler
                0x08000c30                SDMMC1_IRQHandler
                0x08000c30                TIM5_IRQHandler
                0x08000c30                I2C3_EV_IRQHandler
                0x08000c30                EXTI9_5_IRQHandler
                0x08000c30                RTC_WKUP_IRQHandler
                0x08000c30                PVD_PVM_IRQHandler
                0x08000c30                SPI2_IRQHandler
                0x08000c30                CAN1_TX_IRQHandler
                0x08000c30                DMA2_Channel5_IRQHandler
                0x08000c30                DMA1_Channel5_IRQHandler
                0x08000c30                EXTI4_IRQHandler
                0x08000c30                RNG_IRQHandler
                0x08000c30                TIM1_TRG_COM_TIM17_IRQHandler
                0x08000c30                DMA1_Channel3_IRQHandler
                0x08000c30                COMP_IRQHandler
                0x08000c30                WWDG_IRQHandler
                0x08000c30                LPUART1_IRQHandler
                0x08000c30                DMA2_Channel6_IRQHandler
                0x08000c30                TIM2_IRQHandler
                0x08000c30                EXTI1_IRQHandler
                0x08000c30                DFSDM1_FLT0_IRQHandler
                0x08000c30                I2C2_ER_IRQHandler
                0x08000c30                DMA1_Channel2_IRQHandler
                0x08000c30                TIM8_BRK_IRQHandler
                0x08000c30                CAN1_SCE_IRQHandler
                0x08000c30                FLASH_IRQHandler
                0x08000c30                USART1_IRQHandler
                0x08000c30                OTG_FS_IRQHandler
                0x08000c30                SPI3_IRQHandler
                0x08000c30                I2C1_ER_IRQHandler
                0x08000c30                FMC_IRQHandler
                0x08000c30                SWPMI1_IRQHandler
                0x08000c30                LPTIM1_IRQHandler
                0x08000c30                SAI1_IRQHandler
                0x08000c30                DMA2_Channel3_IRQHandler
                0x08000c30                TIM1_BRK_TIM15_IRQHandler
 *fill*         0x08000c32        0x2 
 .text.BSP_LED_Init
                0x08000c34       0x6c ./Drivers/BSP/STM32L4xx_Nucleo/stm32l4xx_nucleo.o
                0x08000c34                BSP_LED_Init
 .text.BSP_PB_Init
                0x08000ca0       0xc4 ./Drivers/BSP/STM32L4xx_Nucleo/stm32l4xx_nucleo.o
                0x08000ca0                BSP_PB_Init
 .text.HAL_Init
                0x08000d64       0x40 ./Drivers/STM32L4xx_HAL_Driver/Src/stm32l4xx_hal.o
                0x08000d64                HAL_Init
 .text.HAL_IncTick
                0x08000da4       0x28 ./Drivers/STM32L4xx_HAL_Driver/Src/stm32l4xx_hal.o
                0x08000da4                HAL_IncTick
 .text.HAL_GetTick
                0x08000dcc       0x18 ./Drivers/STM32L4xx_HAL_Driver/Src/stm32l4xx_hal.o
                0x08000dcc                HAL_GetTick
 .text.__NVIC_SetPriorityGrouping
                0x08000de4       0x48 ./Drivers/STM32L4xx_HAL_Driver/Src/stm32l4xx_hal_cortex.o
 .text.__NVIC_GetPriorityGrouping
                0x08000e2c       0x1c ./Drivers/STM32L4xx_HAL_Driver/Src/stm32l4xx_hal_cortex.o
 .text.__NVIC_EnableIRQ
                0x08000e48       0x3c ./Drivers/STM32L4xx_HAL_Driver/Src/stm32l4xx_hal_cortex.o
 .text.__NVIC_SetPriority
                0x08000e84       0x54 ./Drivers/STM32L4xx_HAL_Driver/Src/stm32l4xx_hal_cortex.o
 .text.NVIC_EncodePriority
                0x08000ed8       0x66 ./Drivers/STM32L4xx_HAL_Driver/Src/stm32l4xx_hal_cortex.o
 .text.HAL_NVIC_SetPriorityGrouping
                0x08000f3e       0x16 ./Drivers/STM32L4xx_HAL_Driver/Src/stm32l4xx_hal_cortex.o
                0x08000f3e                HAL_NVIC_SetPriorityGrouping
 .text.HAL_NVIC_SetPriority
                0x08000f54       0x38 ./Drivers/STM32L4xx_HAL_Driver/Src/stm32l4xx_hal_cortex.o
                0x08000f54                HAL_NVIC_SetPriority
 .text.HAL_NVIC_EnableIRQ
                0x08000f8c       0x1c ./Drivers/STM32L4xx_HAL_Driver/Src/stm32l4xx_hal_cortex.o
                0x08000f8c                HAL_NVIC_EnableIRQ
 .text.HAL_DMA_Init
                0x08000fa8      0x170 ./Drivers/STM32L4xx_HAL_Driver/Src/stm32l4xx_hal_dma.o
                0x08000fa8                HAL_DMA_Init
 .text.HAL_DMA_Start_IT
                0x08001118       0xc6 ./Drivers/STM32L4xx_HAL_Driver/Src/stm32l4xx_hal_dma.o
                0x08001118                HAL_DMA_Start_IT
 .text.HAL_DMA_Abort
                0x080011de       0x82 ./Drivers/STM32L4xx_HAL_Driver/Src/stm32l4xx_hal_dma.o
                0x080011de                HAL_DMA_Abort
 .text.HAL_DMA_Abort_IT
                0x08001260       0x82 ./Drivers/STM32L4xx_HAL_Driver/Src/stm32l4xx_hal_dma.o
                0x08001260                HAL_DMA_Abort_IT
 *fill*         0x080012e2        0x2 
 .text.HAL_DMA_IRQHandler
                0x080012e4      0x18c ./Drivers/STM32L4xx_HAL_Driver/Src/stm32l4xx_hal_dma.o
                0x080012e4                HAL_DMA_IRQHandler
 .text.DMA_SetConfig
                0x08001470       0x60 ./Drivers/STM32L4xx_HAL_Driver/Src/stm32l4xx_hal_dma.o
 .text.HAL_GPIO_Init
                0x080014d0      0x354 ./Drivers/STM32L4xx_HAL_Driver/Src/stm32l4xx_hal_gpio.o
                0x080014d0                HAL_GPIO_Init
 .text.HAL_GPIO_EXTI_IRQHandler
                0x08001824       0x30 ./Drivers/STM32L4xx_HAL_Driver/Src/stm32l4xx_hal_gpio.o
                0x08001824                HAL_GPIO_EXTI_IRQHandler
 .text.HAL_GPIO_EXTI_Callback
                0x08001854       0x16 ./Drivers/STM32L4xx_HAL_Driver/Src/stm32l4xx_hal_gpio.o
                0x08001854                HAL_GPIO_EXTI_Callback
 *fill*         0x0800186a        0x2 
 .text.HAL_PWREx_GetVoltageRange
                0x0800186c       0x1c ./Drivers/STM32L4xx_HAL_Driver/Src/stm32l4xx_hal_pwr_ex.o
                0x0800186c                HAL_PWREx_GetVoltageRange
 .text.HAL_PWREx_ControlVoltageScaling
                0x08001888       0xac ./Drivers/STM32L4xx_HAL_Driver/Src/stm32l4xx_hal_pwr_ex.o
                0x08001888                HAL_PWREx_ControlVoltageScaling
 .text.HAL_RCC_OscConfig
                0x08001934      0x7b8 ./Drivers/STM32L4xx_HAL_Driver/Src/stm32l4xx_hal_rcc.o
                0x08001934                HAL_RCC_OscConfig
 .text.HAL_RCC_ClockConfig
                0x080020ec      0x200 ./Drivers/STM32L4xx_HAL_Driver/Src/stm32l4xx_hal_rcc.o
                0x080020ec                HAL_RCC_ClockConfig
 .text.HAL_RCC_GetSysClockFreq
                0x080022ec      0x118 ./Drivers/STM32L4xx_HAL_Driver/Src/stm32l4xx_hal_rcc.o
                0x080022ec                HAL_RCC_GetSysClockFreq
 .text.HAL_RCC_GetHCLKFreq
                0x08002404       0x18 ./Drivers/STM32L4xx_HAL_Driver/Src/stm32l4xx_hal_rcc.o
                0x08002404                HAL_RCC_GetHCLKFreq
 .text.HAL_RCC_GetPCLK1Freq
                0x0800241c       0x2c ./Drivers/STM32L4xx_HAL_Driver/Src/stm32l4xx_hal_rcc.o
                0x0800241c                HAL_RCC_GetPCLK1Freq
 .text.HAL_RCC_GetPCLK2Freq
                0x08002448       0x2c ./Drivers/STM32L4xx_HAL_Driver/Src/stm32l4xx_hal_rcc.o
                0x08002448                HAL_RCC_GetPCLK2Freq
 .text.HAL_RCC_GetClockConfig
                0x08002474       0x64 ./Drivers/STM32L4xx_HAL_Driver/Src/stm32l4xx_hal_rcc.o
                0x08002474                HAL_RCC_GetClockConfig
 .text.RCC_SetFlashLatencyFromMSIRange
                0x080024d8       0xc0 ./Drivers/STM32L4xx_HAL_Driver/Src/stm32l4xx_hal_rcc.o
 .text.HAL_RCCEx_PeriphCLKConfig
                0x08002598      0x5d4 ./Drivers/STM32L4xx_HAL_Driver/Src/stm32l4xx_hal_rcc_ex.o
                0x08002598                HAL_RCCEx_PeriphCLKConfig
 .text.RCCEx_PLLSAI1_Config
                0x08002b6c      0x1e8 ./Drivers/STM32L4xx_HAL_Driver/Src/stm32l4xx_hal_rcc_ex.o
 .text.RCCEx_PLLSAI2_Config
                0x08002d54      0x1bc ./Drivers/STM32L4xx_HAL_Driver/Src/stm32l4xx_hal_rcc_ex.o
 .text.HAL_TIM_Base_Init
                0x08002f10       0xae ./Drivers/STM32L4xx_HAL_Driver/Src/stm32l4xx_hal_tim.o
                0x08002f10                HAL_TIM_Base_Init
 .text.HAL_TIM_Base_MspInit
                0x08002fbe       0x14 ./Drivers/STM32L4xx_HAL_Driver/Src/stm32l4xx_hal_tim.o
                0x08002fbe                HAL_TIM_Base_MspInit
 *fill*         0x08002fd2        0x2 
 .text.HAL_TIM_Base_Start_IT
                0x08002fd4       0xe0 ./Drivers/STM32L4xx_HAL_Driver/Src/stm32l4xx_hal_tim.o
                0x08002fd4                HAL_TIM_Base_Start_IT
 .text.HAL_TIM_IRQHandler
                0x080030b4      0x20e ./Drivers/STM32L4xx_HAL_Driver/Src/stm32l4xx_hal_tim.o
                0x080030b4                HAL_TIM_IRQHandler
 .text.HAL_TIM_OC_DelayElapsedCallback
                0x080032c2       0x14 ./Drivers/STM32L4xx_HAL_Driver/Src/stm32l4xx_hal_tim.o
                0x080032c2                HAL_TIM_OC_DelayElapsedCallback
 .text.HAL_TIM_IC_CaptureCallback
                0x080032d6       0x14 ./Drivers/STM32L4xx_HAL_Driver/Src/stm32l4xx_hal_tim.o
                0x080032d6                HAL_TIM_IC_CaptureCallback
 .text.HAL_TIM_PWM_PulseFinishedCallback
                0x080032ea       0x14 ./Drivers/STM32L4xx_HAL_Driver/Src/stm32l4xx_hal_tim.o
                0x080032ea                HAL_TIM_PWM_PulseFinishedCallback
 .text.HAL_TIM_TriggerCallback
                0x080032fe       0x14 ./Drivers/STM32L4xx_HAL_Driver/Src/stm32l4xx_hal_tim.o
                0x080032fe                HAL_TIM_TriggerCallback
 *fill*         0x08003312        0x2 
 .text.TIM_Base_SetConfig
                0x08003314      0x140 ./Drivers/STM32L4xx_HAL_Driver/Src/stm32l4xx_hal_tim.o
                0x08003314                TIM_Base_SetConfig
 .text.HAL_TIMEx_CommutCallback
                0x08003454       0x14 ./Drivers/STM32L4xx_HAL_Driver/Src/stm32l4xx_hal_tim_ex.o
                0x08003454                HAL_TIMEx_CommutCallback
 .text.HAL_TIMEx_BreakCallback
                0x08003468       0x14 ./Drivers/STM32L4xx_HAL_Driver/Src/stm32l4xx_hal_tim_ex.o
                0x08003468                HAL_TIMEx_BreakCallback
 .text.HAL_TIMEx_Break2Callback
                0x0800347c       0x14 ./Drivers/STM32L4xx_HAL_Driver/Src/stm32l4xx_hal_tim_ex.o
                0x0800347c                HAL_TIMEx_Break2Callback
 .text.HAL_UART_Init
                0x08003490       0x9c ./Drivers/STM32L4xx_HAL_Driver/Src/stm32l4xx_hal_uart.o
                0x08003490                HAL_UART_Init
 .text.HAL_UART_Transmit_DMA
                0x0800352c       0xf8 ./Drivers/STM32L4xx_HAL_Driver/Src/stm32l4xx_hal_uart.o
                0x0800352c                HAL_UART_Transmit_DMA
 .text.HAL_UART_IRQHandler
                0x08003624      0x60c ./Drivers/STM32L4xx_HAL_Driver/Src/stm32l4xx_hal_uart.o
                0x08003624                HAL_UART_IRQHandler
 .text.HAL_UART_TxCpltCallback
                0x08003c30       0x14 ./Drivers/STM32L4xx_HAL_Driver/Src/stm32l4xx_hal_uart.o
                0x08003c30                HAL_UART_TxCpltCallback
 .text.HAL_UART_TxHalfCpltCallback
                0x08003c44       0x14 ./Drivers/STM32L4xx_HAL_Driver/Src/stm32l4xx_hal_uart.o
                0x08003c44                HAL_UART_TxHalfCpltCallback
 .text.HAL_UART_RxCpltCallback
                0x08003c58       0x14 ./Drivers/STM32L4xx_HAL_Driver/Src/stm32l4xx_hal_uart.o
                0x08003c58                HAL_UART_RxCpltCallback
 .text.HAL_UART_RxHalfCpltCallback
                0x08003c6c       0x14 ./Drivers/STM32L4xx_HAL_Driver/Src/stm32l4xx_hal_uart.o
                0x08003c6c                HAL_UART_RxHalfCpltCallback
 .text.HAL_UART_ErrorCallback
                0x08003c80       0x14 ./Drivers/STM32L4xx_HAL_Driver/Src/stm32l4xx_hal_uart.o
                0x08003c80                HAL_UART_ErrorCallback
 .text.UART_SetConfig
                0x08003c94      0x570 ./Drivers/STM32L4xx_HAL_Driver/Src/stm32l4xx_hal_uart.o
                0x08003c94                UART_SetConfig
 .text.UART_AdvFeatureConfig
                0x08004204      0x144 ./Drivers/STM32L4xx_HAL_Driver/Src/stm32l4xx_hal_uart.o
                0x08004204                UART_AdvFeatureConfig
 .text.UART_CheckIdleState
                0x08004348      0x150 ./Drivers/STM32L4xx_HAL_Driver/Src/stm32l4xx_hal_uart.o
                0x08004348                UART_CheckIdleState
 .text.UART_WaitOnFlagUntilTimeout
                0x08004498       0xda ./Drivers/STM32L4xx_HAL_Driver/Src/stm32l4xx_hal_uart.o
                0x08004498                UART_WaitOnFlagUntilTimeout
 *fill*         0x08004572        0x2 
 .text.UART_Start_Receive_DMA
                0x08004574      0x140 ./Drivers/STM32L4xx_HAL_Driver/Src/stm32l4xx_hal_uart.o
                0x08004574                UART_Start_Receive_DMA
 .text.UART_EndTxTransfer
                0x080046b4       0x4c ./Drivers/STM32L4xx_HAL_Driver/Src/stm32l4xx_hal_uart.o
 .text.UART_EndRxTransfer
                0x08004700       0xc8 ./Drivers/STM32L4xx_HAL_Driver/Src/stm32l4xx_hal_uart.o
 .text.UART_DMATransmitCplt
                0x080047c8       0x92 ./Drivers/STM32L4xx_HAL_Driver/Src/stm32l4xx_hal_uart.o
 .text.UART_DMATxHalfCplt
                0x0800485a       0x1c ./Drivers/STM32L4xx_HAL_Driver/Src/stm32l4xx_hal_uart.o
 .text.UART_DMAReceiveCplt
                0x08004876      0x152 ./Drivers/STM32L4xx_HAL_Driver/Src/stm32l4xx_hal_uart.o
 .text.UART_DMARxHalfCplt
                0x080049c8       0x72 ./Drivers/STM32L4xx_HAL_Driver/Src/stm32l4xx_hal_uart.o
 .text.UART_DMAError
                0x08004a3a       0x6e ./Drivers/STM32L4xx_HAL_Driver/Src/stm32l4xx_hal_uart.o
 .text.UART_DMAAbortOnError
                0x08004aa8       0x1c ./Drivers/STM32L4xx_HAL_Driver/Src/stm32l4xx_hal_uart.o
 .text.UART_EndTransmit_IT
                0x08004ac4       0x54 ./Drivers/STM32L4xx_HAL_Driver/Src/stm32l4xx_hal_uart.o
 .text.HAL_UARTEx_WakeupCallback
                0x08004b18       0x14 ./Drivers/STM32L4xx_HAL_Driver/Src/stm32l4xx_hal_uart_ex.o
                0x08004b18                HAL_UARTEx_WakeupCallback
 .text.HAL_UARTEx_ReceiveToIdle_DMA
                0x08004b2c       0xa8 ./Drivers/STM32L4xx_HAL_Driver/Src/stm32l4xx_hal_uart_ex.o
                0x08004b2c                HAL_UARTEx_ReceiveToIdle_DMA
 .text.__NVIC_SetPriority
                0x08004bd4       0x54 ./Middlewares/Third_Party/FreeRTOS/Source/CMSIS_RTOS_V2/cmsis_os2.o
 .text.SysTick_Handler
                0x08004c28       0x20 ./Middlewares/Third_Party/FreeRTOS/Source/CMSIS_RTOS_V2/cmsis_os2.o
                0x08004c28                SysTick_Handler
 .text.SVC_Setup
                0x08004c48       0x12 ./Middlewares/Third_Party/FreeRTOS/Source/CMSIS_RTOS_V2/cmsis_os2.o
 *fill*         0x08004c5a        0x2 
 .text.osKernelInitialize
                0x08004c5c       0x48 ./Middlewares/Third_Party/FreeRTOS/Source/CMSIS_RTOS_V2/cmsis_os2.o
                0x08004c5c                osKernelInitialize
 .text.osKernelStart
                0x08004ca4       0x4c ./Middlewares/Third_Party/FreeRTOS/Source/CMSIS_RTOS_V2/cmsis_os2.o
                0x08004ca4                osKernelStart
 .text.osThreadNew
                0x08004cf0      0x124 ./Middlewares/Third_Party/FreeRTOS/Source/CMSIS_RTOS_V2/cmsis_os2.o
                0x08004cf0                osThreadNew
 .text.osDelay  0x08004e14       0x36 ./Middlewares/Third_Party/FreeRTOS/Source/CMSIS_RTOS_V2/cmsis_os2.o
                0x08004e14                osDelay
 .text.osMessageQueueNew
                0x08004e4a       0xe6 ./Middlewares/Third_Party/FreeRTOS/Source/CMSIS_RTOS_V2/cmsis_os2.o
                0x08004e4a                osMessageQueueNew
 .text.osMessageQueuePut
                0x08004f30       0xc0 ./Middlewares/Third_Party/FreeRTOS/Source/CMSIS_RTOS_V2/cmsis_os2.o
                0x08004f30                osMessageQueuePut
 .text.osMessageQueueGet
                0x08004ff0       0xbc ./Middlewares/Third_Party/FreeRTOS/Source/CMSIS_RTOS_V2/cmsis_os2.o
                0x08004ff0                osMessageQueueGet
 .text.vApplicationGetIdleTaskMemory
                0x080050ac       0x34 ./Middlewares/Third_Party/FreeRTOS/Source/CMSIS_RTOS_V2/cmsis_os2.o
                0x080050ac                vApplicationGetIdleTaskMemory
 .text.vApplicationGetTimerTaskMemory
                0x080050e0       0x34 ./Middlewares/Third_Party/FreeRTOS/Source/CMSIS_RTOS_V2/cmsis_os2.o
                0x080050e0                vApplicationGetTimerTaskMemory
 .text.vListInitialise
                0x08005114       0x40 ./Middlewares/Third_Party/FreeRTOS/Source/list.o
                0x08005114                vListInitialise
 .text.vListInitialiseItem
                0x08005154       0x1a ./Middlewares/Third_Party/FreeRTOS/Source/list.o
                0x08005154                vListInitialiseItem
 .text.vListInsertEnd
                0x0800516e       0x48 ./Middlewares/Third_Party/FreeRTOS/Source/list.o
                0x0800516e                vListInsertEnd
 .text.vListInsert
                0x080051b6       0x72 ./Middlewares/Third_Party/FreeRTOS/Source/list.o
                0x080051b6                vListInsert
 .text.uxListRemove
                0x08005228       0x54 ./Middlewares/Third_Party/FreeRTOS/Source/list.o
                0x08005228                uxListRemove
 .text.xQueueGenericReset
                0x0800527c       0xd4 ./Middlewares/Third_Party/FreeRTOS/Source/queue.o
                0x0800527c                xQueueGenericReset
 .text.xQueueGenericCreateStatic
                0x08005350       0xfa ./Middlewares/Third_Party/FreeRTOS/Source/queue.o
                0x08005350                xQueueGenericCreateStatic
 .text.xQueueGenericCreate
                0x0800544a       0x76 ./Middlewares/Third_Party/FreeRTOS/Source/queue.o
                0x0800544a                xQueueGenericCreate
 .text.prvInitialiseNewQueue
                0x080054c0       0x46 ./Middlewares/Third_Party/FreeRTOS/Source/queue.o
 *fill*         0x08005506        0x2 
 .text.xQueueGenericSend
                0x08005508      0x204 ./Middlewares/Third_Party/FreeRTOS/Source/queue.o
                0x08005508                xQueueGenericSend
 .text.xQueueGenericSendFromISR
                0x0800570c      0x13c ./Middlewares/Third_Party/FreeRTOS/Source/queue.o
                0x0800570c                xQueueGenericSendFromISR
 .text.xQueueReceive
                0x08005848      0x1c4 ./Middlewares/Third_Party/FreeRTOS/Source/queue.o
                0x08005848                xQueueReceive
 .text.xQueueReceiveFromISR
                0x08005a0c      0x104 ./Middlewares/Third_Party/FreeRTOS/Source/queue.o
                0x08005a0c                xQueueReceiveFromISR
 .text.prvCopyDataToQueue
                0x08005b10       0xd4 ./Middlewares/Third_Party/FreeRTOS/Source/queue.o
 .text.prvCopyDataFromQueue
                0x08005be4       0x4c ./Middlewares/Third_Party/FreeRTOS/Source/queue.o
 .text.prvUnlockQueue
                0x08005c30       0xa4 ./Middlewares/Third_Party/FreeRTOS/Source/queue.o
 .text.prvIsQueueEmpty
                0x08005cd4       0x2c ./Middlewares/Third_Party/FreeRTOS/Source/queue.o
 .text.prvIsQueueFull
                0x08005d00       0x30 ./Middlewares/Third_Party/FreeRTOS/Source/queue.o
 .text.vQueueAddToRegistry
                0x08005d30       0x54 ./Middlewares/Third_Party/FreeRTOS/Source/queue.o
                0x08005d30                vQueueAddToRegistry
 .text.vQueueWaitForMessageRestricted
                0x08005d84       0x68 ./Middlewares/Third_Party/FreeRTOS/Source/queue.o
                0x08005d84                vQueueWaitForMessageRestricted
 .text.xTaskCreateStatic
                0x08005dec       0xc0 ./Middlewares/Third_Party/FreeRTOS/Source/tasks.o
                0x08005dec                xTaskCreateStatic
 .text.xTaskCreate
                0x08005eac       0x8a ./Middlewares/Third_Party/FreeRTOS/Source/tasks.o
                0x08005eac                xTaskCreate
 .text.prvInitialiseNewTask
                0x08005f36      0x120 ./Middlewares/Third_Party/FreeRTOS/Source/tasks.o
 *fill*         0x08006056        0x2 
 .text.prvAddNewTaskToReadyList
                0x08006058       0xe0 ./Middlewares/Third_Party/FreeRTOS/Source/tasks.o
 .text.vTaskDelay
                0x08006138       0x6c ./Middlewares/Third_Party/FreeRTOS/Source/tasks.o
                0x08006138                vTaskDelay
 .text.vTaskStartScheduler
                0x080061a4       0xd0 ./Middlewares/Third_Party/FreeRTOS/Source/tasks.o
                0x080061a4                vTaskStartScheduler
 .text.vTaskSuspendAll
                0x08006274       0x1c ./Middlewares/Third_Party/FreeRTOS/Source/tasks.o
                0x08006274                vTaskSuspendAll
 .text.xTaskResumeAll
                0x08006290      0x13c ./Middlewares/Third_Party/FreeRTOS/Source/tasks.o
                0x08006290                xTaskResumeAll
 .text.xTaskGetTickCount
                0x080063cc       0x20 ./Middlewares/Third_Party/FreeRTOS/Source/tasks.o
                0x080063cc                xTaskGetTickCount
 .text.xTaskIncrementTick
                0x080063ec      0x174 ./Middlewares/Third_Party/FreeRTOS/Source/tasks.o
                0x080063ec                xTaskIncrementTick
 .text.vTaskSwitchContext
                0x08006560       0xbc ./Middlewares/Third_Party/FreeRTOS/Source/tasks.o
                0x08006560                vTaskSwitchContext
 .text.vTaskPlaceOnEventList
                0x0800661c       0x4c ./Middlewares/Third_Party/FreeRTOS/Source/tasks.o
                0x0800661c                vTaskPlaceOnEventList
 .text.vTaskPlaceOnEventListRestricted
                0x08006668       0x58 ./Middlewares/Third_Party/FreeRTOS/Source/tasks.o
                0x08006668                vTaskPlaceOnEventListRestricted
 .text.xTaskRemoveFromEventList
                0x080066c0       0xc8 ./Middlewares/Third_Party/FreeRTOS/Source/tasks.o
                0x080066c0                xTaskRemoveFromEventList
 .text.vTaskInternalSetTimeOutState
                0x08006788       0x2c ./Middlewares/Third_Party/FreeRTOS/Source/tasks.o
                0x08006788                vTaskInternalSetTimeOutState
 .text.xTaskCheckForTimeOut
                0x080067b4       0xc8 ./Middlewares/Third_Party/FreeRTOS/Source/tasks.o
                0x080067b4                xTaskCheckForTimeOut
 .text.vTaskMissedYield
                0x0800687c       0x18 ./Middlewares/Third_Party/FreeRTOS/Source/tasks.o
                0x0800687c                vTaskMissedYield
 .text.prvIdleTask
                0x08006894       0x30 ./Middlewares/Third_Party/FreeRTOS/Source/tasks.o
 .text.prvInitialiseTaskLists
                0x080068c4       0x80 ./Middlewares/Third_Party/FreeRTOS/Source/tasks.o
 .text.prvCheckTasksWaitingTermination
                0x08006944       0x5c ./Middlewares/Third_Party/FreeRTOS/Source/tasks.o
 .text.prvDeleteTCB
                0x080069a0       0x60 ./Middlewares/Third_Party/FreeRTOS/Source/tasks.o
 .text.prvResetNextTaskUnblockTime
                0x08006a00       0x40 ./Middlewares/Third_Party/FreeRTOS/Source/tasks.o
 .text.xTaskGetSchedulerState
                0x08006a40       0x3c ./Middlewares/Third_Party/FreeRTOS/Source/tasks.o
                0x08006a40                xTaskGetSchedulerState
 .text.xTaskPriorityDisinherit
                0x08006a7c       0xe0 ./Middlewares/Third_Party/FreeRTOS/Source/tasks.o
                0x08006a7c                xTaskPriorityDisinherit
 .text.prvAddCurrentTaskToDelayedList
                0x08006b5c       0xa8 ./Middlewares/Third_Party/FreeRTOS/Source/tasks.o
 .text.xTimerCreateTimerTask
                0x08006c04       0x94 ./Middlewares/Third_Party/FreeRTOS/Source/timers.o
                0x08006c04                xTimerCreateTimerTask
 .text.xTimerGenericCommand
                0x08006c98       0x9c ./Middlewares/Third_Party/FreeRTOS/Source/timers.o
                0x08006c98                xTimerGenericCommand
 .text.prvProcessExpiredTimer
                0x08006d34       0x9c ./Middlewares/Third_Party/FreeRTOS/Source/timers.o
 .text.prvTimerTask
                0x08006dd0       0x26 ./Middlewares/Third_Party/FreeRTOS/Source/timers.o
 *fill*         0x08006df6        0x2 
 .text.prvProcessTimerOrBlockTask
                0x08006df8       0x9c ./Middlewares/Third_Party/FreeRTOS/Source/timers.o
 .text.prvGetNextExpireTime
                0x08006e94       0x48 ./Middlewares/Third_Party/FreeRTOS/Source/timers.o
 .text.prvSampleTimeNow
                0x08006edc       0x40 ./Middlewares/Third_Party/FreeRTOS/Source/timers.o
 .text.prvInsertTimerInActiveList
                0x08006f1c       0x84 ./Middlewares/Third_Party/FreeRTOS/Source/timers.o
 .text.prvProcessReceivedCommands
                0x08006fa0      0x1cc ./Middlewares/Third_Party/FreeRTOS/Source/timers.o
 .text.prvSwitchTimerLists
                0x0800716c       0xcc ./Middlewares/Third_Party/FreeRTOS/Source/timers.o
 .text.prvCheckForValidListAndQueue
                0x08007238       0x80 ./Middlewares/Third_Party/FreeRTOS/Source/timers.o
 .text.pxPortInitialiseStack
                0x080072b8       0x68 ./Middlewares/Third_Party/FreeRTOS/Source/portable/GCC/ARM_CM4F/port.o
                0x080072b8                pxPortInitialiseStack
 .text.prvTaskExitError
                0x08007320       0x5c ./Middlewares/Third_Party/FreeRTOS/Source/portable/GCC/ARM_CM4F/port.o
 *fill*         0x0800737c        0x4 
 .text.SVC_Handler
                0x08007380       0x28 ./Middlewares/Third_Party/FreeRTOS/Source/portable/GCC/ARM_CM4F/port.o
                0x08007380                SVC_Handler
 .text.prvPortStartFirstTask
                0x080073a8       0x28 ./Middlewares/Third_Party/FreeRTOS/Source/portable/GCC/ARM_CM4F/port.o
 .text.xPortStartScheduler
                0x080073d0      0x148 ./Middlewares/Third_Party/FreeRTOS/Source/portable/GCC/ARM_CM4F/port.o
                0x080073d0                xPortStartScheduler
 .text.vPortEnterCritical
                0x08007518       0x64 ./Middlewares/Third_Party/FreeRTOS/Source/portable/GCC/ARM_CM4F/port.o
                0x08007518                vPortEnterCritical
 .text.vPortExitCritical
                0x0800757c       0x54 ./Middlewares/Third_Party/FreeRTOS/Source/portable/GCC/ARM_CM4F/port.o
                0x0800757c                vPortExitCritical
 .text.PendSV_Handler
                0x080075d0       0x68 ./Middlewares/Third_Party/FreeRTOS/Source/portable/GCC/ARM_CM4F/port.o
                0x080075d0                PendSV_Handler
 .text.xPortSysTickHandler
                0x08007638       0x44 ./Middlewares/Third_Party/FreeRTOS/Source/portable/GCC/ARM_CM4F/port.o
                0x08007638                xPortSysTickHandler
 .text.vPortSetupTimerInterrupt
                0x0800767c       0x48 ./Middlewares/Third_Party/FreeRTOS/Source/portable/GCC/ARM_CM4F/port.o
                0x0800767c                vPortSetupTimerInterrupt
 .text.vPortEnableVFP
                0x080076c4       0x14 ./Middlewares/Third_Party/FreeRTOS/Source/portable/GCC/ARM_CM4F/port.o
 .text.vPortValidateInterruptPriority
                0x080076d8       0x84 ./Middlewares/Third_Party/FreeRTOS/Source/portable/GCC/ARM_CM4F/port.o
                0x080076d8                vPortValidateInterruptPriority
 .text.pvPortMalloc
                0x0800775c      0x19c ./Middlewares/Third_Party/FreeRTOS/Source/portable/MemMang/heap_4.o
                0x0800775c                pvPortMalloc
 .text.vPortFree
                0x080078f8       0xc8 ./Middlewares/Third_Party/FreeRTOS/Source/portable/MemMang/heap_4.o
                0x080078f8                vPortFree
 .text.prvHeapInit
                0x080079c0       0xc4 ./Middlewares/Third_Party/FreeRTOS/Source/portable/MemMang/heap_4.o
 .text.prvInsertBlockIntoFreeList
                0x08007a84       0xb4 ./Middlewares/Third_Party/FreeRTOS/Source/portable/MemMang/heap_4.o
 .text.memset   0x08007b38       0x10 /opt/st/stm32cubeide_2.2.0/plugins/com.st.stm32cube.ide.mcu.externaltools.gnu-tools-for-stm32.14.3.rel1.linux64_1.0.100.202602081740/tools/bin/../lib/gcc/arm-none-eabi/14.3.1/../../../../arm-none-eabi/lib/thumb/v7e-m+fp/hard/libc_nano.a(libc_a-memset.o)
                0x08007b38                memset
 .text.__libc_init_array
                0x08007b48       0x48 /opt/st/stm32cubeide_2.2.0/plugins/com.st.stm32cube.ide.mcu.externaltools.gnu-tools-for-stm32.14.3.rel1.linux64_1.0.100.202602081740/tools/bin/../lib/gcc/arm-none-eabi/14.3.1/../../../../arm-none-eabi/lib/thumb/v7e-m+fp/hard/libc_nano.a(libc_a-init.o)
                0x08007b48                __libc_init_array
 .text.memcpy   0x08007b90       0x1c /opt/st/stm32cubeide_2.2.0/plugins/com.st.stm32cube.ide.mcu.externaltools.gnu-tools-for-stm32.14.3.rel1.linux64_1.0.100.202602081740/tools/bin/../lib/gcc/arm-none-eabi/14.3.1/../../../../arm-none-eabi/lib/thumb/v7e-m+fp/hard/libc_nano.a(libc_a-memcpy-stub.o)
                0x08007b90                memcpy
 *(.glue_7)
 .glue_7        0x08007bac        0x0 linker stubs
 *(.glue_7t)
 .glue_7t       0x08007bac        0x0 linker stubs
 *(.eh_frame)
 .eh_frame      0x08007bac        0x0 /opt/st/stm32cubeide_2.2.0/plugins/com.st.stm32cube.ide.mcu.externaltools.gnu-tools-for-stm32.14.3.rel1.linux64_1.0.100.202602081740/tools/bin/../lib/gcc/arm-none-eabi/14.3.1/thumb/v7e-m+fp/hard/crtbegin.o
 *(.init)
 .init          0x08007bac        0x4 /opt/st/stm32cubeide_2.2.0/plugins/com.st.stm32cube.ide.mcu.externaltools.gnu-tools-for-stm32.14.3.rel1.linux64_1.0.100.202602081740/tools/bin/../lib/gcc/arm-none-eabi/14.3.1/thumb/v7e-m+fp/hard/crti.o
                0x08007bac                _init
 .init          0x08007bb0        0x8 /opt/st/stm32cubeide_2.2.0/plugins/com.st.stm32cube.ide.mcu.externaltools.gnu-tools-for-stm32.14.3.rel1.linux64_1.0.100.202602081740/tools/bin/../lib/gcc/arm-none-eabi/14.3.1/thumb/v7e-m+fp/hard/crtn.o
 *(.fini)
 .fini          0x08007bb8        0x4 /opt/st/stm32cubeide_2.2.0/plugins/com.st.stm32cube.ide.mcu.externaltools.gnu-tools-for-stm32.14.3.rel1.linux64_1.0.100.202602081740/tools/bin/../lib/gcc/arm-none-eabi/14.3.1/thumb/v7e-m+fp/hard/crti.o
                0x08007bb8                _fini
 .fini          0x08007bbc        0x8 /opt/st/stm32cubeide_2.2.0/plugins/com.st.stm32cube.ide.mcu.externaltools.gnu-tools-for-stm32.14.3.rel1.linux64_1.0.100.202602081740/tools/bin/../lib/gcc/arm-none-eabi/14.3.1/thumb/v7e-m+fp/hard/crtn.o
                0x08007bc4                        . = ALIGN (0x4)
                0x08007bc4                        _etext = .

.vfp11_veneer   0x08007bc4        0x0
 .vfp11_veneer  0x08007bc4        0x0 linker stubs

.v4_bx          0x08007bc4        0x0
 .v4_bx         0x08007bc4        0x0 linker stubs

.iplt           0x08007bc4        0x0
 .iplt          0x08007bc4        0x0 /opt/st/stm32cubeide_2.2.0/plugins/com.st.stm32cube.ide.mcu.externaltools.gnu-tools-for-stm32.14.3.rel1.linux64_1.0.100.202602081740/tools/bin/../lib/gcc/arm-none-eabi/14.3.1/thumb/v7e-m+fp/hard/crtbegin.o

.rodata         0x08007bc4      0x114
                0x08007bc4                        . = ALIGN (0x4)
 *(.rodata)
 .rodata        0x08007bc4       0x30 ./Core/Src/freertos.o
 .rodata        0x08007bf4        0x5 ./Middlewares/Third_Party/FreeRTOS/Source/tasks.o
 *fill*         0x08007bf9        0x3 
 .rodata        0x08007bfc        0xd ./Middlewares/Third_Party/FreeRTOS/Source/timers.o
 *(.rodata*)
 *fill*         0x08007c09        0x3 
 .rodata.defaultTask_attributes
                0x08007c0c       0x24 ./Core/Src/freertos.o
                0x08007c0c                defaultTask_attributes
 .rodata.UartTask_attributes
                0x08007c30       0x24 ./Core/Src/freertos.o
                0x08007c30                UartTask_attributes
 .rodata.QueueUartCan_attributes
                0x08007c54       0x18 ./Core/Src/freertos.o
                0x08007c54                QueueUartCan_attributes
 .rodata.CanTask_attributes
                0x08007c6c       0x24 ./Core/Src/freertos.o
                0x08007c6c                CanTask_attributes
 .rodata.AHBPrescTable
                0x08007c90       0x10 ./Core/Src/system_stm32l4xx.o
                0x08007c90                AHBPrescTable
 .rodata.APBPrescTable
                0x08007ca0        0x8 ./Core/Src/system_stm32l4xx.o
                0x08007ca0                APBPrescTable
 .rodata.MSIRangeTable
                0x08007ca8       0x30 ./Core/Src/system_stm32l4xx.o
                0x08007ca8                MSIRangeTable
                0x08007cd8                        . = ALIGN (0x4)

.ARM.extab      0x08007cd8        0x0
                0x08007cd8                        . = ALIGN (0x4)
 *(.ARM.extab* .gnu.linkonce.armextab.*)
                0x08007cd8                        . = ALIGN (0x4)

.ARM            0x08007cd8        0x8
                0x08007cd8                        . = ALIGN (0x4)
                0x08007cd8                        __exidx_start = .
 *(.ARM.exidx*)
 .ARM.exidx     0x08007cd8        0x8 /opt/st/stm32cubeide_2.2.0/plugins/com.st.stm32cube.ide.mcu.externaltools.gnu-tools-for-stm32.14.3.rel1.linux64_1.0.100.202602081740/tools/bin/../lib/gcc/arm-none-eabi/14.3.1/thumb/v7e-m+fp/hard/libgcc.a(_udivmoddi4.o)
                0x08007ce0                        __exidx_end = .
                0x08007ce0                        . = ALIGN (0x4)

.preinit_array  0x08007ce0        0x0
                0x08007ce0                        . = ALIGN (0x4)
                0x08007ce0                        PROVIDE (__preinit_array_start = .)
 *(.preinit_array*)
                0x08007ce0                        PROVIDE (__preinit_array_end = .)
                0x08007ce0                        . = ALIGN (0x4)

.init_array     0x08007ce0        0x4
                0x08007ce0                        . = ALIGN (0x4)
                0x08007ce0                        PROVIDE (__init_array_start = .)
 *(SORT_BY_NAME(.init_array.*))
 *(.init_array*)
 .init_array    0x08007ce0        0x4 /opt/st/stm32cubeide_2.2.0/plugins/com.st.stm32cube.ide.mcu.externaltools.gnu-tools-for-stm32.14.3.rel1.linux64_1.0.100.202602081740/tools/bin/../lib/gcc/arm-none-eabi/14.3.1/thumb/v7e-m+fp/hard/crtbegin.o
                0x08007ce4                        PROVIDE (__init_array_end = .)
                0x08007ce4                        . = ALIGN (0x4)

.fini_array     0x08007ce4        0x4
                0x08007ce4                        . = ALIGN (0x4)
                [!provide]                        PROVIDE (__fini_array_start = .)
 *(SORT_BY_NAME(.fini_array.*))
 *(.fini_array*)
 .fini_array    0x08007ce4        0x4 /opt/st/stm32cubeide_2.2.0/plugins/com.st.stm32cube.ide.mcu.externaltools.gnu-tools-for-stm32.14.3.rel1.linux64_1.0.100.202602081740/tools/bin/../lib/gcc/arm-none-eabi/14.3.1/thumb/v7e-m+fp/hard/crtbegin.o
                [!provide]                        PROVIDE (__fini_array_end = .)
                0x08007ce8                        . = ALIGN (0x4)
                0x08007ce8                        _sidata = LOADADDR (.data)

.rel.dyn        0x08007ce8        0x0
 .rel.iplt      0x08007ce8        0x0 /opt/st/stm32cubeide_2.2.0/plugins/com.st.stm32cube.ide.mcu.externaltools.gnu-tools-for-stm32.14.3.rel1.linux64_1.0.100.202602081740/tools/bin/../lib/gcc/arm-none-eabi/14.3.1/thumb/v7e-m+fp/hard/crtbegin.o

.data           0x20000000       0x2c load address 0x08007ce8
                0x20000000                        . = ALIGN (0x4)
                0x20000000                        _sdata = .
 *(.data)
 *(.data*)
 .data.SystemCoreClock
                0x20000000        0x4 ./Core/Src/system_stm32l4xx.o
                0x20000000                SystemCoreClock
 .data.message.0
                0x20000004       0x12 ./Core/Src/task_uart_dma.o
 *fill*         0x20000016        0x2 
 .data.GPIO_PORT
                0x20000018        0x4 ./Drivers/BSP/STM32L4xx_Nucleo/stm32l4xx_nucleo.o
                0x20000018                GPIO_PORT
 .data.BUTTON_PORT
                0x2000001c        0x4 ./Drivers/BSP/STM32L4xx_Nucleo/stm32l4xx_nucleo.o
                0x2000001c                BUTTON_PORT
 .data.uwTickPrio
                0x20000020        0x4 ./Drivers/STM32L4xx_HAL_Driver/Src/stm32l4xx_hal.o
                0x20000020                uwTickPrio
 .data.uwTickFreq
                0x20000024        0x1 ./Drivers/STM32L4xx_HAL_Driver/Src/stm32l4xx_hal.o
                0x20000024                uwTickFreq
 *fill*         0x20000025        0x3 
 .data.uxCriticalNesting
                0x20000028        0x4 ./Middlewares/Third_Party/FreeRTOS/Source/portable/GCC/ARM_CM4F/port.o
 *(.RamFunc)
 *(.RamFunc*)
                0x2000002c                        . = ALIGN (0x4)
                0x2000002c                        _edata = .

.igot.plt       0x2000002c        0x0 load address 0x08007d14
 .igot.plt      0x2000002c        0x0 /opt/st/stm32cubeide_2.2.0/plugins/com.st.stm32cube.ide.mcu.externaltools.gnu-tools-for-stm32.14.3.rel1.linux64_1.0.100.202602081740/tools/bin/../lib/gcc/arm-none-eabi/14.3.1/thumb/v7e-m+fp/hard/crtbegin.o
                0x2000002c                        . = ALIGN (0x4)

.bss            0x2000002c     0x1aa8 load address 0x08007d14
                0x2000002c                        _sbss = .
                0x2000002c                        __bss_start__ = _sbss
 *(.bss)
 .bss           0x2000002c       0x1c /opt/st/stm32cubeide_2.2.0/plugins/com.st.stm32cube.ide.mcu.externaltools.gnu-tools-for-stm32.14.3.rel1.linux64_1.0.100.202602081740/tools/bin/../lib/gcc/arm-none-eabi/14.3.1/thumb/v7e-m+fp/hard/crtbegin.o
 *(.bss*)
 .bss.defaultTaskHandle
                0x20000048        0x4 ./Core/Src/freertos.o
                0x20000048                defaultTaskHandle
 .bss.UartTaskHandle
                0x2000004c        0x4 ./Core/Src/freertos.o
                0x2000004c                UartTaskHandle
 .bss.QueueUartCanHandle
                0x20000050        0x4 ./Core/Src/freertos.o
                0x20000050                QueueUartCanHandle
 .bss.CanTaskHandle
                0x20000054        0x4 ./Core/Src/freertos.o
                0x20000054                CanTaskHandle
 .bss.htim3     0x20000058       0x4c ./Core/Src/stm32l4xx_hal_timebase_tim.o
                0x20000058                htim3
 .bss.RxBuf     0x200000a4        0xa ./Core/Src/task_uart_dma.o
                0x200000a4                RxBuf
 *fill*         0x200000ae        0x2 
 .bss.huart2    0x200000b0       0x88 ./Core/Src/usart.o
                0x200000b0                huart2
 .bss.hdma_usart2_rx
                0x20000138       0x48 ./Core/Src/usart.o
                0x20000138                hdma_usart2_rx
 .bss.hdma_usart2_tx
                0x20000180       0x48 ./Core/Src/usart.o
                0x20000180                hdma_usart2_tx
 .bss.uwTick    0x200001c8        0x4 ./Drivers/STM32L4xx_HAL_Driver/Src/stm32l4xx_hal.o
                0x200001c8                uwTick
 .bss.KernelState
                0x200001cc        0x4 ./Middlewares/Third_Party/FreeRTOS/Source/CMSIS_RTOS_V2/cmsis_os2.o
 .bss.Idle_TCB.3
                0x200001d0       0x5c ./Middlewares/Third_Party/FreeRTOS/Source/CMSIS_RTOS_V2/cmsis_os2.o
 .bss.Idle_Stack.2
                0x2000022c      0x200 ./Middlewares/Third_Party/FreeRTOS/Source/CMSIS_RTOS_V2/cmsis_os2.o
 .bss.Timer_TCB.1
                0x2000042c       0x5c ./Middlewares/Third_Party/FreeRTOS/Source/CMSIS_RTOS_V2/cmsis_os2.o
 .bss.Timer_Stack.0
                0x20000488      0x400 ./Middlewares/Third_Party/FreeRTOS/Source/CMSIS_RTOS_V2/cmsis_os2.o
 .bss.xQueueRegistry
                0x20000888       0x40 ./Middlewares/Third_Party/FreeRTOS/Source/queue.o
                0x20000888                xQueueRegistry
 .bss.pxCurrentTCB
                0x200008c8        0x4 ./Middlewares/Third_Party/FreeRTOS/Source/tasks.o
                0x200008c8                pxCurrentTCB
 .bss.pxReadyTasksLists
                0x200008cc      0x460 ./Middlewares/Third_Party/FreeRTOS/Source/tasks.o
 .bss.xDelayedTaskList1
                0x20000d2c       0x14 ./Middlewares/Third_Party/FreeRTOS/Source/tasks.o
 .bss.xDelayedTaskList2
                0x20000d40       0x14 ./Middlewares/Third_Party/FreeRTOS/Source/tasks.o
 .bss.pxDelayedTaskList
                0x20000d54        0x4 ./Middlewares/Third_Party/FreeRTOS/Source/tasks.o
 .bss.pxOverflowDelayedTaskList
                0x20000d58        0x4 ./Middlewares/Third_Party/FreeRTOS/Source/tasks.o
 .bss.xPendingReadyList
                0x20000d5c       0x14 ./Middlewares/Third_Party/FreeRTOS/Source/tasks.o
 .bss.xTasksWaitingTermination
                0x20000d70       0x14 ./Middlewares/Third_Party/FreeRTOS/Source/tasks.o
 .bss.uxDeletedTasksWaitingCleanUp
                0x20000d84        0x4 ./Middlewares/Third_Party/FreeRTOS/Source/tasks.o
 .bss.xSuspendedTaskList
                0x20000d88       0x14 ./Middlewares/Third_Party/FreeRTOS/Source/tasks.o
 .bss.uxCurrentNumberOfTasks
                0x20000d9c        0x4 ./Middlewares/Third_Party/FreeRTOS/Source/tasks.o
 .bss.xTickCount
                0x20000da0        0x4 ./Middlewares/Third_Party/FreeRTOS/Source/tasks.o
 .bss.uxTopReadyPriority
                0x20000da4        0x4 ./Middlewares/Third_Party/FreeRTOS/Source/tasks.o
 .bss.xSchedulerRunning
                0x20000da8        0x4 ./Middlewares/Third_Party/FreeRTOS/Source/tasks.o
 .bss.xPendedTicks
                0x20000dac        0x4 ./Middlewares/Third_Party/FreeRTOS/Source/tasks.o
 .bss.xYieldPending
                0x20000db0        0x4 ./Middlewares/Third_Party/FreeRTOS/Source/tasks.o
 .bss.xNumOfOverflows
                0x20000db4        0x4 ./Middlewares/Third_Party/FreeRTOS/Source/tasks.o
 .bss.uxTaskNumber
                0x20000db8        0x4 ./Middlewares/Third_Party/FreeRTOS/Source/tasks.o
 .bss.xNextTaskUnblockTime
                0x20000dbc        0x4 ./Middlewares/Third_Party/FreeRTOS/Source/tasks.o
 .bss.xIdleTaskHandle
                0x20000dc0        0x4 ./Middlewares/Third_Party/FreeRTOS/Source/tasks.o
 .bss.uxSchedulerSuspended
                0x20000dc4        0x4 ./Middlewares/Third_Party/FreeRTOS/Source/tasks.o
 .bss.xActiveTimerList1
                0x20000dc8       0x14 ./Middlewares/Third_Party/FreeRTOS/Source/timers.o
 .bss.xActiveTimerList2
                0x20000ddc       0x14 ./Middlewares/Third_Party/FreeRTOS/Source/timers.o
 .bss.pxCurrentTimerList
                0x20000df0        0x4 ./Middlewares/Third_Party/FreeRTOS/Source/timers.o
 .bss.pxOverflowTimerList
                0x20000df4        0x4 ./Middlewares/Third_Party/FreeRTOS/Source/timers.o
 .bss.xTimerQueue
                0x20000df8        0x4 ./Middlewares/Third_Party/FreeRTOS/Source/timers.o
 .bss.xTimerTaskHandle
                0x20000dfc        0x4 ./Middlewares/Third_Party/FreeRTOS/Source/timers.o
 .bss.xLastTime.2
                0x20000e00        0x4 ./Middlewares/Third_Party/FreeRTOS/Source/timers.o
 .bss.ucStaticTimerQueueStorage.1
                0x20000e04       0xa0 ./Middlewares/Third_Party/FreeRTOS/Source/timers.o
 .bss.xStaticTimerQueue.0
                0x20000ea4       0x50 ./Middlewares/Third_Party/FreeRTOS/Source/timers.o
 .bss.ucMaxSysCallPriority
                0x20000ef4        0x1 ./Middlewares/Third_Party/FreeRTOS/Source/portable/GCC/ARM_CM4F/port.o
 *fill*         0x20000ef5        0x3 
 .bss.ulMaxPRIGROUPValue
                0x20000ef8        0x4 ./Middlewares/Third_Party/FreeRTOS/Source/portable/GCC/ARM_CM4F/port.o
 .bss.ucHeap    0x20000efc      0xbb8 ./Middlewares/Third_Party/FreeRTOS/Source/portable/MemMang/heap_4.o
 .bss.xStart    0x20001ab4        0x8 ./Middlewares/Third_Party/FreeRTOS/Source/portable/MemMang/heap_4.o
 .bss.pxEnd     0x20001abc        0x4 ./Middlewares/Third_Party/FreeRTOS/Source/portable/MemMang/heap_4.o
 .bss.xFreeBytesRemaining
                0x20001ac0        0x4 ./Middlewares/Third_Party/FreeRTOS/Source/portable/MemMang/heap_4.o
 .bss.xMinimumEverFreeBytesRemaining
                0x20001ac4        0x4 ./Middlewares/Third_Party/FreeRTOS/Source/portable/MemMang/heap_4.o
 .bss.xNumberOfSuccessfulAllocations
                0x20001ac8        0x4 ./Middlewares/Third_Party/FreeRTOS/Source/portable/MemMang/heap_4.o
 .bss.xNumberOfSuccessfulFrees
                0x20001acc        0x4 ./Middlewares/Third_Party/FreeRTOS/Source/portable/MemMang/heap_4.o
 .bss.xBlockAllocatedBit
                0x20001ad0        0x4 ./Middlewares/Third_Party/FreeRTOS/Source/portable/MemMang/heap_4.o
 *(COMMON)
                0x20001ad4                        . = ALIGN (0x4)
                0x20001ad4                        _ebss = .
                0x20001ad4                        __bss_end__ = _ebss

._user_heap_stack
                0x20001ad4      0x604 load address 0x08007d14
                0x20001ad8                        . = ALIGN (0x8)
 *fill*         0x20001ad4        0x4 
                [!provide]                        PROVIDE (end = .)
                0x20001ad8                        PROVIDE (_end = .)
                0x20001cd8                        . = (. + _Min_Heap_Size)
 *fill*         0x20001ad8      0x200 
                0x200020d8                        . = (. + _Min_Stack_Size)
 *fill*         0x20001cd8      0x400 
                0x200020d8                        . = ALIGN (0x8)

/DISCARD/
 libc.a(*)
 libm.a(*)
 libgcc.a(*)

.ARM.attributes
                0x00000000       0x30
 *(.ARM.attributes)
 .ARM.attributes
                0x00000000       0x22 /opt/st/stm32cubeide_2.2.0/plugins/com.st.stm32cube.ide.mcu.externaltools.gnu-tools-for-stm32.14.3.rel1.linux64_1.0.100.202602081740/tools/bin/../lib/gcc/arm-none-eabi/14.3.1/thumb/v7e-m+fp/hard/crti.o
 .ARM.attributes
                0x00000022       0x34 /opt/st/stm32cubeide_2.2.0/plugins/com.st.stm32cube.ide.mcu.externaltools.gnu-tools-for-stm32.14.3.rel1.linux64_1.0.100.202602081740/tools/bin/../lib/gcc/arm-none-eabi/14.3.1/thumb/v7e-m+fp/hard/crtbegin.o
 .ARM.attributes
                0x00000056       0x34 ./Core/Src/dma.o
 .ARM.attributes
                0x0000008a       0x34 ./Core/Src/freertos.o
 .ARM.attributes
                0x000000be       0x34 ./Core/Src/gpio.o
 .ARM.attributes
                0x000000f2       0x34 ./Core/Src/main.o
 .ARM.attributes
                0x00000126       0x34 ./Core/Src/stm32l4xx_hal_msp.o
 .ARM.attributes
                0x0000015a       0x34 ./Core/Src/stm32l4xx_hal_timebase_tim.o
 .ARM.attributes
                0x0000018e       0x34 ./Core/Src/stm32l4xx_it.o
 .ARM.attributes
                0x000001c2       0x34 ./Core/Src/system_stm32l4xx.o
 .ARM.attributes
                0x000001f6       0x34 ./Core/Src/task_can.o
 .ARM.attributes
                0x0000022a       0x34 ./Core/Src/task_uart_dma.o
 .ARM.attributes
                0x0000025e       0x34 ./Core/Src/usart.o
 .ARM.attributes
                0x00000292       0x21 ./Core/Startup/startup_stm32l476rgtx.o
 .ARM.attributes
                0x000002b3       0x34 ./Drivers/BSP/STM32L4xx_Nucleo/stm32l4xx_nucleo.o
 .ARM.attributes
                0x000002e7       0x34 ./Drivers/STM32L4xx_HAL_Driver/Src/stm32l4xx_hal.o
 .ARM.attributes
                0x0000031b       0x34 ./Drivers/STM32L4xx_HAL_Driver/Src/stm32l4xx_hal_cortex.o
 .ARM.attributes
                0x0000034f       0x34 ./Drivers/STM32L4xx_HAL_Driver/Src/stm32l4xx_hal_dma.o
 .ARM.attributes
                0x00000383       0x34 ./Drivers/STM32L4xx_HAL_Driver/Src/stm32l4xx_hal_gpio.o
 .ARM.attributes
                0x000003b7       0x34 ./Drivers/STM32L4xx_HAL_Driver/Src/stm32l4xx_hal_pwr_ex.o
 .ARM.attributes
                0x000003eb       0x34 ./Drivers/STM32L4xx_HAL_Driver/Src/stm32l4xx_hal_rcc.o
 .ARM.attributes
                0x0000041f       0x34 ./Drivers/STM32L4xx_HAL_Driver/Src/stm32l4xx_hal_rcc_ex.o
 .ARM.attributes
                0x00000453       0x34 ./Drivers/STM32L4xx_HAL_Driver/Src/stm32l4xx_hal_tim.o
 .ARM.attributes
                0x00000487       0x34 ./Drivers/STM32L4xx_HAL_Driver/Src/stm32l4xx_hal_tim_ex.o
 .ARM.attributes
                0x000004bb       0x34 ./Drivers/STM32L4xx_HAL_Driver/Src/stm32l4xx_hal_uart.o
 .ARM.attributes
                0x000004ef       0x34 ./Drivers/STM32L4xx_HAL_Driver/Src/stm32l4xx_hal_uart_ex.o
 .ARM.attributes
                0x00000523       0x34 ./Middlewares/Third_Party/FreeRTOS/Source/CMSIS_RTOS_V2/cmsis_os2.o
 .ARM.attributes
                0x00000557       0x34 ./Middlewares/Third_Party/FreeRTOS/Source/list.o
 .ARM.attributes
                0x0000058b       0x34 ./Middlewares/Third_Party/FreeRTOS/Source/queue.o
 .ARM.attributes
                0x000005bf       0x34 ./Middlewares/Third_Party/FreeRTOS/Source/tasks.o
 .ARM.attributes
                0x000005f3       0x34 ./Middlewares/Third_Party/FreeRTOS/Source/timers.o
 .ARM.attributes
                0x00000627       0x34 ./Middlewares/Third_Party/FreeRTOS/Source/portable/GCC/ARM_CM4F/port.o
 .ARM.attributes
                0x0000065b       0x34 ./Middlewares/Third_Party/FreeRTOS/Source/portable/MemMang/heap_4.o
 .ARM.attributes
                0x0000068f       0x34 /opt/st/stm32cubeide_2.2.0/plugins/com.st.stm32cube.ide.mcu.externaltools.gnu-tools-for-stm32.14.3.rel1.linux64_1.0.100.202602081740/tools/bin/../lib/gcc/arm-none-eabi/14.3.1/../../../../arm-none-eabi/lib/thumb/v7e-m+fp/hard/libc_nano.a(libc_a-memset.o)
 .ARM.attributes
                0x000006c3       0x34 /opt/st/stm32cubeide_2.2.0/plugins/com.st.stm32cube.ide.mcu.externaltools.gnu-tools-for-stm32.14.3.rel1.linux64_1.0.100.202602081740/tools/bin/../lib/gcc/arm-none-eabi/14.3.1/../../../../arm-none-eabi/lib/thumb/v7e-m+fp/hard/libc_nano.a(libc_a-init.o)
 .ARM.attributes
                0x000006f7       0x34 /opt/st/stm32cubeide_2.2.0/plugins/com.st.stm32cube.ide.mcu.externaltools.gnu-tools-for-stm32.14.3.rel1.linux64_1.0.100.202602081740/tools/bin/../lib/gcc/arm-none-eabi/14.3.1/../../../../arm-none-eabi/lib/thumb/v7e-m+fp/hard/libc_nano.a(libc_a-memcpy-stub.o)
 .ARM.attributes
                0x0000072b       0x22 /opt/st/stm32cubeide_2.2.0/plugins/com.st.stm32cube.ide.mcu.externaltools.gnu-tools-for-stm32.14.3.rel1.linux64_1.0.100.202602081740/tools/bin/../lib/gcc/arm-none-eabi/14.3.1/thumb/v7e-m+fp/hard/libgcc.a(_aeabi_uldivmod.o)
 .ARM.attributes
                0x0000074d       0x34 /opt/st/stm32cubeide_2.2.0/plugins/com.st.stm32cube.ide.mcu.externaltools.gnu-tools-for-stm32.14.3.rel1.linux64_1.0.100.202602081740/tools/bin/../lib/gcc/arm-none-eabi/14.3.1/thumb/v7e-m+fp/hard/libgcc.a(_udivmoddi4.o)
 .ARM.attributes
                0x00000781       0x22 /opt/st/stm32cubeide_2.2.0/plugins/com.st.stm32cube.ide.mcu.externaltools.gnu-tools-for-stm32.14.3.rel1.linux64_1.0.100.202602081740/tools/bin/../lib/gcc/arm-none-eabi/14.3.1/thumb/v7e-m+fp/hard/libgcc.a(_dvmd_tls.o)
 .ARM.attributes
                0x000007a3       0x22 /opt/st/stm32cubeide_2.2.0/plugins/com.st.stm32cube.ide.mcu.externaltools.gnu-tools-for-stm32.14.3.rel1.linux64_1.0.100.202602081740/tools/bin/../lib/gcc/arm-none-eabi/14.3.1/thumb/v7e-m+fp/hard/crtn.o
OUTPUT(master_board.elf elf32-littlearm)
LOAD linker stubs
LOAD /opt/st/stm32cubeide_2.2.0/plugins/com.st.stm32cube.ide.mcu.externaltools.gnu-tools-for-stm32.14.3.rel1.linux64_1.0.100.202602081740/tools/bin/../lib/gcc/arm-none-eabi/14.3.1/../../../../arm-none-eabi/lib/thumb/v7e-m+fp/hard/libc.a
LOAD /opt/st/stm32cubeide_2.2.0/plugins/com.st.stm32cube.ide.mcu.externaltools.gnu-tools-for-stm32.14.3.rel1.linux64_1.0.100.202602081740/tools/bin/../lib/gcc/arm-none-eabi/14.3.1/../../../../arm-none-eabi/lib/thumb/v7e-m+fp/hard/libm.a
LOAD /opt/st/stm32cubeide_2.2.0/plugins/com.st.stm32cube.ide.mcu.externaltools.gnu-tools-for-stm32.14.3.rel1.linux64_1.0.100.202602081740/tools/bin/../lib/gcc/arm-none-eabi/14.3.1/thumb/v7e-m+fp/hard/libgcc.a

.debug_info     0x00000000    0x1cfa7
 .debug_info    0x00000000      0x547 ./Core/Src/dma.o
 .debug_info    0x00000547      0x4f5 ./Core/Src/freertos.o
 .debug_info    0x00000a3c      0x33b ./Core/Src/gpio.o
 .debug_info    0x00000d77      0xa58 ./Core/Src/main.o
 .debug_info    0x000017cf      0x555 ./Core/Src/stm32l4xx_hal_msp.o
 .debug_info    0x00001d24      0xcca ./Core/Src/stm32l4xx_hal_timebase_tim.o
 .debug_info    0x000029ee      0xafd ./Core/Src/stm32l4xx_it.o
 .debug_info    0x000034eb      0x5e2 ./Core/Src/system_stm32l4xx.o
 .debug_info    0x00003acd      0x1ca ./Core/Src/task_can.o
 .debug_info    0x00003c97      0x836 ./Core/Src/task_uart_dma.o
 .debug_info    0x000044cd      0xfd8 ./Core/Src/usart.o
 .debug_info    0x000054a5       0x30 ./Core/Startup/startup_stm32l476rgtx.o
 .debug_info    0x000054d5      0x995 ./Drivers/BSP/STM32L4xx_Nucleo/stm32l4xx_nucleo.o
 .debug_info    0x00005e6a      0xc4d ./Drivers/STM32L4xx_HAL_Driver/Src/stm32l4xx_hal.o
 .debug_info    0x00006ab7      0xdad ./Drivers/STM32L4xx_HAL_Driver/Src/stm32l4xx_hal_cortex.o
 .debug_info    0x00007864      0x71a ./Drivers/STM32L4xx_HAL_Driver/Src/stm32l4xx_hal_dma.o
 .debug_info    0x00007f7e      0x79f ./Drivers/STM32L4xx_HAL_Driver/Src/stm32l4xx_hal_gpio.o
 .debug_info    0x0000871d      0x9ca ./Drivers/STM32L4xx_HAL_Driver/Src/stm32l4xx_hal_pwr_ex.o
 .debug_info    0x000090e7      0xc45 ./Drivers/STM32L4xx_HAL_Driver/Src/stm32l4xx_hal_rcc.o
 .debug_info    0x00009d2c      0xe58 ./Drivers/STM32L4xx_HAL_Driver/Src/stm32l4xx_hal_rcc_ex.o
 .debug_info    0x0000ab84     0x2ade ./Drivers/STM32L4xx_HAL_Driver/Src/stm32l4xx_hal_tim.o
 .debug_info    0x0000d662     0x16e0 ./Drivers/STM32L4xx_HAL_Driver/Src/stm32l4xx_hal_tim_ex.o
 .debug_info    0x0000ed42     0x3b8e ./Drivers/STM32L4xx_HAL_Driver/Src/stm32l4xx_hal_uart.o
 .debug_info    0x000128d0      0xded ./Drivers/STM32L4xx_HAL_Driver/Src/stm32l4xx_hal_uart_ex.o
 .debug_info    0x000136bd     0x3a9b ./Middlewares/Third_Party/FreeRTOS/Source/CMSIS_RTOS_V2/cmsis_os2.o
 .debug_info    0x00017158      0x2af ./Middlewares/Third_Party/FreeRTOS/Source/list.o
 .debug_info    0x00017407     0x1b79 ./Middlewares/Third_Party/FreeRTOS/Source/queue.o
 .debug_info    0x00018f80     0x21ec ./Middlewares/Third_Party/FreeRTOS/Source/tasks.o
 .debug_info    0x0001b16c     0x1488 ./Middlewares/Third_Party/FreeRTOS/Source/timers.o
 .debug_info    0x0001c5f4      0x4de ./Middlewares/Third_Party/FreeRTOS/Source/portable/GCC/ARM_CM4F/port.o
 .debug_info    0x0001cad2      0x4d5 ./Middlewares/Third_Party/FreeRTOS/Source/portable/MemMang/heap_4.o

.debug_abbrev   0x00000000     0x4377
 .debug_abbrev  0x00000000      0x115 ./Core/Src/dma.o
 .debug_abbrev  0x00000115      0x195 ./Core/Src/freertos.o
 .debug_abbrev  0x000002aa       0xdd ./Core/Src/gpio.o
 .debug_abbrev  0x00000387      0x24b ./Core/Src/main.o
 .debug_abbrev  0x000005d2      0x11e ./Core/Src/stm32l4xx_hal_msp.o
 .debug_abbrev  0x000006f0      0x1fa ./Core/Src/stm32l4xx_hal_timebase_tim.o
 .debug_abbrev  0x000008ea      0x199 ./Core/Src/stm32l4xx_it.o
 .debug_abbrev  0x00000a83      0x117 ./Core/Src/system_stm32l4xx.o
 .debug_abbrev  0x00000b9a      0x11b ./Core/Src/task_can.o
 .debug_abbrev  0x00000cb5      0x1ed ./Core/Src/task_uart_dma.o
 .debug_abbrev  0x00000ea2      0x20f ./Core/Src/usart.o
 .debug_abbrev  0x000010b1       0x24 ./Core/Startup/startup_stm32l476rgtx.o
 .debug_abbrev  0x000010d5      0x210 ./Drivers/BSP/STM32L4xx_Nucleo/stm32l4xx_nucleo.o
 .debug_abbrev  0x000012e5      0x243 ./Drivers/STM32L4xx_HAL_Driver/Src/stm32l4xx_hal.o
 .debug_abbrev  0x00001528      0x31c ./Drivers/STM32L4xx_HAL_Driver/Src/stm32l4xx_hal_cortex.o
 .debug_abbrev  0x00001844      0x1fd ./Drivers/STM32L4xx_HAL_Driver/Src/stm32l4xx_hal_dma.o
 .debug_abbrev  0x00001a41      0x1d1 ./Drivers/STM32L4xx_HAL_Driver/Src/stm32l4xx_hal_gpio.o
 .debug_abbrev  0x00001c12      0x1f9 ./Drivers/STM32L4xx_HAL_Driver/Src/stm32l4xx_hal_pwr_ex.o
 .debug_abbrev  0x00001e0b      0x2dc ./Drivers/STM32L4xx_HAL_Driver/Src/stm32l4xx_hal_rcc.o
 .debug_abbrev  0x000020e7      0x2a5 ./Drivers/STM32L4xx_HAL_Driver/Src/stm32l4xx_hal_rcc_ex.o
 .debug_abbrev  0x0000238c      0x289 ./Drivers/STM32L4xx_HAL_Driver/Src/stm32l4xx_hal_tim.o
 .debug_abbrev  0x00002615      0x284 ./Drivers/STM32L4xx_HAL_Driver/Src/stm32l4xx_hal_tim_ex.o
 .debug_abbrev  0x00002899      0x2f3 ./Drivers/STM32L4xx_HAL_Driver/Src/stm32l4xx_hal_uart.o
 .debug_abbrev  0x00002b8c      0x2d0 ./Drivers/STM32L4xx_HAL_Driver/Src/stm32l4xx_hal_uart_ex.o
 .debug_abbrev  0x00002e5c      0x51f ./Middlewares/Third_Party/FreeRTOS/Source/CMSIS_RTOS_V2/cmsis_os2.o
 .debug_abbrev  0x0000337b       0xf5 ./Middlewares/Third_Party/FreeRTOS/Source/list.o
 .debug_abbrev  0x00003470      0x3b6 ./Middlewares/Third_Party/FreeRTOS/Source/queue.o
 .debug_abbrev  0x00003826      0x386 ./Middlewares/Third_Party/FreeRTOS/Source/tasks.o
 .debug_abbrev  0x00003bac      0x352 ./Middlewares/Third_Party/FreeRTOS/Source/timers.o
 .debug_abbrev  0x00003efe      0x25c ./Middlewares/Third_Party/FreeRTOS/Source/portable/GCC/ARM_CM4F/port.o
 .debug_abbrev  0x0000415a      0x21d ./Middlewares/Third_Party/FreeRTOS/Source/portable/MemMang/heap_4.o

.debug_aranges  0x00000000     0x1888
 .debug_aranges
                0x00000000       0x20 ./Core/Src/dma.o
 .debug_aranges
                0x00000020       0x28 ./Core/Src/freertos.o
 .debug_aranges
                0x00000048       0x20 ./Core/Src/gpio.o
 .debug_aranges
                0x00000068       0x38 ./Core/Src/main.o
 .debug_aranges
                0x000000a0       0x20 ./Core/Src/stm32l4xx_hal_msp.o
 .debug_aranges
                0x000000c0       0x30 ./Core/Src/stm32l4xx_hal_timebase_tim.o
 .debug_aranges
                0x000000f0       0x70 ./Core/Src/stm32l4xx_it.o
 .debug_aranges
                0x00000160       0x28 ./Core/Src/system_stm32l4xx.o
 .debug_aranges
                0x00000188       0x20 ./Core/Src/task_can.o
 .debug_aranges
                0x000001a8       0x28 ./Core/Src/task_uart_dma.o
 .debug_aranges
                0x000001d0       0x30 ./Core/Src/usart.o
 .debug_aranges
                0x00000200       0x28 ./Core/Startup/startup_stm32l476rgtx.o
 .debug_aranges
                0x00000228       0x60 ./Drivers/BSP/STM32L4xx_Nucleo/stm32l4xx_nucleo.o
 .debug_aranges
                0x00000288      0x130 ./Drivers/STM32L4xx_HAL_Driver/Src/stm32l4xx_hal.o
 .debug_aranges
                0x000003b8      0x128 ./Drivers/STM32L4xx_HAL_Driver/Src/stm32l4xx_hal_cortex.o
 .debug_aranges
                0x000004e0       0x80 ./Drivers/STM32L4xx_HAL_Driver/Src/stm32l4xx_hal_dma.o
 .debug_aranges
                0x00000560       0x58 ./Drivers/STM32L4xx_HAL_Driver/Src/stm32l4xx_hal_gpio.o
 .debug_aranges
                0x000005b8      0x160 ./Drivers/STM32L4xx_HAL_Driver/Src/stm32l4xx_hal_pwr_ex.o
 .debug_aranges
                0x00000718       0x90 ./Drivers/STM32L4xx_HAL_Driver/Src/stm32l4xx_hal_rcc.o
 .debug_aranges
                0x000007a8       0xc0 ./Drivers/STM32L4xx_HAL_Driver/Src/stm32l4xx_hal_rcc_ex.o
 .debug_aranges
                0x00000868      0x3e0 ./Drivers/STM32L4xx_HAL_Driver/Src/stm32l4xx_hal_tim.o
 .debug_aranges
                0x00000c48      0x180 ./Drivers/STM32L4xx_HAL_Driver/Src/stm32l4xx_hal_tim_ex.o
 .debug_aranges
                0x00000dc8      0x228 ./Drivers/STM32L4xx_HAL_Driver/Src/stm32l4xx_hal_uart.o
 .debug_aranges
                0x00000ff0       0x80 ./Drivers/STM32L4xx_HAL_Driver/Src/stm32l4xx_hal_uart_ex.o
 .debug_aranges
                0x00001070      0x2b0 ./Middlewares/Third_Party/FreeRTOS/Source/CMSIS_RTOS_V2/cmsis_os2.o
 .debug_aranges
                0x00001320       0x40 ./Middlewares/Third_Party/FreeRTOS/Source/list.o
 .debug_aranges
                0x00001360      0x158 ./Middlewares/Third_Party/FreeRTOS/Source/queue.o
 .debug_aranges
                0x000014b8      0x208 ./Middlewares/Third_Party/FreeRTOS/Source/tasks.o
 .debug_aranges
                0x000016c0       0xf0 ./Middlewares/Third_Party/FreeRTOS/Source/timers.o
 .debug_aranges
                0x000017b0       0x80 ./Middlewares/Third_Party/FreeRTOS/Source/portable/GCC/ARM_CM4F/port.o
 .debug_aranges
                0x00001830       0x58 ./Middlewares/Third_Party/FreeRTOS/Source/portable/MemMang/heap_4.o

.debug_rnglists
                0x00000000     0x12ee
 .debug_rnglists
                0x00000000       0x13 ./Core/Src/dma.o
 .debug_rnglists
                0x00000013       0x19 ./Core/Src/freertos.o
 .debug_rnglists
                0x0000002c       0x13 ./Core/Src/gpio.o
 .debug_rnglists
                0x0000003f       0x26 ./Core/Src/main.o
 .debug_rnglists
                0x00000065       0x13 ./Core/Src/stm32l4xx_hal_msp.o
 .debug_rnglists
                0x00000078       0x20 ./Core/Src/stm32l4xx_hal_timebase_tim.o
 .debug_rnglists
                0x00000098       0x4f ./Core/Src/stm32l4xx_it.o
 .debug_rnglists
                0x000000e7       0x1a ./Core/Src/system_stm32l4xx.o
 .debug_rnglists
                0x00000101       0x13 ./Core/Src/task_can.o
 .debug_rnglists
                0x00000114       0x19 ./Core/Src/task_uart_dma.o
 .debug_rnglists
                0x0000012d       0x20 ./Core/Src/usart.o
 .debug_rnglists
                0x0000014d       0x19 ./Core/Startup/startup_stm32l476rgtx.o
 .debug_rnglists
                0x00000166       0x44 ./Drivers/BSP/STM32L4xx_Nucleo/stm32l4xx_nucleo.o
 .debug_rnglists
                0x000001aa       0xdf ./Drivers/STM32L4xx_HAL_Driver/Src/stm32l4xx_hal.o
 .debug_rnglists
                0x00000289       0xda ./Drivers/STM32L4xx_HAL_Driver/Src/stm32l4xx_hal_cortex.o
 .debug_rnglists
                0x00000363       0x65 ./Drivers/STM32L4xx_HAL_Driver/Src/stm32l4xx_hal_dma.o
 .debug_rnglists
                0x000003c8       0x3f ./Drivers/STM32L4xx_HAL_Driver/Src/stm32l4xx_hal_gpio.o
 .debug_rnglists
                0x00000407      0x109 ./Drivers/STM32L4xx_HAL_Driver/Src/stm32l4xx_hal_pwr_ex.o
 .debug_rnglists
                0x00000510       0x6d ./Drivers/STM32L4xx_HAL_Driver/Src/stm32l4xx_hal_rcc.o
 .debug_rnglists
                0x0000057d       0x95 ./Drivers/STM32L4xx_HAL_Driver/Src/stm32l4xx_hal_rcc_ex.o
 .debug_rnglists
                0x00000612      0x32c ./Drivers/STM32L4xx_HAL_Driver/Src/stm32l4xx_hal_tim.o
 .debug_rnglists
                0x0000093e      0x139 ./Drivers/STM32L4xx_HAL_Driver/Src/stm32l4xx_hal_tim_ex.o
 .debug_rnglists
                0x00000a77      0x1da ./Drivers/STM32L4xx_HAL_Driver/Src/stm32l4xx_hal_uart.o
 .debug_rnglists
                0x00000c51       0x60 ./Drivers/STM32L4xx_HAL_Driver/Src/stm32l4xx_hal_uart_ex.o
 .debug_rnglists
                0x00000cb1      0x212 ./Middlewares/Third_Party/FreeRTOS/Source/CMSIS_RTOS_V2/cmsis_os2.o
 .debug_rnglists
                0x00000ec3       0x2b ./Middlewares/Third_Party/FreeRTOS/Source/list.o
 .debug_rnglists
                0x00000eee      0x109 ./Middlewares/Third_Party/FreeRTOS/Source/queue.o
 .debug_rnglists
                0x00000ff7      0x1a0 ./Middlewares/Third_Party/FreeRTOS/Source/tasks.o
 .debug_rnglists
                0x00001197       0xb8 ./Middlewares/Third_Party/FreeRTOS/Source/timers.o
 .debug_rnglists
                0x0000124f       0x5d ./Middlewares/Third_Party/FreeRTOS/Source/portable/GCC/ARM_CM4F/port.o
 .debug_rnglists
                0x000012ac       0x42 ./Middlewares/Third_Party/FreeRTOS/Source/portable/MemMang/heap_4.o

.debug_macro    0x00000000    0x29af7
 .debug_macro   0x00000000      0x1f1 ./Core/Src/dma.o
 .debug_macro   0x000001f1      0xade ./Core/Src/dma.o
 .debug_macro   0x00000ccf      0x1a7 ./Core/Src/dma.o
 .debug_macro   0x00000e76       0x2e ./Core/Src/dma.o
 .debug_macro   0x00000ea4       0x28 ./Core/Src/dma.o
 .debug_macro   0x00000ecc       0x22 ./Core/Src/dma.o
 .debug_macro   0x00000eee       0x8e ./Core/Src/dma.o
 .debug_macro   0x00000f7c       0x51 ./Core/Src/dma.o
 .debug_macro   0x00000fcd      0x103 ./Core/Src/dma.o
 .debug_macro   0x000010d0       0x6a ./Core/Src/dma.o
 .debug_macro   0x0000113a      0x1df ./Core/Src/dma.o
 .debug_macro   0x00001319       0x1c ./Core/Src/dma.o
 .debug_macro   0x00001335       0x22 ./Core/Src/dma.o
 .debug_macro   0x00001357       0xfb ./Core/Src/dma.o
 .debug_macro   0x00001452     0x1011 ./Core/Src/dma.o
 .debug_macro   0x00002463      0x11f ./Core/Src/dma.o
 .debug_macro   0x00002582    0x1a192 ./Core/Src/dma.o
 .debug_macro   0x0001c714       0x6d ./Core/Src/dma.o
 .debug_macro   0x0001c781     0x38fb ./Core/Src/dma.o
 .debug_macro   0x0002007c      0x190 ./Core/Src/dma.o
 .debug_macro   0x0002020c       0x5c ./Core/Src/dma.o
 .debug_macro   0x00020268     0x159e ./Core/Src/dma.o
 .debug_macro   0x00021806      0x5a5 ./Core/Src/dma.o
 .debug_macro   0x00021dab      0x1b9 ./Core/Src/dma.o
 .debug_macro   0x00021f64      0x18b ./Core/Src/dma.o
 .debug_macro   0x000220ef      0x2c4 ./Core/Src/dma.o
 .debug_macro   0x000223b3      0x27a ./Core/Src/dma.o
 .debug_macro   0x0002262d      0x23d ./Core/Src/dma.o
 .debug_macro   0x0002286a      0x241 ./Core/Src/dma.o
 .debug_macro   0x00022aab      0x37c ./Core/Src/dma.o
 .debug_macro   0x00022e27       0xd6 ./Core/Src/dma.o
 .debug_macro   0x00022efd      0x122 ./Core/Src/dma.o
 .debug_macro   0x0002301f      0x3ef ./Core/Src/dma.o
 .debug_macro   0x0002340e      0xa98 ./Core/Src/dma.o
 .debug_macro   0x00023ea6      0x1e6 ./Core/Src/dma.o
 .debug_macro   0x0002408c      0x5cf ./Core/Src/dma.o
 .debug_macro   0x0002465b       0x44 ./Core/Src/dma.o
 .debug_macro   0x0002469f      0x330 ./Core/Src/dma.o
 .debug_macro   0x000249cf      0x1bb ./Core/Src/dma.o
 .debug_macro   0x00024b8a       0x40 ./Core/Src/dma.o
 .debug_macro   0x00024bca      0x284 ./Core/Src/freertos.o
 .debug_macro   0x00024e4e      0x169 ./Core/Src/freertos.o
 .debug_macro   0x00024fb7      0x15a ./Core/Src/freertos.o
 .debug_macro   0x00025111       0xc9 ./Core/Src/freertos.o
 .debug_macro   0x000251da       0x1c ./Core/Src/freertos.o
 .debug_macro   0x000251f6       0x26 ./Core/Src/freertos.o
 .debug_macro   0x0002521c      0x4c5 ./Core/Src/freertos.o
 .debug_macro   0x000256e1       0xb5 ./Core/Src/freertos.o
 .debug_macro   0x00025796       0xaa ./Core/Src/freertos.o
 .debug_macro   0x00025840       0x6c ./Core/Src/freertos.o
 .debug_macro   0x000258ac       0x74 ./Core/Src/freertos.o
 .debug_macro   0x00025920       0xdd ./Core/Src/freertos.o
 .debug_macro   0x000259fd       0x16 ./Core/Src/freertos.o
 .debug_macro   0x00025a13      0x1f1 ./Core/Src/gpio.o
 .debug_macro   0x00025c04      0x299 ./Core/Src/main.o
 .debug_macro   0x00025e9d      0x169 ./Core/Src/main.o
 .debug_macro   0x00026006       0x66 ./Core/Src/main.o
 .debug_macro   0x0002606c      0x1e7 ./Core/Src/stm32l4xx_hal_msp.o
 .debug_macro   0x00026253      0x1cf ./Core/Src/stm32l4xx_hal_timebase_tim.o
 .debug_macro   0x00026422      0x1f1 ./Core/Src/stm32l4xx_it.o
 .debug_macro   0x00026613      0x1cf ./Core/Src/system_stm32l4xx.o
 .debug_macro   0x000267e2      0x101 ./Core/Src/task_can.o
 .debug_macro   0x000268e3       0x10 ./Core/Src/task_can.o
 .debug_macro   0x000268f3      0x358 ./Core/Src/task_uart_dma.o
 .debug_macro   0x00026c4b       0x61 ./Core/Src/task_uart_dma.o
 .debug_macro   0x00026cac       0x10 ./Core/Src/task_uart_dma.o
 .debug_macro   0x00026cbc       0x20 ./Core/Src/task_uart_dma.o
 .debug_macro   0x00026cdc      0x1f1 ./Core/Src/usart.o
 .debug_macro   0x00026ecd      0x208 ./Drivers/BSP/STM32L4xx_Nucleo/stm32l4xx_nucleo.o
 .debug_macro   0x000270d5      0x1b5 ./Drivers/BSP/STM32L4xx_Nucleo/stm32l4xx_nucleo.o
 .debug_macro   0x0002728a      0x21d ./Drivers/STM32L4xx_HAL_Driver/Src/stm32l4xx_hal.o
 .debug_macro   0x000274a7      0x1cf ./Drivers/STM32L4xx_HAL_Driver/Src/stm32l4xx_hal_cortex.o
 .debug_macro   0x00027676      0x1cf ./Drivers/STM32L4xx_HAL_Driver/Src/stm32l4xx_hal_dma.o
 .debug_macro   0x00027845      0x1d6 ./Drivers/STM32L4xx_HAL_Driver/Src/stm32l4xx_hal_gpio.o
 .debug_macro   0x00027a1b      0x1f3 ./Drivers/STM32L4xx_HAL_Driver/Src/stm32l4xx_hal_pwr_ex.o
 .debug_macro   0x00027c0e      0x211 ./Drivers/STM32L4xx_HAL_Driver/Src/stm32l4xx_hal_rcc.o
 .debug_macro   0x00027e1f      0x205 ./Drivers/STM32L4xx_HAL_Driver/Src/stm32l4xx_hal_rcc_ex.o
 .debug_macro   0x00028024      0x1d0 ./Drivers/STM32L4xx_HAL_Driver/Src/stm32l4xx_hal_tim.o
 .debug_macro   0x000281f4      0x1cf ./Drivers/STM32L4xx_HAL_Driver/Src/stm32l4xx_hal_tim_ex.o
 .debug_macro   0x000283c3      0x1fa ./Drivers/STM32L4xx_HAL_Driver/Src/stm32l4xx_hal_uart.o
 .debug_macro   0x000285bd      0x1cf ./Drivers/STM32L4xx_HAL_Driver/Src/stm32l4xx_hal_uart_ex.o
 .debug_macro   0x0002878c      0x3c6 ./Middlewares/Third_Party/FreeRTOS/Source/CMSIS_RTOS_V2/cmsis_os2.o
 .debug_macro   0x00028b52       0xf5 ./Middlewares/Third_Party/FreeRTOS/Source/CMSIS_RTOS_V2/cmsis_os2.o
 .debug_macro   0x00028c47       0x91 ./Middlewares/Third_Party/FreeRTOS/Source/CMSIS_RTOS_V2/cmsis_os2.o
 .debug_macro   0x00028cd8       0x8d ./Middlewares/Third_Party/FreeRTOS/Source/CMSIS_RTOS_V2/cmsis_os2.o
 .debug_macro   0x00028d65       0x9a ./Middlewares/Third_Party/FreeRTOS/Source/CMSIS_RTOS_V2/cmsis_os2.o
 .debug_macro   0x00028dff       0x22 ./Middlewares/Third_Party/FreeRTOS/Source/CMSIS_RTOS_V2/cmsis_os2.o
 .debug_macro   0x00028e21       0x56 ./Middlewares/Third_Party/FreeRTOS/Source/CMSIS_RTOS_V2/cmsis_os2.o
 .debug_macro   0x00028e77      0x187 ./Middlewares/Third_Party/FreeRTOS/Source/list.o
 .debug_macro   0x00028ffe      0x216 ./Middlewares/Third_Party/FreeRTOS/Source/queue.o
 .debug_macro   0x00029214       0x16 ./Middlewares/Third_Party/FreeRTOS/Source/queue.o
 .debug_macro   0x0002922a       0x87 ./Middlewares/Third_Party/FreeRTOS/Source/queue.o
 .debug_macro   0x000292b1      0x27f ./Middlewares/Third_Party/FreeRTOS/Source/tasks.o
 .debug_macro   0x00029530       0x10 ./Middlewares/Third_Party/FreeRTOS/Source/tasks.o
 .debug_macro   0x00029540      0x1dc ./Middlewares/Third_Party/FreeRTOS/Source/timers.o
 .debug_macro   0x0002971c       0x97 ./Middlewares/Third_Party/FreeRTOS/Source/timers.o
 .debug_macro   0x000297b3      0x196 ./Middlewares/Third_Party/FreeRTOS/Source/portable/GCC/ARM_CM4F/port.o
 .debug_macro   0x00029949      0x1ae ./Middlewares/Third_Party/FreeRTOS/Source/portable/MemMang/heap_4.o

.debug_line     0x00000000    0x1c72a
 .debug_line    0x00000000      0x6da ./Core/Src/dma.o
 .debug_line    0x000006da      0x88d ./Core/Src/freertos.o
 .debug_line    0x00000f67      0x6db ./Core/Src/gpio.o
 .debug_line    0x00001642      0x8f1 ./Core/Src/main.o
 .debug_line    0x00001f33      0x6dd ./Core/Src/stm32l4xx_hal_msp.o
 .debug_line    0x00002610      0x721 ./Core/Src/stm32l4xx_hal_timebase_tim.o
 .debug_line    0x00002d31      0x7c5 ./Core/Src/stm32l4xx_it.o
 .debug_line    0x000034f6      0x744 ./Core/Src/system_stm32l4xx.o
 .debug_line    0x00003c3a      0x4d8 ./Core/Src/task_can.o
 .debug_line    0x00004112      0x9d1 ./Core/Src/task_uart_dma.o
 .debug_line    0x00004ae3      0x7bc ./Core/Src/usart.o
 .debug_line    0x0000529f       0x7a ./Core/Startup/startup_stm32l476rgtx.o
 .debug_line    0x00005319      0x807 ./Drivers/BSP/STM32L4xx_Nucleo/stm32l4xx_nucleo.o
 .debug_line    0x00005b20      0xab0 ./Drivers/STM32L4xx_HAL_Driver/Src/stm32l4xx_hal.o
 .debug_line    0x000065d0      0xc47 ./Drivers/STM32L4xx_HAL_Driver/Src/stm32l4xx_hal_cortex.o
 .debug_line    0x00007217      0xc61 ./Drivers/STM32L4xx_HAL_Driver/Src/stm32l4xx_hal_dma.o
 .debug_line    0x00007e78      0xb00 ./Drivers/STM32L4xx_HAL_Driver/Src/stm32l4xx_hal_gpio.o
 .debug_line    0x00008978      0xc8e ./Drivers/STM32L4xx_HAL_Driver/Src/stm32l4xx_hal_pwr_ex.o
 .debug_line    0x00009606     0x1001 ./Drivers/STM32L4xx_HAL_Driver/Src/stm32l4xx_hal_rcc.o
 .debug_line    0x0000a607     0x14cf ./Drivers/STM32L4xx_HAL_Driver/Src/stm32l4xx_hal_rcc_ex.o
 .debug_line    0x0000bad6     0x3e16 ./Drivers/STM32L4xx_HAL_Driver/Src/stm32l4xx_hal_tim.o
 .debug_line    0x0000f8ec     0x1ae9 ./Drivers/STM32L4xx_HAL_Driver/Src/stm32l4xx_hal_tim_ex.o
 .debug_line    0x000113d5     0x2cdf ./Drivers/STM32L4xx_HAL_Driver/Src/stm32l4xx_hal_uart.o
 .debug_line    0x000140b4      0xb43 ./Drivers/STM32L4xx_HAL_Driver/Src/stm32l4xx_hal_uart_ex.o
 .debug_line    0x00014bf7     0x246e ./Middlewares/Third_Party/FreeRTOS/Source/CMSIS_RTOS_V2/cmsis_os2.o
 .debug_line    0x00017065      0x6c6 ./Middlewares/Third_Party/FreeRTOS/Source/list.o
 .debug_line    0x0001772b     0x165a ./Middlewares/Third_Party/FreeRTOS/Source/queue.o
 .debug_line    0x00018d85     0x1c3d ./Middlewares/Third_Party/FreeRTOS/Source/tasks.o
 .debug_line    0x0001a9c2      0xd34 ./Middlewares/Third_Party/FreeRTOS/Source/timers.o
 .debug_line    0x0001b6f6      0x757 ./Middlewares/Third_Party/FreeRTOS/Source/portable/GCC/ARM_CM4F/port.o
 .debug_line    0x0001be4d      0x8dd ./Middlewares/Third_Party/FreeRTOS/Source/portable/MemMang/heap_4.o

.debug_str      0x00000000    0xff3b7
 .debug_str     0x00000000    0xff3b7 ./Core/Src/dma.o
                              0xecf22 (size before relaxing)
 .debug_str     0x000ff3b7    0xf184b ./Core/Src/freertos.o
 .debug_str     0x000ff3b7    0xeca12 ./Core/Src/gpio.o
 .debug_str     0x000ff3b7    0xf1aab ./Core/Src/main.o
 .debug_str     0x000ff3b7    0xecf12 ./Core/Src/stm32l4xx_hal_msp.o
 .debug_str     0x000ff3b7    0xec8df ./Core/Src/stm32l4xx_hal_timebase_tim.o
 .debug_str     0x000ff3b7    0xed14a ./Core/Src/stm32l4xx_it.o
 .debug_str     0x000ff3b7    0xebe1d ./Core/Src/system_stm32l4xx.o
 .debug_str     0x000ff3b7     0x8b74 ./Core/Src/task_can.o
 .debug_str     0x000ff3b7    0xf4950 ./Core/Src/task_uart_dma.o
 .debug_str     0x000ff3b7    0xed75b ./Core/Src/usart.o
 .debug_str     0x000ff3b7       0x82 ./Core/Startup/startup_stm32l476rgtx.o
 .debug_str     0x000ff3b7    0xed240 ./Drivers/BSP/STM32L4xx_Nucleo/stm32l4xx_nucleo.o
 .debug_str     0x000ff3b7    0xeca31 ./Drivers/STM32L4xx_HAL_Driver/Src/stm32l4xx_hal.o
 .debug_str     0x000ff3b7    0xec696 ./Drivers/STM32L4xx_HAL_Driver/Src/stm32l4xx_hal_cortex.o
 .debug_str     0x000ff3b7    0xec099 ./Drivers/STM32L4xx_HAL_Driver/Src/stm32l4xx_hal_dma.o
 .debug_str     0x000ff3b7    0xebfa8 ./Drivers/STM32L4xx_HAL_Driver/Src/stm32l4xx_hal_gpio.o
 .debug_str     0x000ff3b7    0xec378 ./Drivers/STM32L4xx_HAL_Driver/Src/stm32l4xx_hal_pwr_ex.o
 .debug_str     0x000ff3b7    0xec463 ./Drivers/STM32L4xx_HAL_Driver/Src/stm32l4xx_hal_rcc.o
 .debug_str     0x000ff3b7    0xec5ee ./Drivers/STM32L4xx_HAL_Driver/Src/stm32l4xx_hal_rcc_ex.o
 .debug_str     0x000ff3b7    0xed16f ./Drivers/STM32L4xx_HAL_Driver/Src/stm32l4xx_hal_tim.o
 .debug_str     0x000ff3b7    0xeca83 ./Drivers/STM32L4xx_HAL_Driver/Src/stm32l4xx_hal_tim_ex.o
 .debug_str     0x000ff3b7    0xecb75 ./Drivers/STM32L4xx_HAL_Driver/Src/stm32l4xx_hal_uart.o
 .debug_str     0x000ff3b7    0xec379 ./Drivers/STM32L4xx_HAL_Driver/Src/stm32l4xx_hal_uart_ex.o
 .debug_str     0x000ff3b7    0xf69f4 ./Middlewares/Third_Party/FreeRTOS/Source/CMSIS_RTOS_V2/cmsis_os2.o
 .debug_str     0x000ff3b7     0xaba5 ./Middlewares/Third_Party/FreeRTOS/Source/list.o
 .debug_str     0x000ff3b7     0xc6e5 ./Middlewares/Third_Party/FreeRTOS/Source/queue.o
 .debug_str     0x000ff3b7     0xd1a2 ./Middlewares/Third_Party/FreeRTOS/Source/tasks.o
 .debug_str     0x000ff3b7     0xcc17 ./Middlewares/Third_Party/FreeRTOS/Source/timers.o
 .debug_str     0x000ff3b7     0x87c1 ./Middlewares/Third_Party/FreeRTOS/Source/portable/GCC/ARM_CM4F/port.o
 .debug_str     0x000ff3b7     0xb4e7 ./Middlewares/Third_Party/FreeRTOS/Source/portable/MemMang/heap_4.o

.comment        0x00000000       0x43
 .comment       0x00000000       0x43 ./Core/Src/dma.o
                                 0x44 (size before relaxing)
 .comment       0x00000043       0x44 ./Core/Src/freertos.o
 .comment       0x00000043       0x44 ./Core/Src/gpio.o
 .comment       0x00000043       0x44 ./Core/Src/main.o
 .comment       0x00000043       0x44 ./Core/Src/stm32l4xx_hal_msp.o
 .comment       0x00000043       0x44 ./Core/Src/stm32l4xx_hal_timebase_tim.o
 .comment       0x00000043       0x44 ./Core/Src/stm32l4xx_it.o
 .comment       0x00000043       0x44 ./Core/Src/system_stm32l4xx.o
 .comment       0x00000043       0x44 ./Core/Src/task_can.o
 .comment       0x00000043       0x44 ./Core/Src/task_uart_dma.o
 .comment       0x00000043       0x44 ./Core/Src/usart.o
 .comment       0x00000043       0x44 ./Drivers/BSP/STM32L4xx_Nucleo/stm32l4xx_nucleo.o
 .comment       0x00000043       0x44 ./Drivers/STM32L4xx_HAL_Driver/Src/stm32l4xx_hal.o
 .comment       0x00000043       0x44 ./Drivers/STM32L4xx_HAL_Driver/Src/stm32l4xx_hal_cortex.o
 .comment       0x00000043       0x44 ./Drivers/STM32L4xx_HAL_Driver/Src/stm32l4xx_hal_dma.o
 .comment       0x00000043       0x44 ./Drivers/STM32L4xx_HAL_Driver/Src/stm32l4xx_hal_gpio.o
 .comment       0x00000043       0x44 ./Drivers/STM32L4xx_HAL_Driver/Src/stm32l4xx_hal_pwr_ex.o
 .comment       0x00000043       0x44 ./Drivers/STM32L4xx_HAL_Driver/Src/stm32l4xx_hal_rcc.o
 .comment       0x00000043       0x44 ./Drivers/STM32L4xx_HAL_Driver/Src/stm32l4xx_hal_rcc_ex.o
 .comment       0x00000043       0x44 ./Drivers/STM32L4xx_HAL_Driver/Src/stm32l4xx_hal_tim.o
 .comment       0x00000043       0x44 ./Drivers/STM32L4xx_HAL_Driver/Src/stm32l4xx_hal_tim_ex.o
 .comment       0x00000043       0x44 ./Drivers/STM32L4xx_HAL_Driver/Src/stm32l4xx_hal_uart.o
 .comment       0x00000043       0x44 ./Drivers/STM32L4xx_HAL_Driver/Src/stm32l4xx_hal_uart_ex.o
 .comment       0x00000043       0x44 ./Middlewares/Third_Party/FreeRTOS/Source/CMSIS_RTOS_V2/cmsis_os2.o
 .comment       0x00000043       0x44 ./Middlewares/Third_Party/FreeRTOS/Source/list.o
 .comment       0x00000043       0x44 ./Middlewares/Third_Party/FreeRTOS/Source/queue.o
 .comment       0x00000043       0x44 ./Middlewares/Third_Party/FreeRTOS/Source/tasks.o
 .comment       0x00000043       0x44 ./Middlewares/Third_Party/FreeRTOS/Source/timers.o
 .comment       0x00000043       0x44 ./Middlewares/Third_Party/FreeRTOS/Source/portable/GCC/ARM_CM4F/port.o
 .comment       0x00000043       0x44 ./Middlewares/Third_Party/FreeRTOS/Source/portable/MemMang/heap_4.o

.debug_frame    0x00000000     0x6080
 .debug_frame   0x00000000       0x34 ./Core/Src/dma.o
 .debug_frame   0x00000034       0x4c ./Core/Src/freertos.o
 .debug_frame   0x00000080       0x34 ./Core/Src/gpio.o
 .debug_frame   0x000000b4       0x8c ./Core/Src/main.o
 .debug_frame   0x00000140       0x34 ./Core/Src/stm32l4xx_hal_msp.o
 .debug_frame   0x00000174       0x6c ./Core/Src/stm32l4xx_hal_timebase_tim.o
 .debug_frame   0x000001e0      0x130 ./Core/Src/stm32l4xx_it.o
 .debug_frame   0x00000310       0x50 ./Core/Src/system_stm32l4xx.o
 .debug_frame   0x00000360       0x30 ./Core/Src/task_can.o
 .debug_frame   0x00000390       0x54 ./Core/Src/task_uart_dma.o
 .debug_frame   0x000003e4       0x78 ./Core/Src/usart.o
 .debug_frame   0x0000045c      0x14c ./Drivers/BSP/STM32L4xx_Nucleo/stm32l4xx_nucleo.o
 .debug_frame   0x000005a8      0x424 ./Drivers/STM32L4xx_HAL_Driver/Src/stm32l4xx_hal.o
 .debug_frame   0x000009cc      0x49c ./Drivers/STM32L4xx_HAL_Driver/Src/stm32l4xx_hal_cortex.o
 .debug_frame   0x00000e68      0x1e4 ./Drivers/STM32L4xx_HAL_Driver/Src/stm32l4xx_hal_dma.o
 .debug_frame   0x0000104c      0x130 ./Drivers/STM32L4xx_HAL_Driver/Src/stm32l4xx_hal_gpio.o
 .debug_frame   0x0000117c      0x4ec ./Drivers/STM32L4xx_HAL_Driver/Src/stm32l4xx_hal_pwr_ex.o
 .debug_frame   0x00001668      0x200 ./Drivers/STM32L4xx_HAL_Driver/Src/stm32l4xx_hal_rcc.o
 .debug_frame   0x00001868      0x2d4 ./Drivers/STM32L4xx_HAL_Driver/Src/stm32l4xx_hal_rcc_ex.o
 .debug_frame   0x00001b3c     0x1144 ./Drivers/STM32L4xx_HAL_Driver/Src/stm32l4xx_hal_tim.o
 .debug_frame   0x00002c80      0x66c ./Drivers/STM32L4xx_HAL_Driver/Src/stm32l4xx_hal_tim_ex.o
 .debug_frame   0x000032ec      0x980 ./Drivers/STM32L4xx_HAL_Driver/Src/stm32l4xx_hal_uart.o
 .debug_frame   0x00003c6c      0x1e8 ./Drivers/STM32L4xx_HAL_Driver/Src/stm32l4xx_hal_uart_ex.o
 .debug_frame   0x00003e54      0xb9c ./Middlewares/Third_Party/FreeRTOS/Source/CMSIS_RTOS_V2/cmsis_os2.o
 .debug_frame   0x000049f0       0xc4 ./Middlewares/Third_Party/FreeRTOS/Source/list.o